<html>
<body>
<pre>
<h1>礦ision Build Log</h1>
<h2>Tool Versions:</h2>
IDE-Version: μVision V5.24.2.0
Copyright (C) 2017 ARM Ltd and ARM Germany GmbH. All rights reserved.
License Information: 1 27059, 11, LIC=D0D7S-LPSBI-KP3ZY-I6RSJ-9CMLC-T4JJG
 
Tool Versions:
Toolchain:       MDK-ARM Plus  Version: 5.24.1
Toolchain Path:  D:\Keil5\ARM\ARMCC\Bin
C Compiler:      Armcc.exe V5.06 update 5 (build 528)
Assembler:       Armasm.exe V5.06 update 5 (build 528)
Linker/Locator:  ArmLink.exe V5.06 update 5 (build 528)
Library Manager: ArmAr.exe V5.06 update 5 (build 528)
Hex Converter:   FromElf.exe V5.06 update 5 (build 528)
CPU DLL:         SARMCM3.DLL V5.24.1
Dialog DLL:      DCM.DLL V1.16.0.0
Target DLL:      STLink\ST-LINKIII-KEIL_SWO.dll V3.0.1.0
Dialog DLL:      TCM.DLL V1.32.0.0
 
<h2>Project:</h2>
D:\通风系统\LoraSlave通信测试\MDK-ARM\LoraSlaveV1.0.uvprojx
Project File Date:  08/05/2026

<h2>Output:</h2>
*** Using Compiler 'V5.06 update 5 (build 528)', folder: 'D:\Keil5\ARM\ARMCC\Bin'
Build target 'LoraSlaveV1.0'
compiling main.c...
../Core/Src/main.c(151): warning:  #177-D: variable "temp_val"  was declared but never referenced
      float temp_val, hum_val;
../Core/Src/main.c(151): warning:  #177-D: variable "hum_val"  was declared but never referenced
      float temp_val, hum_val;
../Core/Src/main.c(89): warning:  #177-D: variable "num_i"  was declared but never referenced
    uint32_t num_i=0;
../Core/Src/main.c(336): warning:  #14-D: extra text after expected end of preprocessing directive
  #endif /* USE_FULL_ASSERT */eader */
../Core/Src/main.c: 4 warnings, 0 errors
linking...
Program Size: Code=15620 RO-data=312 RW-data=76 ZI-data=2092  
FromELF: creating hex file...
"LoraSlaveV1.0\LoraSlaveV1.0" - 0 Error(s), 4 Warning(s).

<h2>Software Packages used:</h2>

Package Vendor: ARM
                http://www.keil.com/pack/ARM.CMSIS.5.0.1.pack
                ARM.CMSIS.5.0.1
                CMSIS (Cortex Microcontroller Software Interface Standard)
   * Component: CORE Version: 5.0.1

Package Vendor: Keil
                http://www.keil.com/pack/Keil.STM32F1xx_DFP.2.2.0.pack
                Keil.STM32F1xx_DFP.2.2.0
                STMicroelectronics STM32F1 Series Device Support, Drivers and Examples

<h2>Collection of Component include folders:</h2>
  .\RTE\_LoraSlaveV1.0
  D:\Keil5\ARM\PACK\ARM\CMSIS\5.0.1\CMSIS\Include
  D:\Keil5\ARM\PACK\Keil\STM32F1xx_DFP\2.2.0\Device\Include

<h2>Collection of Component Files used:</h2>

   * Component: ARM::CMSIS:CORE:5.0.1
Build Time Elapsed:  00:00:02
</pre>
</body>
</html>
