Component: ARM Compiler 5.06 update 7 (build 960) Tool: armlink [4d3601]

==============================================================================

Section Cross References

    startup_stm32f103xb.o(RESET) refers to startup_stm32f103xb.o(STACK) for __initial_sp
    startup_stm32f103xb.o(RESET) refers to startup_stm32f103xb.o(.text) for Reset_Handler
    startup_stm32f103xb.o(RESET) refers to stm32f1xx_it.o(i.NMI_Handler) for NMI_Handler
    startup_stm32f103xb.o(RESET) refers to stm32f1xx_it.o(i.HardFault_Handler) for HardFault_Handler
    startup_stm32f103xb.o(RESET) refers to stm32f1xx_it.o(i.MemManage_Handler) for MemManage_Handler
    startup_stm32f103xb.o(RESET) refers to stm32f1xx_it.o(i.BusFault_Handler) for BusFault_Handler
    startup_stm32f103xb.o(RESET) refers to stm32f1xx_it.o(i.UsageFault_Handler) for UsageFault_Handler
    startup_stm32f103xb.o(RESET) refers to port.o(.emb_text) for SVC_Handler
    startup_stm32f103xb.o(RESET) refers to stm32f1xx_it.o(i.DebugMon_Handler) for DebugMon_Handler
    startup_stm32f103xb.o(RESET) refers to port.o(i.SysTick_Handler) for SysTick_Handler
    startup_stm32f103xb.o(RESET) refers to stm32f1xx_it.o(i.TIM1_UP_IRQHandler) for TIM1_UP_IRQHandler
    startup_stm32f103xb.o(RESET) refers to stm32f1xx_it.o(i.TIM2_IRQHandler) for TIM2_IRQHandler
    startup_stm32f103xb.o(RESET) refers to stm32f1xx_it.o(i.TIM4_IRQHandler) for TIM4_IRQHandler
    startup_stm32f103xb.o(RESET) refers to stm32f1xx_it.o(i.USART1_IRQHandler) for USART1_IRQHandler
    startup_stm32f103xb.o(RESET) refers to stm32f1xx_it.o(i.USART2_IRQHandler) for USART2_IRQHandler
    startup_stm32f103xb.o(RESET) refers to stm32f1xx_it.o(i.USART3_IRQHandler) for USART3_IRQHandler
    startup_stm32f103xb.o(.text) refers to system_stm32f1xx.o(i.SystemInit) for SystemInit
    startup_stm32f103xb.o(.text) refers to entry.o(.ARM.Collect$$$$00000000) for __main
    main.o(i.HAL_TIM_PeriodElapsedCallback) refers to stm32f1xx_hal.o(i.HAL_IncTick) for HAL_IncTick
    main.o(i.HAL_TIM_PeriodElapsedCallback) refers to modbus.o(.bss) for ModbusType
    main.o(i.SystemClock_Config) refers to memseta.o(.text) for __aeabi_memclr4
    main.o(i.SystemClock_Config) refers to stm32f1xx_hal_rcc.o(i.HAL_RCC_OscConfig) for HAL_RCC_OscConfig
    main.o(i.SystemClock_Config) refers to main.o(i.Error_Handler) for Error_Handler
    main.o(i.SystemClock_Config) refers to stm32f1xx_hal_rcc.o(i.HAL_RCC_ClockConfig) for HAL_RCC_ClockConfig
    main.o(i.main) refers to stm32f1xx_hal.o(i.HAL_Init) for HAL_Init
    main.o(i.main) refers to main.o(i.SystemClock_Config) for SystemClock_Config
    main.o(i.main) refers to gpio.o(i.MX_GPIO_Init) for MX_GPIO_Init
    main.o(i.main) refers to tim.o(i.MX_TIM4_Init) for MX_TIM4_Init
    main.o(i.main) refers to tim.o(i.MX_TIM2_Init) for MX_TIM2_Init
    main.o(i.main) refers to usart.o(i.MX_USART1_UART_Init) for MX_USART1_UART_Init
    main.o(i.main) refers to usart.o(i.MX_USART2_UART_Init) for MX_USART2_UART_Init
    main.o(i.main) refers to usart.o(i.MX_USART3_UART_Init) for MX_USART3_UART_Init
    main.o(i.main) refers to stm32f1xx_hal_tim.o(i.HAL_TIM_Base_Start_IT) for HAL_TIM_Base_Start_IT
    main.o(i.main) refers to stm32f1xx_hal_uart.o(i.HAL_UART_Receive_IT) for HAL_UART_Receive_IT
    main.o(i.main) refers to stm32f1xx_hal_gpio.o(i.HAL_GPIO_WritePin) for HAL_GPIO_WritePin
    main.o(i.main) refers to dip_swich.o(i.DIP_Switch_Init) for DIP_Switch_Init
    main.o(i.main) refers to lora.o(i.LORA_Init) for LORA_Init
    main.o(i.main) refers to modbus.o(i.ModbusInit) for ModbusInit
    main.o(i.main) refers to freertos.o(i.MX_FREERTOS_Init) for MX_FREERTOS_Init
    main.o(i.main) refers to cmsis_os.o(i.osKernelStart) for osKernelStart
    main.o(i.main) refers to main.o(.data) for .data
    main.o(i.main) refers to tim.o(.bss) for htim4
    main.o(i.main) refers to usart.o(.bss) for huart3
    main.o(i.main) refers to usart.o(.data) for rx2_data
    gpio.o(i.MX_GPIO_Init) refers to stm32f1xx_hal_gpio.o(i.HAL_GPIO_WritePin) for HAL_GPIO_WritePin
    gpio.o(i.MX_GPIO_Init) refers to stm32f1xx_hal_gpio.o(i.HAL_GPIO_Init) for HAL_GPIO_Init
    freertos.o(i.MX_FREERTOS_Init) refers to memcpya.o(.text) for __aeabi_memcpy4
    freertos.o(i.MX_FREERTOS_Init) refers to cmsis_os.o(i.osThreadCreate) for osThreadCreate
    freertos.o(i.MX_FREERTOS_Init) refers to freertos.o(.constdata) for .constdata
    freertos.o(i.MX_FREERTOS_Init) refers to freertos.o(.data) for .data
    freertos.o(i.StartDGUSTask) refers to dgus.o(i.DGUS_WriteSingleData) for DGUS_WriteSingleData
    freertos.o(i.StartDGUSTask) refers to cmsis_os.o(i.osDelay) for osDelay
    freertos.o(i.StartDGUSTask) refers to lora.o(.bss) for LoRaType
    freertos.o(i.StartDefaultTask) refers to cmsis_os.o(i.osDelay) for osDelay
    freertos.o(i.StartLoRaTask) refers to lora.o(i.LoraP2PRX) for LoraP2PRX
    freertos.o(i.StartLoRaTask) refers to dgus.o(i.DGUS_TouchAck) for DGUS_TouchAck
[...]
    ../clib/microlib/init/entry.s            0x00000000   Number         0  entry9b.o ABSOLUTE
    ../clib/microlib/init/entry.s            0x00000000   Number         0  entry7b.o ABSOLUTE
    ../clib/microlib/init/entry.s            0x00000000   Number         0  entry10a.o ABSOLUTE
    ../clib/microlib/init/entry.s            0x00000000   Number         0  entry12a.o ABSOLUTE
    ../clib/microlib/init/entry.s            0x00000000   Number         0  entry.o ABSOLUTE
    ../clib/microlib/init/entry.s            0x00000000   Number         0  entry5.o ABSOLUTE
    ../clib/microlib/longlong.c              0x00000000   Number         0  llshl.o ABSOLUTE
    ../clib/microlib/longlong.c              0x00000000   Number         0  llsshr.o ABSOLUTE
    ../clib/microlib/longlong.c              0x00000000   Number         0  llushr.o ABSOLUTE
    ../clib/microlib/printf/printf.c         0x00000000   Number         0  printf0.o ABSOLUTE
    ../clib/microlib/printf/printf.c         0x00000000   Number         0  printf1.o ABSOLUTE
    ../clib/microlib/printf/printf.c         0x00000000   Number         0  printf2.o ABSOLUTE
    ../clib/microlib/printf/printf.c         0x00000000   Number         0  printf3.o ABSOLUTE
    ../clib/microlib/printf/printf.c         0x00000000   Number         0  printf6.o ABSOLUTE
    ../clib/microlib/printf/printf.c         0x00000000   Number         0  printf4.o ABSOLUTE
    ../clib/microlib/printf/printf.c         0x00000000   Number         0  printf5.o ABSOLUTE
    ../clib/microlib/printf/printf.c         0x00000000   Number         0  printf7.o ABSOLUTE
    ../clib/microlib/printf/printf.c         0x00000000   Number         0  printf8.o ABSOLUTE
    ../clib/microlib/printf/printf.c         0x00000000   Number         0  printfa.o ABSOLUTE
    ../clib/microlib/printf/printf.c         0x00000000   Number         0  printfb.o ABSOLUTE
    ../clib/microlib/printf/stubs.s          0x00000000   Number         0  stubs.o ABSOLUTE
    ../clib/microlib/stdio/streams.c         0x00000000   Number         0  stdout.o ABSOLUTE
    ../clib/microlib/string/memcpy.c         0x00000000   Number         0  memcpyb.o ABSOLUTE
    ../clib/microlib/string/memcpy.c         0x00000000   Number         0  memcpya.o ABSOLUTE
    ../clib/microlib/string/memset.c         0x00000000   Number         0  memseta.o ABSOLUTE
    ../clib/microlib/string/memset.c         0x00000000   Number         0  memset.o ABSOLUTE
    ../clib/microlib/string/strlen.c         0x00000000   Number         0  strlen.o ABSOLUTE
    ../clib/microlib/string/strstr.c         0x00000000   Number         0  strstr.o ABSOLUTE
    ../clib/microlib/stubs.s                 0x00000000   Number         0  iusefp.o ABSOLUTE
    ../clib/scanf.c                          0x00000000   Number         0  _scanf.o ABSOLUTE
    ../clib/scanf.c                          0x00000000   Number         0  _scanf_int.o ABSOLUTE
    ../clib/scanf.c                          0x00000000   Number         0  __0sscanf.o ABSOLUTE
    ../clib/scanf.c                          0x00000000   Number         0  _chval.o ABSOLUTE
    ../clib/scanf.c                          0x00000000   Number         0  scanf_char.o ABSOLUTE
    ../clib/scanf.c                          0x00000000   Number         0  _sgetc.o ABSOLUTE
    ../fplib/microlib/fpadd.c                0x00000000   Number         0  dadd.o ABSOLUTE
    ../fplib/microlib/fpdiv.c                0x00000000   Number         0  ddiv.o ABSOLUTE
    ../fplib/microlib/fpepilogue.c           0x00000000   Number         0  depilogue.o ABSOLUTE
    ../fplib/microlib/fpfix.c                0x00000000   Number         0  dfixul.o ABSOLUTE
    ../fplib/microlib/fpmul.c                0x00000000   Number         0  dmul.o ABSOLUTE
    ..\Bsp\DGUS.c                            0x00000000   Number         0  dgus.o ABSOLUTE
    ..\Bsp\lora.c                            0x00000000   Number         0  lora.o ABSOLUTE
    ..\Bsp\modbus.c                          0x00000000   Number         0  modbus.o ABSOLUTE
    ..\Core\Src\dip_swich.c                  0x00000000   Number         0  dip_swich.o ABSOLUTE
    ..\Core\Src\freertos.c                   0x00000000   Number         0  freertos.o ABSOLUTE
    ..\Core\Src\gpio.c                       0x00000000   Number         0  gpio.o ABSOLUTE
    ..\Core\Src\main.c                       0x00000000   Number         0  main.o ABSOLUTE
    ..\Core\Src\stm32f1xx_hal_msp.c          0x00000000   Number         0  stm32f1xx_hal_msp.o ABSOLUTE
    ..\Core\Src\stm32f1xx_hal_timebase_tim.c 0x00000000   Number         0  stm32f1xx_hal_timebase_tim.o ABSOLUTE
    ..\Core\Src\stm32f1xx_it.c               0x00000000   Number         0  stm32f1xx_it.o ABSOLUTE
    ..\Core\Src\system_stm32f1xx.c           0x00000000   Number         0  system_stm32f1xx.o ABSOLUTE
    ..\Core\Src\tim.c                        0x00000000   Number         0  tim.o ABSOLUTE
    ..\Core\Src\usart.c                      0x00000000   Number         0  usart.o ABSOLUTE
    ..\Drivers\STM32F1xx_HAL_Driver\Src\stm32f1xx_hal.c 0x00000000   Number         0  stm32f1xx_hal.o ABSOLUTE
    ..\Drivers\STM32F1xx_HAL_Driver\Src\stm32f1xx_hal_cortex.c 0x00000000   Number         0  stm32f1xx_hal_cortex.o ABSOLUTE
    ..\Drivers\STM32F1xx_HAL_Driver\Src\stm32f1xx_hal_dma.c 0x00000000   Number         0  stm32f1xx_hal_dma.o ABSOLUTE
    ..\Drivers\STM32F1xx_HAL_Driver\Src\stm32f1xx_hal_exti.c 0x00000000   Number         0  stm32f1xx_hal_exti.o ABSOLUTE
    ..\Drivers\STM32F1xx_HAL_Driver\Src\stm32f1xx_hal_flash.c 0x00000000   Number         0  stm32f1xx_hal_flash.o ABSOLUTE
    ..\Drivers\STM32F1xx_HAL_Driver\Src\stm32f1xx_hal_flash_ex.c 0x00000000   Number         0  stm32f1xx_hal_flash_ex.o ABSOLUTE
    ..\Drivers\STM32F1xx_HAL_Driver\Src\stm32f1xx_hal_gpio.c 0x00000000   Number         0  stm32f1xx_hal_gpio.o ABSOLUTE
    ..\Drivers\STM32F1xx_HAL_Driver\Src\stm32f1xx_hal_gpio_ex.c 0x00000000   Number         0  stm32f1xx_hal_gpio_ex.o ABSOLUTE
    ..\Drivers\STM32F1xx_HAL_Driver\Src\stm32f1xx_hal_pwr.c 0x00000000   Number         0  stm32f1xx_hal_pwr.o ABSOLUTE
    ..\Drivers\STM32F1xx_HAL_Driver\Src\stm32f1xx_hal_rcc.c 0x00000000   Number         0  stm32f1xx_hal_rcc.o ABSOLUTE
    ..\Drivers\STM32F1xx_HAL_Driver\Src\stm32f1xx_hal_rcc_ex.c 0x00000000   Number         0  stm32f1xx_hal_rcc_ex.o ABSOLUTE
    ..\Drivers\STM32F1xx_HAL_Driver\Src\stm32f1xx_hal_tim.c 0x00000000   Number         0  stm32f1xx_hal_tim.o ABSOLUTE
    ..\Drivers\STM32F1xx_HAL_Driver\Src\stm32f1xx_hal_tim_ex.c 0x00000000   Number         0  stm32f1xx_hal_tim_ex.o ABSOLUTE
    ..\Drivers\STM32F1xx_HAL_Driver\Src\stm32f1xx_hal_uart.c 0x00000000   Number         0  stm32f1xx_hal_uart.o ABSOLUTE
    ..\Middlewares\Third_Party\FreeRTOS\Source\CMSIS_RTOS\cmsis_os.c 0x00000000   Number         0  cmsis_os.o ABSOLUTE
    ..\Middlewares\Third_Party\FreeRTOS\Source\portable\RVDS\ARM_CM3\port.c 0x00000000   Number         0  port.o ABSOLUTE
    ..\\Bsp\\DGUS.c                          0x00000000   Number         0  dgus.o ABSOLUTE
    ..\\Bsp\\lora.c                          0x00000000   Number         0  lora.o ABSOLUTE
    ..\\Bsp\\modbus.c                        0x00000000   Number         0  modbus.o ABSOLUTE
    ..\\Core\\Src\\dip_swich.c               0x00000000   Number         0  dip_swich.o ABSOLUTE
    cdrcmple.s                               0x00000000   Number         0  cdrcmple.o ABSOLUTE
    dc.s                                     0x00000000   Number         0  dc.o ABSOLUTE
    handlers.s                               0x00000000   Number         0  handlers.o ABSOLUTE
    init.s                                   0x00000000   Number         0  init.o ABSOLUTE
    startup_stm32f103xb.s                    0x00000000   Number         0  startup_stm32f103xb.o ABSOLUTE
    RESET                                    0x08000000   Section      236  startup_stm32f103xb.o(RESET)
    .ARM.Collect$$$$00000000                 0x080000ec   Section        0  entry.o(.ARM.Collect$$$$00000000)
    .ARM.Collect$$$$00000001                 0x080000ec   Section        4  entry2.o(.ARM.Collect$$$$00000001)
    .ARM.Collect$$$$00000004                 0x080000f0   Section        4  entry5.o(.ARM.Collect$$$$00000004)
    .ARM.Collect$$$$00000008                 0x080000f4   Section        0  entry7b.o(.ARM.Collect$$$$00000008)
    .ARM.Collect$$$$0000000A                 0x080000f4   Section        0  entry8b.o(.ARM.Collect$$$$0000000A)
    .ARM.Collect$$$$0000000B                 0x080000f4   Section        8  entry9a.o(.ARM.Collect$$$$0000000B)
    .ARM.Collect$$$$0000000E                 0x080000fc   Section        4  entry12b.o(.ARM.Collect$$$$0000000E)
    .ARM.Collect$$$$0000000F                 0x08000100   Section        0  entry10a.o(.ARM.Collect$$$$0000000F)
    .ARM.Collect$$$$00000011                 0x08000100   Section        0  entry11a.o(.ARM.Collect$$$$00000011)
    .ARM.Collect$$$$00002712                 0x08000100   Section        4  entry2.o(.ARM.Collect$$$$00002712)
    __lit__00000000                          0x08000100   Data           4  entry2.o(.ARM.Collect$$$$00002712)
    .emb_text                                0x08000104   Section      150  port.o(.emb_text)
    .text                                    0x0800019c   Section       36  startup_stm32f103xb.o(.text)
    .text                                    0x080001c0   Section        0  memcpya.o(.text)
    .text                                    0x080001e4   Section        0  memseta.o(.text)
    .text                                    0x08000208   Section        0  strstr.o(.text)
    .text                                    0x0800022c   Section        0  strlen.o(.text)
    .text                                    0x0800023c   Section        0  __0sscanf.o(.text)
    .text                                    0x08000274   Section        0  _scanf_int.o(.text)
    .text                                    0x080003c0   Section        0  uidiv.o(.text)
    .text                                    0x080003ec   Section        0  _chval.o(.text)
    .text                                    0x08000408   Section        0  scanf_char.o(.text)
    _scanf_char_input                        0x08000409   Thumb Code    12  scanf_char.o(.text)
    .text                                    0x08000430   Section        0  _sgetc.o(.text)
    .text                                    0x08000470   Section       36  init.o(.text)
    .text                                    0x08000494   Section        0  isspace_c.o(.text)
    .text                                    0x080004a0   Section        0  _scanf.o(.text)
    .text                                    0x080007d0   Section        0  ctype_c.o(.text)
    i.BusFault_Handler                       0x080007f8   Section        0  stm32f1xx_it.o(i.BusFault_Handler)
    i.DGUS_Clear                             0x080007fc   Section        0  dgus.o(i.DGUS_Clear)
    i.DGUS_TouchAck                          0x0800083c   Section        0  dgus.o(i.DGUS_TouchAck)
    i.DGUS_WaitRecive                        0x08000cbc   Section        0  dgus.o(i.DGUS_WaitRecive)
    i.DGUS_WriteSingleData                   0x08000d1c   Section        0  dgus.o(i.DGUS_WriteSingleData)
    i.DIP_Switch_Init                        0x08000dc4   Section        0  dip_swich.o(i.DIP_Switch_Init)
    i.DIP_Switch_Read                        0x08000e20   Section        0  dip_swich.o(i.DIP_Switch_Read)
    i.DebugMon_Handler                       0x08000e6c   Section        0  stm32f1xx_it.o(i.DebugMon_Handler)
    i.Error_Handler                          0x08000e6e   Section        0  main.o(i.Error_Handler)
    i.GetModbusCRC16_Cal                     0x08000e72   Section        0  modbus.o(i.GetModbusCRC16_Cal)
    i.HAL_DMA_Abort                          0x08000ea8   Section        0  stm32f1xx_hal_dma.o(i.HAL_DMA_Abort)
    i.HAL_DMA_Abort_IT                       0x08000ef0   Section        0  stm32f1xx_hal_dma.o(i.HAL_DMA_Abort_IT)
    i.HAL_Delay                              0x08000f88   Section        0  stm32f1xx_hal.o(i.HAL_Delay)
    i.HAL_GPIO_Init                          0x08000fac   Section        0  stm32f1xx_hal_gpio.o(i.HAL_GPIO_Init)
    i.HAL_GPIO_ReadPin                       0x0800119c   Section        0  stm32f1xx_hal_gpio.o(i.HAL_GPIO_ReadPin)
    i.HAL_GPIO_WritePin                      0x080011aa   Section        0  stm32f1xx_hal_gpio.o(i.HAL_GPIO_WritePin)
    i.HAL_GetTick                            0x080011b8   Section        0  stm32f1xx_hal.o(i.HAL_GetTick)
    i.HAL_IncTick                            0x080011c4   Section        0  stm32f1xx_hal.o(i.HAL_IncTick)
    i.HAL_Init                               0x080011d4   Section        0  stm32f1xx_hal.o(i.HAL_Init)
    i.HAL_InitTick                           0x080011f8   Section        0  stm32f1xx_hal_timebase_tim.o(i.HAL_InitTick)
    i.HAL_MspInit                            0x08001284   Section        0  stm32f1xx_hal_msp.o(i.HAL_MspInit)
    i.HAL_NVIC_EnableIRQ                     0x080012cc   Section        0  stm32f1xx_hal_cortex.o(i.HAL_NVIC_EnableIRQ)
    i.HAL_NVIC_SetPriority                   0x080012e8   Section        0  stm32f1xx_hal_cortex.o(i.HAL_NVIC_SetPriority)
    i.HAL_NVIC_SetPriorityGrouping           0x08001328   Section        0  stm32f1xx_hal_cortex.o(i.HAL_NVIC_SetPriorityGrouping)
    i.HAL_RCC_ClockConfig                    0x0800134c   Section        0  stm32f1xx_hal_rcc.o(i.HAL_RCC_ClockConfig)
    i.HAL_RCC_GetClockConfig                 0x080014a0   Section        0  stm32f1xx_hal_rcc.o(i.HAL_RCC_GetClockConfig)
    i.HAL_RCC_GetHCLKFreq                    0x080014dc   Section        0  stm32f1xx_hal_rcc.o(i.HAL_RCC_GetHCLKFreq)
    i.HAL_RCC_GetPCLK1Freq                   0x080014e8   Section        0  stm32f1xx_hal_rcc.o(i.HAL_RCC_GetPCLK1Freq)
    i.HAL_RCC_GetPCLK2Freq                   0x08001508   Section        0  stm32f1xx_hal_rcc.o(i.HAL_RCC_GetPCLK2Freq)
    i.HAL_RCC_GetSysClockFreq                0x08001528   Section        0  stm32f1xx_hal_rcc.o(i.HAL_RCC_GetSysClockFreq)
    i.HAL_RCC_OscConfig                      0x08001574   Section        0  stm32f1xx_hal_rcc.o(i.HAL_RCC_OscConfig)
    i.HAL_TIMEx_BreakCallback                0x080018f8   Section        0  stm32f1xx_hal_tim_ex.o(i.HAL_TIMEx_BreakCallback)
    i.HAL_TIMEx_CommutCallback               0x080018fa   Section        0  stm32f1xx_hal_tim_ex.o(i.HAL_TIMEx_CommutCallback)
    i.HAL_TIMEx_MasterConfigSynchronization  0x080018fc   Section        0  stm32f1xx_hal_tim_ex.o(i.HAL_TIMEx_MasterConfigSynchronization)
    i.HAL_TIM_Base_Init                      0x08001964   Section        0  stm32f1xx_hal_tim.o(i.HAL_TIM_Base_Init)
    i.HAL_TIM_Base_MspInit                   0x080019b0   Section        0  tim.o(i.HAL_TIM_Base_MspInit)
    i.HAL_TIM_Base_Start_IT                  0x08001a14   Section        0  stm32f1xx_hal_tim.o(i.HAL_TIM_Base_Start_IT)
    i.HAL_TIM_ConfigClockSource              0x08001a78   Section        0  stm32f1xx_hal_tim.o(i.HAL_TIM_ConfigClockSource)
    i.HAL_TIM_IC_CaptureCallback             0x08001b60   Section        0  stm32f1xx_hal_tim.o(i.HAL_TIM_IC_CaptureCallback)
    i.HAL_TIM_IRQHandler                     0x08001b62   Section        0  stm32f1xx_hal_tim.o(i.HAL_TIM_IRQHandler)
    i.HAL_TIM_OC_DelayElapsedCallback        0x08001cd0   Section        0  stm32f1xx_hal_tim.o(i.HAL_TIM_OC_DelayElapsedCallback)
    i.HAL_TIM_PWM_PulseFinishedCallback      0x08001cd2   Section        0  stm32f1xx_hal_tim.o(i.HAL_TIM_PWM_PulseFinishedCallback)
    i.HAL_TIM_PeriodElapsedCallback          0x08001cd4   Section        0  main.o(i.HAL_TIM_PeriodElapsedCallback)
    i.HAL_TIM_TriggerCallback                0x08001d40   Section        0  stm32f1xx_hal_tim.o(i.HAL_TIM_TriggerCallback)
    i.HAL_UARTEx_RxEventCallback             0x08001d42   Section        0  stm32f1xx_hal_uart.o(i.HAL_UARTEx_RxEventCallback)
    i.HAL_UART_ErrorCallback                 0x08001d44   Section        0  usart.o(i.HAL_UART_ErrorCallback)
    i.HAL_UART_IRQHandler                    0x08001dac   Section        0  stm32f1xx_hal_uart.o(i.HAL_UART_IRQHandler)
    i.HAL_UART_Init                          0x08001fdc   Section        0  stm32f1xx_hal_uart.o(i.HAL_UART_Init)
    i.HAL_UART_MspInit                       0x08002044   Section        0  usart.o(i.HAL_UART_MspInit)
    i.HAL_UART_Receive_IT                    0x08002180   Section        0  stm32f1xx_hal_uart.o(i.HAL_UART_Receive_IT)
    i.HAL_UART_RxCpltCallback                0x0800219c   Section        0  usart.o(i.HAL_UART_RxCpltCallback)
    i.HAL_UART_Transmit                      0x0800225c   Section        0  stm32f1xx_hal_uart.o(i.HAL_UART_Transmit)
    i.HAL_UART_TxCpltCallback                0x08002300   Section        0  stm32f1xx_hal_uart.o(i.HAL_UART_TxCpltCallback)
    i.HardFault_Handler                      0x08002302   Section        0  stm32f1xx_it.o(i.HardFault_Handler)
    i.LORA_Clear                             0x08002304   Section        0  lora.o(i.LORA_Clear)
    i.LORA_Init                              0x08002344   Section        0  lora.o(i.LORA_Init)
    i.LORA_SendCmd                           0x0800260c   Section        0  lora.o(i.LORA_SendCmd)
    i.LORA_WaitRecive                        0x080026f8   Section        0  lora.o(i.LORA_WaitRecive)
    i.LoraP2PRX                              0x08002758   Section        0  lora.o(i.LoraP2PRX)
    i.MX_FREERTOS_Init                       0x080028b8   Section        0  freertos.o(i.MX_FREERTOS_Init)
    i.MX_GPIO_Init                           0x08002920   Section        0  gpio.o(i.MX_GPIO_Init)
    i.MX_TIM2_Init                           0x080029cc   Section        0  tim.o(i.MX_TIM2_Init)
    i.MX_TIM4_Init                           0x08002a34   Section        0  tim.o(i.MX_TIM4_Init)
    i.MX_USART1_UART_Init                    0x08002a9c   Section        0  usart.o(i.MX_USART1_UART_Init)
    i.MX_USART2_UART_Init                    0x08002ad4   Section        0  usart.o(i.MX_USART2_UART_Init)
    i.MX_USART3_UART_Init                    0x08002b0c   Section        0  usart.o(i.MX_USART3_UART_Init)
    i.MemManage_Handler                      0x08002b44   Section        0  stm32f1xx_it.o(i.MemManage_Handler)
    i.ModBusRxProc                           0x08002b48   Section        0  modbus.o(i.ModBusRxProc)
    i.ModbusInit                             0x08002c28   Section        0  modbus.o(i.ModbusInit)
    i.ModbusResetTransaction                 0x08002c38   Section        0  modbus.o(i.ModbusResetTransaction)
    ModbusResetTransaction                   0x08002c39   Thumb Code    36  modbus.o(i.ModbusResetTransaction)
    i.ModbusTxVfdCmd                         0x08002c60   Section        0  modbus.o(i.ModbusTxVfdCmd)
    i.NMI_Handler                            0x08002cd8   Section        0  stm32f1xx_it.o(i.NMI_Handler)
    i.RCC_Delay                              0x08002cdc   Section        0  stm32f1xx_hal_rcc.o(i.RCC_Delay)
    RCC_Delay                                0x08002cdd   Thumb Code    30  stm32f1xx_hal_rcc.o(i.RCC_Delay)
    i.StartDGUSTask                          0x08002d00   Section        0  freertos.o(i.StartDGUSTask)
    i.StartDefaultTask                       0x08002d40   Section        0  freertos.o(i.StartDefaultTask)
    i.StartLoRaTask                          0x08002d48   Section        0  freertos.o(i.StartLoRaTask)
    i.StartModBusTask                        0x08002d58   Section        0  freertos.o(i.StartModBusTask)
    i.SysTick_Handler                        0x08002d64   Section        0  port.o(i.SysTick_Handler)
    i.SystemClock_Config                     0x08002d90   Section        0  main.o(i.SystemClock_Config)
    i.SystemInit                             0x08002dee   Section        0  system_stm32f1xx.o(i.SystemInit)
    i.TIM1_UP_IRQHandler                     0x08002df0   Section        0  stm32f1xx_it.o(i.TIM1_UP_IRQHandler)
    i.TIM2_IRQHandler                        0x08002dfc   Section        0  stm32f1xx_it.o(i.TIM2_IRQHandler)
    i.TIM4_IRQHandler                        0x08002e08   Section        0  stm32f1xx_it.o(i.TIM4_IRQHandler)
    i.TIM_Base_SetConfig                     0x08002e14   Section        0  stm32f1xx_hal_tim.o(i.TIM_Base_SetConfig)
    i.TIM_ETR_SetConfig                      0x08002e80   Section        0  stm32f1xx_hal_tim.o(i.TIM_ETR_SetConfig)
    i.TIM_ITRx_SetConfig                     0x08002e94   Section        0  stm32f1xx_hal_tim.o(i.TIM_ITRx_SetConfig)
    TIM_ITRx_SetConfig                       0x08002e95   Thumb Code    16  stm32f1xx_hal_tim.o(i.TIM_ITRx_SetConfig)
    i.TIM_TI1_ConfigInputStage               0x08002ea4   Section        0  stm32f1xx_hal_tim.o(i.TIM_TI1_ConfigInputStage)
    TIM_TI1_ConfigInputStage                 0x08002ea5   Thumb Code    34  stm32f1xx_hal_tim.o(i.TIM_TI1_ConfigInputStage)
    i.TIM_TI2_ConfigInputStage               0x08002ec6   Section        0  stm32f1xx_hal_tim.o(i.TIM_TI2_ConfigInputStage)
    TIM_TI2_ConfigInputStage                 0x08002ec7   Thumb Code    36  stm32f1xx_hal_tim.o(i.TIM_TI2_ConfigInputStage)
    i.UART_DMAAbortOnError                   0x08002eea   Section        0  stm32f1xx_hal_uart.o(i.UART_DMAAbortOnError)
    UART_DMAAbortOnError                     0x08002eeb   Thumb Code    16  stm32f1xx_hal_uart.o(i.UART_DMAAbortOnError)
    i.UART_EndRxTransfer                     0x08002efa   Section        0  stm32f1xx_hal_uart.o(i.UART_EndRxTransfer)
    UART_EndRxTransfer                       0x08002efb   Thumb Code    78  stm32f1xx_hal_uart.o(i.UART_EndRxTransfer)
    i.UART_EndTransmit_IT                    0x08002f48   Section        0  stm32f1xx_hal_uart.o(i.UART_EndTransmit_IT)
    UART_EndTransmit_IT                      0x08002f49   Thumb Code    26  stm32f1xx_hal_uart.o(i.UART_EndTransmit_IT)
    i.UART_Receive_IT                        0x08002f62   Section        0  stm32f1xx_hal_uart.o(i.UART_Receive_IT)
    UART_Receive_IT                          0x08002f63   Thumb Code   200  stm32f1xx_hal_uart.o(i.UART_Receive_IT)
    i.UART_SetConfig                         0x0800302c   Section        0  stm32f1xx_hal_uart.o(i.UART_SetConfig)
    UART_SetConfig                           0x0800302d   Thumb Code   178  stm32f1xx_hal_uart.o(i.UART_SetConfig)
    i.UART_Start_Receive_IT                  0x080030e4   Section        0  stm32f1xx_hal_uart.o(i.UART_Start_Receive_IT)
    i.UART_StoreRxByte                       0x0800311c   Section        0  usart.o(i.UART_StoreRxByte)
    UART_StoreRxByte                         0x0800311d   Thumb Code    40  usart.o(i.UART_StoreRxByte)
    i.UART_Transmit_IT                       0x08003144   Section        0  stm32f1xx_hal_uart.o(i.UART_Transmit_IT)
    UART_Transmit_IT                         0x08003145   Thumb Code    94  stm32f1xx_hal_uart.o(i.UART_Transmit_IT)
    i.UART_WaitOnFlagUntilTimeout            0x080031a2   Section        0  stm32f1xx_hal_uart.o(i.UART_WaitOnFlagUntilTimeout)
    UART_WaitOnFlagUntilTimeout              0x080031a3   Thumb Code   116  stm32f1xx_hal_uart.o(i.UART_WaitOnFlagUntilTimeout)
    i.USART1_IRQHandler                      0x08003218   Section        0  stm32f1xx_it.o(i.USART1_IRQHandler)
    i.USART2_IRQHandler                      0x08003224   Section        0  stm32f1xx_it.o(i.USART2_IRQHandler)
    i.USART3_IRQHandler                      0x08003230   Section        0  stm32f1xx_it.o(i.USART3_IRQHandler)
    i.UsageFault_Handler                     0x0800323c   Section        0  stm32f1xx_it.o(i.UsageFault_Handler)
    i.Usart_SendString                       0x0800323e   Section        0  usart.o(i.Usart_SendString)
    i.__0sprintf$1                           0x0800326c   Section        0  printf1.o(i.__0sprintf$1)
    i.__NVIC_SetPriority                     0x08003294   Section        0  stm32f1xx_hal_cortex.o(i.__NVIC_SetPriority)
    __NVIC_SetPriority                       0x08003295   Thumb Code    32  stm32f1xx_hal_cortex.o(i.__NVIC_SetPriority)
    i.__scatterload_copy                     0x080032b4   Section       14  handlers.o(i.__scatterload_copy)
    i.__scatterload_null                     0x080032c2   Section        2  handlers.o(i.__scatterload_null)
    i.__scatterload_zeroinit                 0x080032c4   Section       14  handlers.o(i.__scatterload_zeroinit)
    i._printf_core                           0x080032d4   Section        0  printf1.o(i._printf_core)
    _printf_core                             0x080032d5   Thumb Code   336  printf1.o(i._printf_core)
    i._sputc                                 0x08003428   Section        0  printf1.o(i._sputc)
    _sputc                                   0x08003429   Thumb Code    10  printf1.o(i._sputc)
    i.main                                   0x08003434   Section        0  main.o(i.main)
    i.makeFreeRtosPriority                   0x080034e0   Section        0  cmsis_os.o(i.makeFreeRtosPriority)
    makeFreeRtosPriority                     0x080034e1   Thumb Code    12  cmsis_os.o(i.makeFreeRtosPriority)
    i.osDelay                                0x080034ec   Section        0  cmsis_os.o(i.osDelay)
    i.osKernelStart                          0x080034fc   Section        0  cmsis_os.o(i.osKernelStart)
    i.osThreadCreate                         0x08003506   Section        0  cmsis_os.o(i.osThreadCreate)
    i.prvAddCurrentTaskToDelayedList         0x08003560   Section        0  tasks.o(i.prvAddCurrentTaskToDelayedList)
    prvAddCurrentTaskToDelayedList           0x08003561   Thumb Code   104  tasks.o(i.prvAddCurrentTaskToDelayedList)
    i.prvAddNewTaskToReadyList               0x080035d0   Section        0  tasks.o(i.prvAddNewTaskToReadyList)
    prvAddNewTaskToReadyList                 0x080035d1   Thumb Code   124  tasks.o(i.prvAddNewTaskToReadyList)
    i.prvCheckTasksWaitingTermination        0x08003658   Section        0  tasks.o(i.prvCheckTasksWaitingTermination)
    prvCheckTasksWaitingTermination          0x08003659   Thumb Code    52  tasks.o(i.prvCheckTasksWaitingTermination)
    i.prvDeleteTCB                           0x08003694   Section        0  tasks.o(i.prvDeleteTCB)
    prvDeleteTCB                             0x08003695   Thumb Code    64  tasks.o(i.prvDeleteTCB)
    i.prvHeapInit                            0x080036d4   Section        0  heap_4.o(i.prvHeapInit)
    prvHeapInit                              0x080036d5   Thumb Code    68  heap_4.o(i.prvHeapInit)
    i.prvIdleTask                            0x08003720   Section        0  tasks.o(i.prvIdleTask)
    prvIdleTask                              0x08003721   Thumb Code    30  tasks.o(i.prvIdleTask)
    i.prvInitialiseNewTask                   0x08003748   Section        0  tasks.o(i.prvInitialiseNewTask)
    prvInitialiseNewTask                     0x08003749   Thumb Code   142  tasks.o(i.prvInitialiseNewTask)
    i.prvInitialiseTaskLists                 0x080037d8   Section        0  tasks.o(i.prvInitialiseTaskLists)
    prvInitialiseTaskLists                   0x080037d9   Thumb Code    78  tasks.o(i.prvInitialiseTaskLists)
    i.prvInsertBlockIntoFreeList             0x08003830   Section        0  heap_4.o(i.prvInsertBlockIntoFreeList)
    prvInsertBlockIntoFreeList               0x08003831   Thumb Code    78  heap_4.o(i.prvInsertBlockIntoFreeList)
    i.prvResetNextTaskUnblockTime            0x08003884   Section        0  tasks.o(i.prvResetNextTaskUnblockTime)
    prvResetNextTaskUnblockTime              0x08003885   Thumb Code    30  tasks.o(i.prvResetNextTaskUnblockTime)
    i.prvTaskExitError                       0x080038a8   Section        0  port.o(i.prvTaskExitError)
    prvTaskExitError                         0x080038a9   Thumb Code    40  port.o(i.prvTaskExitError)
    i.pvPortMalloc                           0x080038d4   Section        0  heap_4.o(i.pvPortMalloc)
    i.pxPortInitialiseStack                  0x080039a8   Section        0  port.o(i.pxPortInitialiseStack)
    i.uxListRemove                           0x080039c4   Section        0  list.o(i.uxListRemove)
    i.vApplicationGetIdleTaskMemory          0x080039ec   Section        0  freertos.o(i.vApplicationGetIdleTaskMemory)
    i.vListInitialise                        0x08003a00   Section        0  list.o(i.vListInitialise)
    i.vListInitialiseItem                    0x08003a16   Section        0  list.o(i.vListInitialiseItem)
    i.vListInsert                            0x08003a1c   Section        0  list.o(i.vListInsert)
    i.vListInsertEnd                         0x08003a4c   Section        0  list.o(i.vListInsertEnd)
    i.vPortEnterCritical                     0x08003a64   Section        0  port.o(i.vPortEnterCritical)
    i.vPortExitCritical                      0x08003aa4   Section        0  port.o(i.vPortExitCritical)
    i.vPortFree                              0x08003ad0   Section        0  heap_4.o(i.vPortFree)
    i.vPortSetupTimerInterrupt               0x08003b2c   Section        0  port.o(i.vPortSetupTimerInterrupt)
    i.vTaskDelay                             0x08003b50   Section        0  tasks.o(i.vTaskDelay)
    i.vTaskStartScheduler                    0x08003ba0   Section        0  tasks.o(i.vTaskStartScheduler)
    i.vTaskSuspendAll                        0x08003c28   Section        0  tasks.o(i.vTaskSuspendAll)
    i.vTaskSwitchContext                     0x08003c38   Section        0  tasks.o(i.vTaskSwitchContext)
    i.xPortStartScheduler                    0x08003c98   Section        0  port.o(i.xPortStartScheduler)
    i.xTaskCreate                            0x08003d40   Section        0  tasks.o(i.xTaskCreate)
    i.xTaskCreateStatic                      0x08003da4   Section        0  tasks.o(i.xTaskCreateStatic)
    i.xTaskIncrementTick                     0x08003e00   Section        0  tasks.o(i.xTaskIncrementTick)
    i.xTaskResumeAll                         0x08003ecc   Section        0  tasks.o(i.xTaskResumeAll)
    .constdata                               0x08003f98   Section      112  freertos.o(.constdata)
    .constdata                               0x08004008   Section       18  stm32f1xx_hal_rcc.o(.constdata)
    aPredivFactorTable                       0x08004008   Data           2  stm32f1xx_hal_rcc.o(.constdata)
    aPLLMULFactorTable                       0x0800400a   Data          16  stm32f1xx_hal_rcc.o(.constdata)
    .constdata                               0x0800401a   Section       16  system_stm32f1xx.o(.constdata)
    .constdata                               0x0800402a   Section        8  system_stm32f1xx.o(.constdata)
    .constdata                               0x08004034   Section      196  dgus.o(.constdata)
    .constdata                               0x080040f8   Section       64  ctype_c.o(.constdata)
    .conststring                             0x08004138   Section       48  freertos.o(.conststring)
    .conststring                             0x08004168   Section       98  lora.o(.conststring)
    .data                                    0x20000000   Section        8  main.o(.data)
    .data                                    0x20000008   Section       16  freertos.o(.data)
    .data                                    0x20000018   Section        8  usart.o(.data)
    .data                                    0x20000020   Section       12  stm32f1xx_hal.o(.data)
    .data                                    0x2000002c   Section        4  system_stm32f1xx.o(.data)
    .data                                    0x20000030   Section        8  lora.o(.data)
    LORA_commandFailures                     0x20000030   Data           1  lora.o(.data)
    LORA_lastCommand                         0x20000034   Data           4  lora.o(.data)
    .data                                    0x20000038   Section        2  dgus.o(.data)
    .data                                    0x2000003c   Section       60  tasks.o(.data)
    pxDelayedTaskList                        0x20000040   Data           4  tasks.o(.data)
    pxOverflowDelayedTaskList                0x20000044   Data           4  tasks.o(.data)
    uxDeletedTasksWaitingCleanUp             0x20000048   Data           4  tasks.o(.data)
    uxCurrentNumberOfTasks                   0x2000004c   Data           4  tasks.o(.data)
    xTickCount                               0x20000050   Data           4  tasks.o(.data)
    uxTopReadyPriority                       0x20000054   Data           4  tasks.o(.data)
    xSchedulerRunning                        0x20000058   Data           4  tasks.o(.data)
    uxPendedTicks                            0x2000005c   Data           4  tasks.o(.data)
    xYieldPending                            0x20000060   Data           4  tasks.o(.data)
    xNumOfOverflows                          0x20000064   Data           4  tasks.o(.data)
    uxTaskNumber                             0x20000068   Data           4  tasks.o(.data)
    xNextTaskUnblockTime                     0x2000006c   Data           4  tasks.o(.data)
    xIdleTaskHandle                          0x20000070   Data           4  tasks.o(.data)
    uxSchedulerSuspended                     0x20000074   Data           4  tasks.o(.data)
    .data                                    0x20000078   Section       24  heap_4.o(.data)
    pxEnd                                    0x20000078   Data           4  heap_4.o(.data)
    xFreeBytesRemaining                      0x2000007c   Data           4  heap_4.o(.data)
    xMinimumEverFreeBytesRemaining           0x20000080   Data           4  heap_4.o(.data)
    xBlockAllocatedBit                       0x20000084   Data           4  heap_4.o(.data)
    xStart                                   0x20000088   Data           8  heap_4.o(.data)
    .data                                    0x20000090   Section       12  port.o(.data)
    ucMaxSysCallPriority                     0x20000090   Data           1  port.o(.data)
    uxCriticalNesting                        0x20000094   Data           4  port.o(.data)
    ulMaxPRIGROUPValue                       0x20000098   Data           4  port.o(.data)
    .bss                                     0x2000009c   Section      596  freertos.o(.bss)
    xIdleTaskTCBBuffer                       0x2000009c   Data          84  freertos.o(.bss)
    xIdleStack                               0x200000f0   Data         512  freertos.o(.bss)
    .bss                                     0x200002f0   Section      144  tim.o(.bss)
    .bss                                     0x20000380   Section      416  usart.o(.bss)
    .bss                                     0x20000520   Section       72  stm32f1xx_hal_timebase_tim.o(.bss)
    .bss                                     0x20000568   Section       52  lora.o(.bss)
    .bss                                     0x2000059c   Section      216  modbus.o(.bss)
    .bss                                     0x20000674   Section      240  tasks.o(.bss)
    pxReadyTasksLists                        0x20000674   Data         140  tasks.o(.bss)
    xDelayedTaskList1                        0x20000700   Data          20  tasks.o(.bss)
    xDelayedTaskList2                        0x20000714   Data          20  tasks.o(.bss)
    xPendingReadyList                        0x20000728   Data          20  tasks.o(.bss)
    xTasksWaitingTermination                 0x2000073c   Data          20  tasks.o(.bss)
    xSuspendedTaskList                       0x20000750   Data          20  tasks.o(.bss)
    .bss                                     0x20000764   Section     3072  heap_4.o(.bss)
    ucHeap                                   0x20000764   Data        3072  heap_4.o(.bss)
    STACK                                    0x20001368   Section     1024  startup_stm32f103xb.o(STACK)

    Global Symbols

    Symbol Name                              Value     Ov Type        Size  Object(Section)

    BuildAttributes$$THM_ISAv4$P$D$K$B$S$PE$A:L22UL41UL21$X:L11$S22US41US21$IEEE1$IW$USESV6$~STKCKD$USESV7$~SHL$OSPACE$ROPI$EBA8$MICROLIB$REQ8$PRES8$EABIv2 0x00000000   Number         0  anon$$obj.o ABSOLUTE
    __ARM_use_no_argv                        0x00000000   Number         0  main.o ABSOLUTE
    _printf_a                                0x00000000   Number         0  stubs.o ABSOLUTE
    _printf_c                                0x00000000   Number         0  stubs.o ABSOLUTE
    _printf_charcount                        0x00000000   Number         0  stubs.o ABSOLUTE
    _printf_d                                0x00000000   Number         0  stubs.o ABSOLUTE
    _printf_e                                0x00000000   Number         0  stubs.o ABSOLUTE
    _printf_f                                0x00000000   Number         0  stubs.o ABSOLUTE
    _printf_flags                            0x00000000   Number         0  stubs.o ABSOLUTE
    _printf_fp_dec                           0x00000000   Number         0  stubs.o ABSOLUTE
    _printf_fp_hex                           0x00000000   Number         0  stubs.o ABSOLUTE
    _printf_g                                0x00000000   Number         0  stubs.o ABSOLUTE
    _printf_i                                0x00000000   Number         0  stubs.o ABSOLUTE
    _printf_int_dec                          0x00000000   Number         0  stubs.o ABSOLUTE
    _printf_l                                0x00000000   Number         0  stubs.o ABSOLUTE
    _printf_lc                               0x00000000   Number         0  stubs.o ABSOLUTE
    _printf_ll                               0x00000000   Number         0  stubs.o ABSOLUTE
    _printf_lld                              0x00000000   Number         0  stubs.o ABSOLUTE
    _printf_lli                              0x00000000   Number         0  stubs.o ABSOLUTE
    _printf_llo                              0x00000000   Number         0  stubs.o ABSOLUTE
    _printf_llu                              0x00000000   Number         0  stubs.o ABSOLUTE
    _printf_llx                              0x00000000   Number         0  stubs.o ABSOLUTE
    _printf_longlong_dec                     0x00000000   Number         0  stubs.o ABSOLUTE
    _printf_longlong_hex                     0x00000000   Number         0  stubs.o ABSOLUTE
    _printf_longlong_oct                     0x00000000   Number         0  stubs.o ABSOLUTE
    _printf_ls                               0x00000000   Number         0  stubs.o ABSOLUTE
    _printf_mbtowc                           0x00000000   Number         0  stubs.o ABSOLUTE
    _printf_n                                0x00000000   Number         0  stubs.o ABSOLUTE
    _printf_o                                0x00000000   Number         0  stubs.o ABSOLUTE
    _printf_p                                0x00000000   Number         0  stubs.o ABSOLUTE
    _printf_percent                          0x00000000   Number         0  stubs.o ABSOLUTE
    _printf_pre_padding                      0x00000000   Number         0  stubs.o ABSOLUTE
    _printf_return_value                     0x00000000   Number         0  stubs.o ABSOLUTE
    _printf_s                                0x00000000   Number         0  stubs.o ABSOLUTE
    _printf_sizespec                         0x00000000   Number         0  stubs.o ABSOLUTE
    _printf_str                              0x00000000   Number         0  stubs.o ABSOLUTE
    _printf_truncate_signed                  0x00000000   Number         0  stubs.o ABSOLUTE
    _printf_truncate_unsigned                0x00000000   Number         0  stubs.o ABSOLUTE
    _printf_u                                0x00000000   Number         0  stubs.o ABSOLUTE
    _printf_wc                               0x00000000   Number         0  stubs.o ABSOLUTE
    _printf_wctomb                           0x00000000   Number         0  stubs.o ABSOLUTE
    _printf_widthprec                        0x00000000   Number         0  stubs.o ABSOLUTE
    _printf_x                                0x00000000   Number         0  stubs.o ABSOLUTE
    __arm_fini_                               - Undefined Weak Reference
    __cpp_initialize__aeabi_                  - Undefined Weak Reference
    __cxa_finalize                            - Undefined Weak Reference
    __decompress                              - Undefined Weak Reference
    _clock_init                               - Undefined Weak Reference
    _microlib_exit                            - Undefined Weak Reference
    _scanf_longlong                           - Undefined Weak Reference
    _scanf_real                               - Undefined Weak Reference
    _scanf_string                             - Undefined Weak Reference
    __Vectors_Size                           0x000000ec   Number         0  startup_stm32f103xb.o ABSOLUTE
    __Vectors                                0x08000000   Data           4  startup_stm32f103xb.o(RESET)
    __Vectors_End                            0x080000ec   Data           0  startup_stm32f103xb.o(RESET)
    __main                                   0x080000ed   Thumb Code     0  entry.o(.ARM.Collect$$$$00000000)
    _main_stk                                0x080000ed   Thumb Code     0  entry2.o(.ARM.Collect$$$$00000001)
    _main_scatterload                        0x080000f1   Thumb Code     0  entry5.o(.ARM.Collect$$$$00000004)
    __main_after_scatterload                 0x080000f5   Thumb Code     0  entry5.o(.ARM.Collect$$$$00000004)
    _main_clock                              0x080000f5   Thumb Code     0  entry7b.o(.ARM.Collect$$$$00000008)
    _main_cpp_init                           0x080000f5   Thumb Code     0  entry8b.o(.ARM.Collect$$$$0000000A)
    _main_init                               0x080000f5   Thumb Code     0  entry9a.o(.ARM.Collect$$$$0000000B)
    __rt_lib_shutdown_fini                   0x080000fd   Thumb Code     0  entry12b.o(.ARM.Collect$$$$0000000E)
    __rt_final_cpp                           0x08000101   Thumb Code     0  entry10a.o(.ARM.Collect$$$$0000000F)
    __rt_final_exit                          0x08000101   Thumb Code     0  entry11a.o(.ARM.Collect$$$$00000011)
    SVC_Handler                              0x08000105   Thumb Code    32  port.o(.emb_text)
    __asm___6_port_c_39a90d8d__prvStartFirstTask 0x08000129   Thumb Code    28  port.o(.emb_text)
    PendSV_Handler                           0x08000149   Thumb Code    72  port.o(.emb_text)
    vPortGetIPSR                             0x08000195   Thumb Code     6  port.o(.emb_text)
    Reset_Handler                            0x0800019d   Thumb Code     8  startup_stm32f103xb.o(.text)
    ADC1_2_IRQHandler                        0x080001b7   Thumb Code     0  startup_stm32f103xb.o(.text)
    CAN1_RX1_IRQHandler                      0x080001b7   Thumb Code     0  startup_stm32f103xb.o(.text)
    CAN1_SCE_IRQHandler                      0x080001b7   Thumb Code     0  startup_stm32f103xb.o(.text)
    DMA1_Channel1_IRQHandler                 0x080001b7   Thumb Code     0  startup_stm32f103xb.o(.text)
    DMA1_Channel2_IRQHandler                 0x080001b7   Thumb Code     0  startup_stm32f103xb.o(.text)
    DMA1_Channel3_IRQHandler                 0x080001b7   Thumb Code     0  startup_stm32f103xb.o(.text)
    DMA1_Channel4_IRQHandler                 0x080001b7   Thumb Code     0  startup_stm32f103xb.o(.text)
    DMA1_Channel5_IRQHandler                 0x080001b7   Thumb Code     0  startup_stm32f103xb.o(.text)
    DMA1_Channel6_IRQHandler                 0x080001b7   Thumb Code     0  startup_stm32f103xb.o(.text)
    DMA1_Channel7_IRQHandler                 0x080001b7   Thumb Code     0  startup_stm32f103xb.o(.text)
    EXTI0_IRQHandler                         0x080001b7   Thumb Code     0  startup_stm32f103xb.o(.text)
    EXTI15_10_IRQHandler                     0x080001b7   Thumb Code     0  startup_stm32f103xb.o(.text)
    EXTI1_IRQHandler                         0x080001b7   Thumb Code     0  startup_stm32f103xb.o(.text)
    EXTI2_IRQHandler                         0x080001b7   Thumb Code     0  startup_stm32f103xb.o(.text)
    EXTI3_IRQHandler                         0x080001b7   Thumb Code     0  startup_stm32f103xb.o(.text)
    EXTI4_IRQHandler                         0x080001b7   Thumb Code     0  startup_stm32f103xb.o(.text)
    EXTI9_5_IRQHandler                       0x080001b7   Thumb Code     0  startup_stm32f103xb.o(.text)
    FLASH_IRQHandler                         0x080001b7   Thumb Code     0  startup_stm32f103xb.o(.text)
    I2C1_ER_IRQHandler                       0x080001b7   Thumb Code     0  startup_stm32f103xb.o(.text)
    I2C1_EV_IRQHandler                       0x080001b7   Thumb Code     0  startup_stm32f103xb.o(.text)
    I2C2_ER_IRQHandler                       0x080001b7   Thumb Code     0  startup_stm32f103xb.o(.text)
    I2C2_EV_IRQHandler                       0x080001b7   Thumb Code     0  startup_stm32f103xb.o(.text)
    PVD_IRQHandler                           0x080001b7   Thumb Code     0  startup_stm32f103xb.o(.text)
    RCC_IRQHandler                           0x080001b7   Thumb Code     0  startup_stm32f103xb.o(.text)
    RTC_Alarm_IRQHandler                     0x080001b7   Thumb Code     0  startup_stm32f103xb.o(.text)
    RTC_IRQHandler                           0x080001b7   Thumb Code     0  startup_stm32f103xb.o(.text)
    SPI1_IRQHandler                          0x080001b7   Thumb Code     0  startup_stm32f103xb.o(.text)
    SPI2_IRQHandler                          0x080001b7   Thumb Code     0  startup_stm32f103xb.o(.text)
    TAMPER_IRQHandler                        0x080001b7   Thumb Code     0  startup_stm32f103xb.o(.text)
    TIM1_BRK_IRQHandler                      0x080001b7   Thumb Code     0  startup_stm32f103xb.o(.text)
    TIM1_CC_IRQHandler                       0x080001b7   Thumb Code     0  startup_stm32f103xb.o(.text)
    TIM1_TRG_COM_IRQHandler                  0x080001b7   Thumb Code     0  startup_stm32f103xb.o(.text)
    TIM3_IRQHandler                          0x080001b7   Thumb Code     0  startup_stm32f103xb.o(.text)
    USBWakeUp_IRQHandler                     0x080001b7   Thumb Code     0  startup_stm32f103xb.o(.text)
    USB_HP_CAN1_TX_IRQHandler                0x080001b7   Thumb Code     0  startup_stm32f103xb.o(.text)
    USB_LP_CAN1_RX0_IRQHandler               0x080001b7   Thumb Code     0  startup_stm32f103xb.o(.text)
    WWDG_IRQHandler                          0x080001b7   Thumb Code     0  startup_stm32f103xb.o(.text)
    __aeabi_memcpy                           0x080001c1   Thumb Code    36  memcpya.o(.text)
    __aeabi_memcpy4                          0x080001c1   Thumb Code     0  memcpya.o(.text)
    __aeabi_memcpy8                          0x080001c1   Thumb Code     0  memcpya.o(.text)
    __aeabi_memset                           0x080001e5   Thumb Code    14  memseta.o(.text)
    __aeabi_memset4                          0x080001e5   Thumb Code     0  memseta.o(.text)
    __aeabi_memset8                          0x080001e5   Thumb Code     0  memseta.o(.text)
    __aeabi_memclr                           0x080001f3   Thumb Code     4  memseta.o(.text)
    __aeabi_memclr4                          0x080001f3   Thumb Code     0  memseta.o(.text)
    __aeabi_memclr8                          0x080001f3   Thumb Code     0  memseta.o(.text)
    memset                                   0x080001f7   Thumb Code    18  memseta.o(.text)
    strstr                                   0x08000209   Thumb Code    36  strstr.o(.text)
    strlen                                   0x0800022d   Thumb Code    14  strlen.o(.text)
    __0sscanf                                0x0800023d   Thumb Code    48  __0sscanf.o(.text)
    _scanf_int                               0x08000275   Thumb Code   332  _scanf_int.o(.text)
    __aeabi_uidiv                            0x080003c1   Thumb Code     0  uidiv.o(.text)
    __aeabi_uidivmod                         0x080003c1   Thumb Code    44  uidiv.o(.text)
    _chval                                   0x080003ed   Thumb Code    28  _chval.o(.text)
    __vfscanf_char                           0x08000415   Thumb Code    20  scanf_char.o(.text)
    _sgetc                                   0x08000431   Thumb Code    30  _sgetc.o(.text)
    _sbackspace                              0x0800044f   Thumb Code    34  _sgetc.o(.text)
    __scatterload                            0x08000471   Thumb Code    28  init.o(.text)
    __scatterload_rt2                        0x08000471   Thumb Code     0  init.o(.text)
    isspace                                  0x08000495   Thumb Code    10  isspace_c.o(.text)
    __vfscanf                                0x080004a1   Thumb Code   810  _scanf.o(.text)
    __ctype_lookup                           0x080007d1   Thumb Code    34  ctype_c.o(.text)
    BusFault_Handler                         0x080007f9   Thumb Code     2  stm32f1xx_it.o(i.BusFault_Handler)
    DGUS_Clear                               0x080007fd   Thumb Code    42  dgus.o(i.DGUS_Clear)
    DGUS_TouchAck                            0x0800083d   Thumb Code  1146  dgus.o(i.DGUS_TouchAck)
    DGUS_WaitRecive                          0x08000cbd   Thumb Code    78  dgus.o(i.DGUS_WaitRecive)
    DGUS_WriteSingleData                     0x08000d1d   Thumb Code   158  dgus.o(i.DGUS_WriteSingleData)
    DIP_Switch_Init                          0x08000dc5   Thumb Code    78  dip_swich.o(i.DIP_Switch_Init)
    DIP_Switch_Read                          0x08000e21   Thumb Code    66  dip_swich.o(i.DIP_Switch_Read)
    DebugMon_Handler                         0x08000e6d   Thumb Code     2  stm32f1xx_it.o(i.DebugMon_Handler)
    Error_Handler                            0x08000e6f   Thumb Code     4  main.o(i.Error_Handler)
    GetModbusCRC16_Cal                       0x08000e73   Thumb Code    54  modbus.o(i.GetModbusCRC16_Cal)
    HAL_DMA_Abort                            0x08000ea9   Thumb Code    70  stm32f1xx_hal_dma.o(i.HAL_DMA_Abort)
    HAL_DMA_Abort_IT                         0x08000ef1   Thumb Code   148  stm32f1xx_hal_dma.o(i.HAL_DMA_Abort_IT)
    HAL_Delay                                0x08000f89   Thumb Code    32  stm32f1xx_hal.o(i.HAL_Delay)
    HAL_GPIO_Init                            0x08000fad   Thumb Code   464  stm32f1xx_hal_gpio.o(i.HAL_GPIO_Init)
    HAL_GPIO_ReadPin                         0x0800119d   Thumb Code    14  stm32f1xx_hal_gpio.o(i.HAL_GPIO_ReadPin)
    HAL_GPIO_WritePin                        0x080011ab   Thumb Code    14  stm32f1xx_hal_gpio.o(i.HAL_GPIO_WritePin)
    HAL_GetTick                              0x080011b9   Thumb Code     6  stm32f1xx_hal.o(i.HAL_GetTick)
    HAL_IncTick                              0x080011c5   Thumb Code    12  stm32f1xx_hal.o(i.HAL_IncTick)
    HAL_Init                                 0x080011d5   Thumb Code    32  stm32f1xx_hal.o(i.HAL_Init)
    HAL_InitTick                             0x080011f9   Thumb Code   118  stm32f1xx_hal_timebase_tim.o(i.HAL_InitTick)
    HAL_MspInit                              0x08001285   Thumb Code    62  stm32f1xx_hal_msp.o(i.HAL_MspInit)
    HAL_NVIC_EnableIRQ                       0x080012cd   Thumb Code    26  stm32f1xx_hal_cortex.o(i.HAL_NVIC_EnableIRQ)
    HAL_NVIC_SetPriority                     0x080012e9   Thumb Code    60  stm32f1xx_hal_cortex.o(i.HAL_NVIC_SetPriority)
    HAL_NVIC_SetPriorityGrouping             0x08001329   Thumb Code    26  stm32f1xx_hal_cortex.o(i.HAL_NVIC_SetPriorityGrouping)
    HAL_RCC_ClockConfig                      0x0800134d   Thumb Code   318  stm32f1xx_hal_rcc.o(i.HAL_RCC_ClockConfig)
    HAL_RCC_GetClockConfig                   0x080014a1   Thumb Code    52  stm32f1xx_hal_rcc.o(i.HAL_RCC_GetClockConfig)
    HAL_RCC_GetHCLKFreq                      0x080014dd   Thumb Code     6  stm32f1xx_hal_rcc.o(i.HAL_RCC_GetHCLKFreq)
    HAL_RCC_GetPCLK1Freq                     0x080014e9   Thumb Code    22  stm32f1xx_hal_rcc.o(i.HAL_RCC_GetPCLK1Freq)
    HAL_RCC_GetPCLK2Freq                     0x08001509   Thumb Code    22  stm32f1xx_hal_rcc.o(i.HAL_RCC_GetPCLK2Freq)
    HAL_RCC_GetSysClockFreq                  0x08001529   Thumb Code    58  stm32f1xx_hal_rcc.o(i.HAL_RCC_GetSysClockFreq)
    HAL_RCC_OscConfig                        0x08001575   Thumb Code   882  stm32f1xx_hal_rcc.o(i.HAL_RCC_OscConfig)
    HAL_TIMEx_BreakCallback                  0x080018f9   Thumb Code     2  stm32f1xx_hal_tim_ex.o(i.HAL_TIMEx_BreakCallback)
    HAL_TIMEx_CommutCallback                 0x080018fb   Thumb Code     2  stm32f1xx_hal_tim_ex.o(i.HAL_TIMEx_CommutCallback)
    HAL_TIMEx_MasterConfigSynchronization    0x080018fd   Thumb Code    90  stm32f1xx_hal_tim_ex.o(i.HAL_TIMEx_MasterConfigSynchronization)
    HAL_TIM_Base_Init                        0x08001965   Thumb Code    74  stm32f1xx_hal_tim.o(i.HAL_TIM_Base_Init)
    HAL_TIM_Base_MspInit                     0x080019b1   Thumb Code    92  tim.o(i.HAL_TIM_Base_MspInit)
    HAL_TIM_Base_Start_IT                    0x08001a15   Thumb Code    86  stm32f1xx_hal_tim.o(i.HAL_TIM_Base_Start_IT)
    HAL_TIM_ConfigClockSource                0x08001a79   Thumb Code   232  stm32f1xx_hal_tim.o(i.HAL_TIM_ConfigClockSource)
    HAL_TIM_IC_CaptureCallback               0x08001b61   Thumb Code     2  stm32f1xx_hal_tim.o(i.HAL_TIM_IC_CaptureCallback)
    HAL_TIM_IRQHandler                       0x08001b63   Thumb Code   366  stm32f1xx_hal_tim.o(i.HAL_TIM_IRQHandler)
    HAL_TIM_OC_DelayElapsedCallback          0x08001cd1   Thumb Code     2  stm32f1xx_hal_tim.o(i.HAL_TIM_OC_DelayElapsedCallback)
    HAL_TIM_PWM_PulseFinishedCallback        0x08001cd3   Thumb Code     2  stm32f1xx_hal_tim.o(i.HAL_TIM_PWM_PulseFinishedCallback)
    HAL_TIM_PeriodElapsedCallback            0x08001cd5   Thumb Code    94  main.o(i.HAL_TIM_PeriodElapsedCallback)
    HAL_TIM_TriggerCallback                  0x08001d41   Thumb Code     2  stm32f1xx_hal_tim.o(i.HAL_TIM_TriggerCallback)
    HAL_UARTEx_RxEventCallback               0x08001d43   Thumb Code     2  stm32f1xx_hal_uart.o(i.HAL_UARTEx_RxEventCallback)
    HAL_UART_ErrorCallback                   0x08001d45   Thumb Code    74  usart.o(i.HAL_UART_ErrorCallback)
    HAL_UART_IRQHandler                      0x08001dad   Thumb Code   554  stm32f1xx_hal_uart.o(i.HAL_UART_IRQHandler)
    HAL_UART_Init                            0x08001fdd   Thumb Code   102  stm32f1xx_hal_uart.o(i.HAL_UART_Init)
    HAL_UART_MspInit                         0x08002045   Thumb Code   290  usart.o(i.HAL_UART_MspInit)
    HAL_UART_Receive_IT                      0x08002181   Thumb Code    28  stm32f1xx_hal_uart.o(i.HAL_UART_Receive_IT)
    HAL_UART_RxCpltCallback                  0x0800219d   Thumb Code   162  usart.o(i.HAL_UART_RxCpltCallback)
    HAL_UART_Transmit                        0x0800225d   Thumb Code   164  stm32f1xx_hal_uart.o(i.HAL_UART_Transmit)
    HAL_UART_TxCpltCallback                  0x08002301   Thumb Code     2  stm32f1xx_hal_uart.o(i.HAL_UART_TxCpltCallback)
    HardFault_Handler                        0x08002303   Thumb Code     2  stm32f1xx_it.o(i.HardFault_Handler)
    LORA_Clear                               0x08002305   Thumb Code    42  lora.o(i.LORA_Clear)
    LORA_Init                                0x08002345   Thumb Code   424  lora.o(i.LORA_Init)
    LORA_SendCmd                             0x0800260d   Thumb Code   222  lora.o(i.LORA_SendCmd)
    LORA_WaitRecive                          0x080026f9   Thumb Code    78  lora.o(i.LORA_WaitRecive)
    LoraP2PRX                                0x08002759   Thumb Code   332  lora.o(i.LoraP2PRX)
    MX_FREERTOS_Init                         0x080028b9   Thumb Code    96  freertos.o(i.MX_FREERTOS_Init)
    MX_GPIO_Init                             0x08002921   Thumb Code   160  gpio.o(i.MX_GPIO_Init)
    MX_TIM2_Init                             0x080029cd   Thumb Code    98  tim.o(i.MX_TIM2_Init)
    MX_TIM4_Init                             0x08002a35   Thumb Code    94  tim.o(i.MX_TIM4_Init)
    MX_USART1_UART_Init                      0x08002a9d   Thumb Code    48  usart.o(i.MX_USART1_UART_Init)
    MX_USART2_UART_Init                      0x08002ad5   Thumb Code    48  usart.o(i.MX_USART2_UART_Init)
    MX_USART3_UART_Init                      0x08002b0d   Thumb Code    48  usart.o(i.MX_USART3_UART_Init)
    MemManage_Handler                        0x08002b45   Thumb Code     2  stm32f1xx_it.o(i.MemManage_Handler)
    ModBusRxProc                             0x08002b49   Thumb Code   210  modbus.o(i.ModBusRxProc)
    ModbusInit                               0x08002c29   Thumb Code    10  modbus.o(i.ModbusInit)
    ModbusTxVfdCmd                           0x08002c61   Thumb Code   112  modbus.o(i.ModbusTxVfdCmd)
    NMI_Handler                              0x08002cd9   Thumb Code     2  stm32f1xx_it.o(i.NMI_Handler)
    StartDGUSTask                            0x08002d01   Thumb Code    58  freertos.o(i.StartDGUSTask)
    StartDefaultTask                         0x08002d41   Thumb Code     8  freertos.o(i.StartDefaultTask)
    StartLoRaTask                            0x08002d49   Thumb Code    16  freertos.o(i.StartLoRaTask)
    StartModBusTask                          0x08002d59   Thumb Code    12  freertos.o(i.StartModBusTask)
    SysTick_Handler                          0x08002d65   Thumb Code    38  port.o(i.SysTick_Handler)
    SystemClock_Config                       0x08002d91   Thumb Code    94  main.o(i.SystemClock_Config)
    SystemInit                               0x08002def   Thumb Code     2  system_stm32f1xx.o(i.SystemInit)
    TIM1_UP_IRQHandler                       0x08002df1   Thumb Code     6  stm32f1xx_it.o(i.TIM1_UP_IRQHandler)
    TIM2_IRQHandler                          0x08002dfd   Thumb Code     6  stm32f1xx_it.o(i.TIM2_IRQHandler)
    TIM4_IRQHandler                          0x08002e09   Thumb Code     6  stm32f1xx_it.o(i.TIM4_IRQHandler)
    TIM_Base_SetConfig                       0x08002e15   Thumb Code    94  stm32f1xx_hal_tim.o(i.TIM_Base_SetConfig)
    TIM_ETR_SetConfig                        0x08002e81   Thumb Code    20  stm32f1xx_hal_tim.o(i.TIM_ETR_SetConfig)
    UART_Start_Receive_IT                    0x080030e5   Thumb Code    56  stm32f1xx_hal_uart.o(i.UART_Start_Receive_IT)
    USART1_IRQHandler                        0x08003219   Thumb Code     6  stm32f1xx_it.o(i.USART1_IRQHandler)
    USART2_IRQHandler                        0x08003225   Thumb Code     6  stm32f1xx_it.o(i.USART2_IRQHandler)
    USART3_IRQHandler                        0x08003231   Thumb Code     6  stm32f1xx_it.o(i.USART3_IRQHandler)
    UsageFault_Handler                       0x0800323d   Thumb Code     2  stm32f1xx_it.o(i.UsageFault_Handler)
    Usart_SendString                         0x0800323f   Thumb Code    46  usart.o(i.Usart_SendString)
    __0sprintf$1                             0x0800326d   Thumb Code    34  printf1.o(i.__0sprintf$1)
    __1sprintf$1                             0x0800326d   Thumb Code     0  printf1.o(i.__0sprintf$1)
    __2sprintf                               0x0800326d   Thumb Code     0  printf1.o(i.__0sprintf$1)
    __scatterload_copy                       0x080032b5   Thumb Code    14  handlers.o(i.__scatterload_copy)
    __scatterload_null                       0x080032c3   Thumb Code     2  handlers.o(i.__scatterload_null)
    __scatterload_zeroinit                   0x080032c5   Thumb Code    14  handlers.o(i.__scatterload_zeroinit)
    main                                     0x08003435   Thumb Code   134  main.o(i.main)
    osDelay                                  0x080034ed   Thumb Code    16  cmsis_os.o(i.osDelay)
    osKernelStart                            0x080034fd   Thumb Code    10  cmsis_os.o(i.osKernelStart)
    osThreadCreate                           0x08003507   Thumb Code    88  cmsis_os.o(i.osThreadCreate)
    pvPortMalloc                             0x080038d5   Thumb Code   208  heap_4.o(i.pvPortMalloc)
    pxPortInitialiseStack                    0x080039a9   Thumb Code    24  port.o(i.pxPortInitialiseStack)
    uxListRemove                             0x080039c5   Thumb Code    38  list.o(i.uxListRemove)
    vApplicationGetIdleTaskMemory            0x080039ed   Thumb Code    16  freertos.o(i.vApplicationGetIdleTaskMemory)
    vListInitialise                          0x08003a01   Thumb Code    22  list.o(i.vListInitialise)
    vListInitialiseItem                      0x08003a17   Thumb Code     6  list.o(i.vListInitialiseItem)
    vListInsert                              0x08003a1d   Thumb Code    48  list.o(i.vListInsert)
    vListInsertEnd                           0x08003a4d   Thumb Code    24  list.o(i.vListInsertEnd)
    vPortEnterCritical                       0x08003a65   Thumb Code    54  port.o(i.vPortEnterCritical)
    vPortExitCritical                        0x08003aa5   Thumb Code    38  port.o(i.vPortExitCritical)
    vPortFree                                0x08003ad1   Thumb Code    88  heap_4.o(i.vPortFree)
    vPortSetupTimerInterrupt                 0x08003b2d   Thumb Code    32  port.o(i.vPortSetupTimerInterrupt)
    vTaskDelay                               0x08003b51   Thumb Code    70  tasks.o(i.vTaskDelay)
    vTaskStartScheduler                      0x08003ba1   Thumb Code   118  tasks.o(i.vTaskStartScheduler)
    vTaskSuspendAll                          0x08003c29   Thumb Code    10  tasks.o(i.vTaskSuspendAll)
    vTaskSwitchContext                       0x08003c39   Thumb Code    86  tasks.o(i.vTaskSwitchContext)
    xPortStartScheduler                      0x08003c99   Thumb Code   154  port.o(i.xPortStartScheduler)
    xTaskCreate                              0x08003d41   Thumb Code   100  tasks.o(i.xTaskCreate)
    xTaskCreateStatic                        0x08003da5   Thumb Code    92  tasks.o(i.xTaskCreateStatic)
    xTaskIncrementTick                       0x08003e01   Thumb Code   196  tasks.o(i.xTaskIncrementTick)
    xTaskResumeAll                           0x08003ecd   Thumb Code   192  tasks.o(i.xTaskResumeAll)
    AHBPrescTable                            0x0800401a   Data          16  system_stm32f1xx.o(.constdata)
    APBPrescTable                            0x0800402a   Data           8  system_stm32f1xx.o(.constdata)
    __ctype_categories                       0x080040f8   Data          64  ctype_c.o(.constdata)
    Region$$Table$$Base                      0x080041cc   Number         0  anon$$obj.o(Region$$Table)
    Region$$Table$$Limit                     0x080041ec   Number         0  anon$$obj.o(Region$$Table)
    uart3_rx_data                            0x20000000   Data           1  main.o(.data)
    SysVariType                              0x20000002   Data           6  main.o(.data)
    defaultTaskHandle                        0x20000008   Data           4  freertos.o(.data)
    LoRaTaskHandle                           0x2000000c   Data           4  freertos.o(.data)
    DGUSTaskHandle                           0x20000010   Data           4  freertos.o(.data)
    ModBusTaskHandle                         0x20000014   Data           4  freertos.o(.data)
    rx2_pointer                              0x20000018   Data           1  usart.o(.data)
    rx2_frame_ready                          0x20000019   Data           1  usart.o(.data)
    rx2_overflow                             0x2000001a   Data           1  usart.o(.data)
    rx2_data                                 0x2000001b   Data           1  usart.o(.data)
    rx1_pointer                              0x2000001c   Data           1  usart.o(.data)
    rx1_frame_ready                          0x2000001d   Data           1  usart.o(.data)
    rx1_overflow                             0x2000001e   Data           1  usart.o(.data)
    rx1_data                                 0x2000001f   Data           1  usart.o(.data)
    uwTickFreq                               0x20000020   Data           1  stm32f1xx_hal.o(.data)
    uwTickPrio                               0x20000024   Data           4  stm32f1xx_hal.o(.data)
    uwTick                                   0x20000028   Data           4  stm32f1xx_hal.o(.data)
    SystemCoreClock                          0x2000002c   Data           4  system_stm32f1xx.o(.data)
    LORA_cntPre                              0x20000032   Data           2  lora.o(.data)
    DGUS_cntPre                              0x20000038   Data           2  dgus.o(.data)
    pxCurrentTCB                             0x2000003c   Data           4  tasks.o(.data)
    htim2                                    0x200002f0   Data          72  tim.o(.bss)
    htim4                                    0x20000338   Data          72  tim.o(.bss)
    huart1                                   0x20000380   Data          72  usart.o(.bss)
    huart2                                   0x200003c8   Data          72  usart.o(.bss)
    huart3                                   0x20000410   Data          72  usart.o(.bss)
    Rx2Buffer                                0x20000458   Data         100  usart.o(.bss)
    Rx1Buffer                                0x200004bc   Data         100  usart.o(.bss)
    htim1                                    0x20000520   Data          72  stm32f1xx_hal_timebase_tim.o(.bss)
    LoRaType                                 0x20000568   Data          52  lora.o(.bss)
    ModbusType                               0x2000059c   Data         216  modbus.o(.bss)
    __initial_sp                             0x20001768   Data           0  startup_stm32f103xb.o(STACK)



==============================================================================

Memory Map of the image

  Image Entry point : 0x080000ed

  Load Region LR_IROM1 (Base: 0x08000000, Size: 0x00004288, Max: 0x00010000, ABSOLUTE)

    Execution Region ER_IROM1 (Exec base: 0x08000000, Load base: 0x08000000, Size: 0x000041ec, Max: 0x00010000, ABSOLUTE)

    Exec Addr    Load Addr    Size         Type   Attr      Idx    E Section Name        Object

    0x08000000   0x08000000   0x000000ec   Data   RO            3    RESET               startup_stm32f103xb.o
    0x080000ec   0x080000ec   0x00000000   Code   RO         4537  * .ARM.Collect$$$$00000000  mc_w.l(entry.o)
    0x080000ec   0x080000ec   0x00000004   Code   RO         4819    .ARM.Collect$$$$00000001  mc_w.l(entry2.o)
    0x080000f0   0x080000f0   0x00000004   Code   RO         4822    .ARM.Collect$$$$00000004  mc_w.l(entry5.o)
    0x080000f4   0x080000f4   0x00000000   Code   RO         4824    .ARM.Collect$$$$00000008  mc_w.l(entry7b.o)
    0x080000f4   0x080000f4   0x00000000   Code   RO         4826    .ARM.Collect$$$$0000000A  mc_w.l(entry8b.o)
    0x080000f4   0x080000f4   0x00000008   Code   RO         4827    .ARM.Collect$$$$0000000B  mc_w.l(entry9a.o)
    0x080000fc   0x080000fc   0x00000004   Code   RO         4834    .ARM.Collect$$$$0000000E  mc_w.l(entry12b.o)
    0x08000100   0x08000100   0x00000000   Code   RO         4829    .ARM.Collect$$$$0000000F  mc_w.l(entry10a.o)
    0x08000100   0x08000100   0x00000000   Code   RO         4831    .ARM.Collect$$$$00000011  mc_w.l(entry11a.o)
    0x08000100   0x08000100   0x00000004   Code   RO         4820    .ARM.Collect$$$$00002712  mc_w.l(entry2.o)
    0x08000104   0x08000104   0x00000096   Code   RO         4460    .emb_text           port.o
    0x0800019a   0x0800019a   0x00000002   PAD
    0x0800019c   0x0800019c   0x00000024   Code   RO            4    .text               startup_stm32f103xb.o
    0x080001c0   0x080001c0   0x00000024   Code   RO         4542    .text               mc_w.l(memcpya.o)
    0x080001e4   0x080001e4   0x00000024   Code   RO         4546    .text               mc_w.l(memseta.o)
    0x08000208   0x08000208   0x00000024   Code   RO         4548    .text               mc_w.l(strstr.o)
    0x0800022c   0x0800022c   0x0000000e   Code   RO         4550    .text               mc_w.l(strlen.o)
    0x0800023a   0x0800023a   0x00000002   PAD
    0x0800023c   0x0800023c   0x00000038   Code   RO         4815    .text               mc_w.l(__0sscanf.o)
    0x08000274   0x08000274   0x0000014c   Code   RO         4817    .text               mc_w.l(_scanf_int.o)
    0x080003c0   0x080003c0   0x0000002c   Code   RO         4836    .text               mc_w.l(uidiv.o)
    0x080003ec   0x080003ec   0x0000001c   Code   RO         4840    .text               mc_w.l(_chval.o)
    0x08000408   0x08000408   0x00000028   Code   RO         4842    .text               mc_w.l(scanf_char.o)
    0x08000430   0x08000430   0x00000040   Code   RO         4844    .text               mc_w.l(_sgetc.o)
    0x08000470   0x08000470   0x00000024   Code   RO         4857    .text               mc_w.l(init.o)
    0x08000494   0x08000494   0x0000000a   Code   RO         4863    .text               mc_w.l(isspace_c.o)
    0x0800049e   0x0800049e   0x00000002   PAD
    0x080004a0   0x080004a0   0x00000330   Code   RO         4865    .text               mc_w.l(_scanf.o)
    0x080007d0   0x080007d0   0x00000028   Code   RO         4869    .text               mc_w.l(ctype_c.o)
    0x080007f8   0x080007f8   0x00000002   Code   RO          448    i.BusFault_Handler  stm32f1xx_it.o
    0x080007fa   0x080007fa   0x00000002   PAD
    0x080007fc   0x080007fc   0x00000040   Code   RO         3199    i.DGUS_Clear        dgus.o
    0x0800083c   0x0800083c   0x00000480   Code   RO         3200    i.DGUS_TouchAck     dgus.o
    0x08000cbc   0x08000cbc   0x00000060   Code   RO         3201    i.DGUS_WaitRecive   dgus.o
    0x08000d1c   0x08000d1c   0x000000a8   Code   RO         3202    i.DGUS_WriteSingleData  dgus.o
    0x08000dc4   0x08000dc4   0x0000005c   Code   RO          605    i.DIP_Switch_Init   dip_swich.o
    0x08000e20   0x08000e20   0x0000004c   Code   RO          606    i.DIP_Switch_Read   dip_swich.o
    0x08000e6c   0x08000e6c   0x00000002   Code   RO          449    i.DebugMon_Handler  stm32f1xx_it.o
    0x08000e6e   0x08000e6e   0x00000004   Code   RO           13    i.Error_Handler     main.o
    0x08000e72   0x08000e72   0x00000036   Code   RO         3140    i.GetModbusCRC16_Cal  modbus.o
    0x08000ea8   0x08000ea8   0x00000046   Code   RO         1057    i.HAL_DMA_Abort     stm32f1xx_hal_dma.o
    0x08000eee   0x08000eee   0x00000002   PAD
    0x08000ef0   0x08000ef0   0x00000098   Code   RO         1058    i.HAL_DMA_Abort_IT  stm32f1xx_hal_dma.o
    0x08000f88   0x08000f88   0x00000024   Code   RO          678    i.HAL_Delay         stm32f1xx_hal.o
    0x08000fac   0x08000fac   0x000001f0   Code   RO          993    i.HAL_GPIO_Init     stm32f1xx_hal_gpio.o
    0x0800119c   0x0800119c   0x0000000e   Code   RO          995    i.HAL_GPIO_ReadPin  stm32f1xx_hal_gpio.o
    0x080011aa   0x080011aa   0x0000000e   Code   RO          997    i.HAL_GPIO_WritePin  stm32f1xx_hal_gpio.o
    0x080011b8   0x080011b8   0x0000000c   Code   RO          682    i.HAL_GetTick       stm32f1xx_hal.o
    0x080011c4   0x080011c4   0x00000010   Code   RO          688    i.HAL_IncTick       stm32f1xx_hal.o
    0x080011d4   0x080011d4   0x00000024   Code   RO          689    i.HAL_Init          stm32f1xx_hal.o
    0x080011f8   0x080011f8   0x0000008c   Code   RO          566    i.HAL_InitTick      stm32f1xx_hal_timebase_tim.o
    0x08001284   0x08001284   0x00000048   Code   RO          542    i.HAL_MspInit       stm32f1xx_hal_msp.o
    0x080012cc   0x080012cc   0x0000001a   Code   RO         1153    i.HAL_NVIC_EnableIRQ  stm32f1xx_hal_cortex.o
    0x080012e6   0x080012e6   0x00000002   PAD
    0x080012e8   0x080012e8   0x00000040   Code   RO         1159    i.HAL_NVIC_SetPriority  stm32f1xx_hal_cortex.o
    0x08001328   0x08001328   0x00000024   Code   RO         1160    i.HAL_NVIC_SetPriorityGrouping  stm32f1xx_hal_cortex.o
    0x0800134c   0x0800134c   0x00000154   Code   RO          846    i.HAL_RCC_ClockConfig  stm32f1xx_hal_rcc.o
    0x080014a0   0x080014a0   0x0000003c   Code   RO          850    i.HAL_RCC_GetClockConfig  stm32f1xx_hal_rcc.o
    0x080014dc   0x080014dc   0x0000000c   Code   RO          851    i.HAL_RCC_GetHCLKFreq  stm32f1xx_hal_rcc.o
    0x080014e8   0x080014e8   0x00000020   Code   RO          853    i.HAL_RCC_GetPCLK1Freq  stm32f1xx_hal_rcc.o
    0x08001508   0x08001508   0x00000020   Code   RO          854    i.HAL_RCC_GetPCLK2Freq  stm32f1xx_hal_rcc.o
    0x08001528   0x08001528   0x0000004c   Code   RO          855    i.HAL_RCC_GetSysClockFreq  stm32f1xx_hal_rcc.o
    0x08001574   0x08001574   0x00000384   Code   RO          858    i.HAL_RCC_OscConfig  stm32f1xx_hal_rcc.o
    0x080018f8   0x080018f8   0x00000002   Code   RO         2391    i.HAL_TIMEx_BreakCallback  stm32f1xx_hal_tim_ex.o
    0x080018fa   0x080018fa   0x00000002   Code   RO         2392    i.HAL_TIMEx_CommutCallback  stm32f1xx_hal_tim_ex.o
    0x080018fc   0x080018fc   0x00000068   Code   RO         2410    i.HAL_TIMEx_MasterConfigSynchronization  stm32f1xx_hal_tim_ex.o
    0x08001964   0x08001964   0x0000004a   Code   RO         1676    i.HAL_TIM_Base_Init  stm32f1xx_hal_tim.o
    0x080019ae   0x080019ae   0x00000002   PAD
    0x080019b0   0x080019b0   0x00000064   Code   RO          317    i.HAL_TIM_Base_MspInit  tim.o
    0x08001a14   0x08001a14   0x00000064   Code   RO         1681    i.HAL_TIM_Base_Start_IT  stm32f1xx_hal_tim.o
    0x08001a78   0x08001a78   0x000000e8   Code   RO         1685    i.HAL_TIM_ConfigClockSource  stm32f1xx_hal_tim.o
    0x08001b60   0x08001b60   0x00000002   Code   RO         1710    i.HAL_TIM_IC_CaptureCallback  stm32f1xx_hal_tim.o
    0x08001b62   0x08001b62   0x0000016e   Code   RO         1724    i.HAL_TIM_IRQHandler  stm32f1xx_hal_tim.o
    0x08001cd0   0x08001cd0   0x00000002   Code   RO         1727    i.HAL_TIM_OC_DelayElapsedCallback  stm32f1xx_hal_tim.o
    0x08001cd2   0x08001cd2   0x00000002   Code   RO         1754    i.HAL_TIM_PWM_PulseFinishedCallback  stm32f1xx_hal_tim.o
    0x08001cd4   0x08001cd4   0x0000006c   Code   RO           14    i.HAL_TIM_PeriodElapsedCallback  main.o
    0x08001d40   0x08001d40   0x00000002   Code   RO         1767    i.HAL_TIM_TriggerCallback  stm32f1xx_hal_tim.o
    0x08001d42   0x08001d42   0x00000002   Code   RO         2670    i.HAL_UARTEx_RxEventCallback  stm32f1xx_hal_uart.o
    0x08001d44   0x08001d44   0x00000068   Code   RO          364    i.HAL_UART_ErrorCallback  usart.o
    0x08001dac   0x08001dac   0x00000230   Code   RO         2687    i.HAL_UART_IRQHandler  stm32f1xx_hal_uart.o
    0x08001fdc   0x08001fdc   0x00000066   Code   RO         2688    i.HAL_UART_Init     stm32f1xx_hal_uart.o
    0x08002042   0x08002042   0x00000002   PAD
    0x08002044   0x08002044   0x0000013c   Code   RO          366    i.HAL_UART_MspInit  usart.o
    0x08002180   0x08002180   0x0000001c   Code   RO         2693    i.HAL_UART_Receive_IT  stm32f1xx_hal_uart.o
    0x0800219c   0x0800219c   0x000000c0   Code   RO          367    i.HAL_UART_RxCpltCallback  usart.o
    0x0800225c   0x0800225c   0x000000a4   Code   RO         2696    i.HAL_UART_Transmit  stm32f1xx_hal_uart.o
    0x08002300   0x08002300   0x00000002   Code   RO         2699    i.HAL_UART_TxCpltCallback  stm32f1xx_hal_uart.o
    0x08002302   0x08002302   0x00000002   Code   RO          450    i.HardFault_Handler  stm32f1xx_it.o
    0x08002304   0x08002304   0x00000040   Code   RO         3069    i.LORA_Clear        lora.o
    0x08002344   0x08002344   0x000002c8   Code   RO         3070    i.LORA_Init         lora.o
    0x0800260c   0x0800260c   0x000000ec   Code   RO         3071    i.LORA_SendCmd      lora.o
    0x080026f8   0x080026f8   0x00000060   Code   RO         3073    i.LORA_WaitRecive   lora.o
    0x08002758   0x08002758   0x00000160   Code   RO         3074    i.LoraP2PRX         lora.o
    0x080028b8   0x080028b8   0x00000068   Code   RO          248    i.MX_FREERTOS_Init  freertos.o
    0x08002920   0x08002920   0x000000ac   Code   RO          220    i.MX_GPIO_Init      gpio.o
    0x080029cc   0x080029cc   0x00000068   Code   RO          318    i.MX_TIM2_Init      tim.o
    0x08002a34   0x08002a34   0x00000068   Code   RO          319    i.MX_TIM4_Init      tim.o
    0x08002a9c   0x08002a9c   0x00000038   Code   RO          368    i.MX_USART1_UART_Init  usart.o
    0x08002ad4   0x08002ad4   0x00000038   Code   RO          369    i.MX_USART2_UART_Init  usart.o
    0x08002b0c   0x08002b0c   0x00000038   Code   RO          370    i.MX_USART3_UART_Init  usart.o
    0x08002b44   0x08002b44   0x00000002   Code   RO          451    i.MemManage_Handler  stm32f1xx_it.o
    0x08002b46   0x08002b46   0x00000002   PAD
    0x08002b48   0x08002b48   0x000000e0   Code   RO         3141    i.ModBusRxProc      modbus.o
    0x08002c28   0x08002c28   0x00000010   Code   RO         3142    i.ModbusInit        modbus.o
    0x08002c38   0x08002c38   0x00000028   Code   RO         3143    i.ModbusResetTransaction  modbus.o
    0x08002c60   0x08002c60   0x00000078   Code   RO         3145    i.ModbusTxVfdCmd    modbus.o
    0x08002cd8   0x08002cd8   0x00000002   Code   RO          452    i.NMI_Handler       stm32f1xx_it.o
    0x08002cda   0x08002cda   0x00000002   PAD
    0x08002cdc   0x08002cdc   0x00000024   Code   RO          859    i.RCC_Delay         stm32f1xx_hal_rcc.o
    0x08002d00   0x08002d00   0x00000040   Code   RO          249    i.StartDGUSTask     freertos.o
    0x08002d40   0x08002d40   0x00000008   Code   RO          250    i.StartDefaultTask  freertos.o
    0x08002d48   0x08002d48   0x00000010   Code   RO          251    i.StartLoRaTask     freertos.o
    0x08002d58   0x08002d58   0x0000000c   Code   RO          252    i.StartModBusTask   freertos.o
    0x08002d64   0x08002d64   0x0000002c   Code   RO         4461    i.SysTick_Handler   port.o
    0x08002d90   0x08002d90   0x0000005e   Code   RO           15    i.SystemClock_Config  main.o
    0x08002dee   0x08002dee   0x00000002   Code   RO         3032    i.SystemInit        system_stm32f1xx.o
    0x08002df0   0x08002df0   0x0000000c   Code   RO          453    i.TIM1_UP_IRQHandler  stm32f1xx_it.o
    0x08002dfc   0x08002dfc   0x0000000c   Code   RO          454    i.TIM2_IRQHandler   stm32f1xx_it.o
    0x08002e08   0x08002e08   0x0000000c   Code   RO          455    i.TIM4_IRQHandler   stm32f1xx_it.o
    0x08002e14   0x08002e14   0x0000006c   Code   RO         1769    i.TIM_Base_SetConfig  stm32f1xx_hal_tim.o
    0x08002e80   0x08002e80   0x00000014   Code   RO         1780    i.TIM_ETR_SetConfig  stm32f1xx_hal_tim.o
    0x08002e94   0x08002e94   0x00000010   Code   RO         1781    i.TIM_ITRx_SetConfig  stm32f1xx_hal_tim.o
    0x08002ea4   0x08002ea4   0x00000022   Code   RO         1787    i.TIM_TI1_ConfigInputStage  stm32f1xx_hal_tim.o
    0x08002ec6   0x08002ec6   0x00000024   Code   RO         1789    i.TIM_TI2_ConfigInputStage  stm32f1xx_hal_tim.o
    0x08002eea   0x08002eea   0x00000010   Code   RO         2701    i.UART_DMAAbortOnError  stm32f1xx_hal_uart.o
    0x08002efa   0x08002efa   0x0000004e   Code   RO         2711    i.UART_EndRxTransfer  stm32f1xx_hal_uart.o
    0x08002f48   0x08002f48   0x0000001a   Code   RO         2712    i.UART_EndTransmit_IT  stm32f1xx_hal_uart.o
    0x08002f62   0x08002f62   0x000000c8   Code   RO         2714    i.UART_Receive_IT   stm32f1xx_hal_uart.o
    0x0800302a   0x0800302a   0x00000002   PAD
    0x0800302c   0x0800302c   0x000000b8   Code   RO         2715    i.UART_SetConfig    stm32f1xx_hal_uart.o
    0x080030e4   0x080030e4   0x00000038   Code   RO         2717    i.UART_Start_Receive_IT  stm32f1xx_hal_uart.o
    0x0800311c   0x0800311c   0x00000028   Code   RO          371    i.UART_StoreRxByte  usart.o
    0x08003144   0x08003144   0x0000005e   Code   RO         2718    i.UART_Transmit_IT  stm32f1xx_hal_uart.o
    0x080031a2   0x080031a2   0x00000074   Code   RO         2719    i.UART_WaitOnFlagUntilTimeout  stm32f1xx_hal_uart.o
    0x08003216   0x08003216   0x00000002   PAD
    0x08003218   0x08003218   0x0000000c   Code   RO          456    i.USART1_IRQHandler  stm32f1xx_it.o
    0x08003224   0x08003224   0x0000000c   Code   RO          457    i.USART2_IRQHandler  stm32f1xx_it.o
    0x08003230   0x08003230   0x0000000c   Code   RO          458    i.USART3_IRQHandler  stm32f1xx_it.o
    0x0800323c   0x0800323c   0x00000002   Code   RO          459    i.UsageFault_Handler  stm32f1xx_it.o
    0x0800323e   0x0800323e   0x0000002e   Code   RO          372    i.Usart_SendString  usart.o
    0x0800326c   0x0800326c   0x00000028   Code   RO         4601    i.__0sprintf$1      mc_w.l(printf1.o)
    0x08003294   0x08003294   0x00000020   Code   RO         1166    i.__NVIC_SetPriority  stm32f1xx_hal_cortex.o
    0x080032b4   0x080032b4   0x0000000e   Code   RO         4874    i.__scatterload_copy  mc_w.l(handlers.o)
    0x080032c2   0x080032c2   0x00000002   Code   RO         4875    i.__scatterload_null  mc_w.l(handlers.o)
    0x080032c4   0x080032c4   0x0000000e   Code   RO         4876    i.__scatterload_zeroinit  mc_w.l(handlers.o)
    0x080032d2   0x080032d2   0x00000002   PAD
    0x080032d4   0x080032d4   0x00000154   Code   RO         4606    i._printf_core      mc_w.l(printf1.o)
    0x08003428   0x08003428   0x0000000a   Code   RO         4608    i._sputc            mc_w.l(printf1.o)
    0x08003432   0x08003432   0x00000002   PAD
    0x08003434   0x08003434   0x000000ac   Code   RO           16    i.main              main.o
    0x080034e0   0x080034e0   0x0000000c   Code   RO         4032    i.makeFreeRtosPriority  cmsis_os.o
    0x080034ec   0x080034ec   0x00000010   Code   RO         4034    i.osDelay           cmsis_os.o
    0x080034fc   0x080034fc   0x0000000a   Code   RO         4037    i.osKernelStart     cmsis_os.o
    0x08003506   0x08003506   0x00000058   Code   RO         4071    i.osThreadCreate    cmsis_os.o
    0x0800355e   0x0800355e   0x00000002   PAD
    0x08003560   0x08003560   0x00000070   Code   RO         3718    i.prvAddCurrentTaskToDelayedList  tasks.o
    0x080035d0   0x080035d0   0x00000088   Code   RO         3719    i.prvAddNewTaskToReadyList  tasks.o
    0x08003658   0x08003658   0x0000003c   Code   RO         3720    i.prvCheckTasksWaitingTermination  tasks.o
    0x08003694   0x08003694   0x00000040   Code   RO         3721    i.prvDeleteTCB      tasks.o
    0x080036d4   0x080036d4   0x0000004c   Code   RO         4399    i.prvHeapInit       heap_4.o
    0x08003720   0x08003720   0x00000028   Code   RO         3722    i.prvIdleTask       tasks.o
    0x08003748   0x08003748   0x0000008e   Code   RO         3723    i.prvInitialiseNewTask  tasks.o
    0x080037d6   0x080037d6   0x00000002   PAD
    0x080037d8   0x080037d8   0x00000058   Code   RO         3724    i.prvInitialiseTaskLists  tasks.o
    0x08003830   0x08003830   0x00000054   Code   RO         4400    i.prvInsertBlockIntoFreeList  heap_4.o
    0x08003884   0x08003884   0x00000024   Code   RO         3725    i.prvResetNextTaskUnblockTime  tasks.o
    0x080038a8   0x080038a8   0x0000002c   Code   RO         4462    i.prvTaskExitError  port.o
    0x080038d4   0x080038d4   0x000000d4   Code   RO         4401    i.pvPortMalloc      heap_4.o
    0x080039a8   0x080039a8   0x0000001c   Code   RO         4463    i.pxPortInitialiseStack  port.o
    0x080039c4   0x080039c4   0x00000026   Code   RO         3353    i.uxListRemove      list.o
    0x080039ea   0x080039ea   0x00000002   PAD
    0x080039ec   0x080039ec   0x00000014   Code   RO          253    i.vApplicationGetIdleTaskMemory  freertos.o
    0x08003a00   0x08003a00   0x00000016   Code   RO         3354    i.vListInitialise   list.o
    0x08003a16   0x08003a16   0x00000006   Code   RO         3355    i.vListInitialiseItem  list.o
    0x08003a1c   0x08003a1c   0x00000030   Code   RO         3356    i.vListInsert       list.o
    0x08003a4c   0x08003a4c   0x00000018   Code   RO         3357    i.vListInsertEnd    list.o
    0x08003a64   0x08003a64   0x00000040   Code   RO         4465    i.vPortEnterCritical  port.o
    0x08003aa4   0x08003aa4   0x0000002c   Code   RO         4466    i.vPortExitCritical  port.o
    0x08003ad0   0x08003ad0   0x0000005c   Code   RO         4402    i.vPortFree         heap_4.o
    0x08003b2c   0x08003b2c   0x00000024   Code   RO         4467    i.vPortSetupTimerInterrupt  port.o
    0x08003b50   0x08003b50   0x00000050   Code   RO         3733    i.vTaskDelay        tasks.o
    0x08003ba0   0x08003ba0   0x00000088   Code   RO         3746    i.vTaskStartScheduler  tasks.o
    0x08003c28   0x08003c28   0x00000010   Code   RO         3748    i.vTaskSuspendAll   tasks.o
    0x08003c38   0x08003c38   0x00000060   Code   RO         3749    i.vTaskSwitchContext  tasks.o
    0x08003c98   0x08003c98   0x000000a8   Code   RO         4469    i.xPortStartScheduler  port.o
    0x08003d40   0x08003d40   0x00000064   Code   RO         3751    i.xTaskCreate       tasks.o
    0x08003da4   0x08003da4   0x0000005c   Code   RO         3752    i.xTaskCreateStatic  tasks.o
    0x08003e00   0x08003e00   0x000000cc   Code   RO         3759    i.xTaskIncrementTick  tasks.o
    0x08003ecc   0x08003ecc   0x000000cc   Code   RO         3765    i.xTaskResumeAll    tasks.o
    0x08003f98   0x08003f98   0x00000070   Data   RO          255    .constdata          freertos.o
    0x08004008   0x08004008   0x00000012   Data   RO          860    .constdata          stm32f1xx_hal_rcc.o
    0x0800401a   0x0800401a   0x00000010   Data   RO         3033    .constdata          system_stm32f1xx.o
    0x0800402a   0x0800402a   0x00000008   Data   RO         3034    .constdata          system_stm32f1xx.o
    0x08004032   0x08004032   0x00000002   PAD
    0x08004034   0x08004034   0x000000c4   Data   RO         3203    .constdata          dgus.o
    0x080040f8   0x080040f8   0x00000040   Data   RO         4870    .constdata          mc_w.l(ctype_c.o)
    0x08004138   0x08004138   0x00000030   Data   RO          256    .conststring        freertos.o
    0x08004168   0x08004168   0x00000062   Data   RO         3077    .conststring        lora.o
    0x080041ca   0x080041ca   0x00000002   PAD
    0x080041cc   0x080041cc   0x00000020   Data   RO         4872    Region$$Table       anon$$obj.o


    Execution Region RW_IRAM1 (Exec base: 0x20000000, Load base: 0x080041ec, Size: 0x00001768, Max: 0x00005000, ABSOLUTE)

    Exec Addr    Load Addr    Size         Type   Attr      Idx    E Section Name        Object

    0x20000000   0x080041ec   0x00000008   Data   RW           17    .data               main.o
    0x20000008   0x080041f4   0x00000010   Data   RW          257    .data               freertos.o
    0x20000018   0x08004204   0x00000008   Data   RW          375    .data               usart.o
    0x20000020   0x0800420c   0x0000000c   Data   RW          696    .data               stm32f1xx_hal.o
    0x2000002c   0x08004218   0x00000004   Data   RW         3035    .data               system_stm32f1xx.o
    0x20000030   0x0800421c   0x00000008   Data   RW         3078    .data               lora.o
    0x20000038   0x08004224   0x00000002   Data   RW         3204    .data               dgus.o
    0x2000003a   0x08004226   0x00000002   PAD
    0x2000003c   0x08004228   0x0000003c   Data   RW         3768    .data               tasks.o
    0x20000078   0x08004264   0x00000018   Data   RW         4407    .data               heap_4.o
    0x20000090   0x0800427c   0x0000000c   Data   RW         4470    .data               port.o
    0x2000009c        -       0x00000254   Zero   RW          254    .bss                freertos.o
    0x200002f0        -       0x00000090   Zero   RW          320    .bss                tim.o
    0x20000380        -       0x000001a0   Zero   RW          374    .bss                usart.o
    0x20000520        -       0x00000048   Zero   RW          569    .bss                stm32f1xx_hal_timebase_tim.o
    0x20000568        -       0x00000034   Zero   RW         3076    .bss                lora.o
    0x2000059c        -       0x000000d8   Zero   RW         3146    .bss                modbus.o
    0x20000674        -       0x000000f0   Zero   RW         3767    .bss                tasks.o
    0x20000764        -       0x00000c00   Zero   RW         4406    .bss                heap_4.o
    0x20001364   0x08004288   0x00000004   PAD
    0x20001368        -       0x00000400   Zero   RW            1    STACK               startup_stm32f103xb.o


==============================================================================

Image component sizes


      Code (inc. data)   RO Data    RW Data    ZI Data      Debug   Object Name

       126          0          0          0          0      22027   cmsis_os.o
      1480         82        196          2          0       3104   dgus.o
       168         24          0          0          0       1392   dip_swich.o
         0          0          0          0          0      18136   event_groups.o
       224         18        160         16        596       4099   freertos.o
       172         12          0          0          0        911   gpio.o
       464         22          0         24       3072       7271   heap_4.o
       138          0          0          0          0       3334   list.o
      1460        362         98          8         52       8153   lora.o
       378         52          0          8          0     460272   main.o
       454         32          0          0        216       4695   modbus.o
       578         60          0         12          0      10156   port.o
        36          8        236          0       1024        784   startup_stm32f103xb.o
       100         18          0         12          0       5146   stm32f1xx_hal.o
       158         14          0          0          0      28206   stm32f1xx_hal_cortex.o
       222          4          0          0          0       1699   stm32f1xx_hal_dma.o
       524         32          0          0          0       3411   stm32f1xx_hal_gpio.o
        72         10          0          0          0        866   stm32f1xx_hal_msp.o
      1488         98         18          0          0       7089   stm32f1xx_hal_rcc.o
       994         28          0          0          0       9275   stm32f1xx_hal_tim.o
       108         14          0          0          0       2401   stm32f1xx_hal_tim_ex.o
       140         22          0          0         72       1415   stm32f1xx_hal_timebase_tim.o
      1628         12          0          0          0      11351   stm32f1xx_hal_uart.o
        84         36          0          0          0       5022   stm32f1xx_it.o
         0          0          0          0          0        404   stream_buffer.o
         2          0         24          4          0       1071   system_stm32f1xx.o
      1606        118          0         60        240      17061   tasks.o
       308         24          0          0        144       2303   tim.o
       866        110          0          8        416       5874   usart.o

    ----------------------------------------------------------------------
     14004       1212        768        156       5836     646928   Object Totals
         0          0         32          0          0          0   (incl. Generated)
        26          0          4          2          4          0   (incl. Padding)

    ----------------------------------------------------------------------

      Code (inc. data)   RO Data    RW Data    ZI Data      Debug   Library Member Name

        56          8          0          0          0         84   __0sscanf.o
        28          0          0          0          0         68   _chval.o
       816          6          0          0          0        112   _scanf.o
       332          0          0          0          0         96   _scanf_int.o
        64          0          0          0          0         84   _sgetc.o
        40          6         64          0          0         68   ctype_c.o
         0          0          0          0          0          0   entry.o
         0          0          0          0          0          0   entry10a.o
         0          0          0          0          0          0   entry11a.o
         4          0          0          0          0          0   entry12b.o
         8          4          0          0          0          0   entry2.o
         4          0          0          0          0          0   entry5.o
         0          0          0          0          0          0   entry7b.o
         0          0          0          0          0          0   entry8b.o
         8          4          0          0          0          0   entry9a.o
        30          0          0          0          0          0   handlers.o
        36          8          0          0          0         68   init.o
        10          0          0          0          0         68   isspace_c.o
        36          0          0          0          0         68   memcpya.o
        36          0          0          0          0        108   memseta.o
       390         10          0          0          0        252   printf1.o
        40          8          0          0          0         84   scanf_char.o
        14          0          0          0          0         68   strlen.o
        36          0          0          0          0         80   strstr.o
        44          0          0          0          0         80   uidiv.o

    ----------------------------------------------------------------------
      2040         54         64          0          0       1388   Library Totals
         8          0          0          0          0          0   (incl. Padding)

    ----------------------------------------------------------------------

      Code (inc. data)   RO Data    RW Data    ZI Data      Debug   Library Name

      2032         54         64          0          0       1388   mc_w.l

    ----------------------------------------------------------------------
      2040         54         64          0          0       1388   Library Totals

    ----------------------------------------------------------------------

==============================================================================


      Code (inc. data)   RO Data    RW Data    ZI Data      Debug   

     16044       1266        832        156       5836     640668   Grand Totals
     16044       1266        832        156       5836     640668   ELF Image Totals
     16044       1266        832        156          0          0   ROM Totals

==============================================================================

    Total RO  Size (Code + RO Data)                16876 (  16.48kB)
    Total RW  Size (RW Data + ZI Data)              5992 (   5.85kB)
    Total ROM Size (Code + RO Data + RW Data)      17032 (  16.63kB)

==============================================================================

