Component: ARM Compiler 5.06 update 5 (build 528) Tool: armlink [4d35e2]

==============================================================================

Section Cross References

    startup_stm32f103xb.o(RESET) refers to startup_stm32f103xb.o(STACK) for __initial_sp
    startup_stm32f103xb.o(RESET) refers to startup_stm32f103xb.o(.text) for Reset_Handler
    startup_stm32f103xb.o(RESET) refers to stm32f1xx_it.o(i.NMI_Handler) for NMI_Handler
    startup_stm32f103xb.o(RESET) refers to stm32f1xx_it.o(i.HardFault_Handler) for HardFault_Handler
    startup_stm32f103xb.o(RESET) refers to stm32f1xx_it.o(i.MemManage_Handler) for MemManage_Handler
    startup_stm32f103xb.o(RESET) refers to stm32f1xx_it.o(i.BusFault_Handler) for BusFault_Handler
    startup_stm32f103xb.o(RESET) refers to stm32f1xx_it.o(i.UsageFault_Handler) for UsageFault_Handler
    startup_stm32f103xb.o(RESET) refers to stm32f1xx_it.o(i.SVC_Handler) for SVC_Handler
    startup_stm32f103xb.o(RESET) refers to stm32f1xx_it.o(i.DebugMon_Handler) for DebugMon_Handler
    startup_stm32f103xb.o(RESET) refers to stm32f1xx_it.o(i.PendSV_Handler) for PendSV_Handler
    startup_stm32f103xb.o(RESET) refers to stm32f1xx_it.o(i.SysTick_Handler) for SysTick_Handler
    startup_stm32f103xb.o(RESET) refers to stm32f1xx_it.o(i.TIM2_IRQHandler) for TIM2_IRQHandler
    startup_stm32f103xb.o(RESET) refers to stm32f1xx_it.o(i.TIM4_IRQHandler) for TIM4_IRQHandler
    startup_stm32f103xb.o(RESET) refers to stm32f1xx_it.o(i.USART2_IRQHandler) for USART2_IRQHandler
    startup_stm32f103xb.o(.text) refers to system_stm32f1xx.o(i.SystemInit) for SystemInit
    startup_stm32f103xb.o(.text) refers to entry.o(.ARM.Collect$$$$00000000) for __main
    main.o(i.Sensor_Convert_All) refers to main.o(i.is_ghost_id) for is_ghost_id
    main.o(i.Sensor_Convert_All) refers to bsp_ds18b20.o(i.DS18B20_Rst) for DS18B20_Rst
    main.o(i.Sensor_Convert_All) refers to core_delay.o(i.CPU_TS_Tmr_Delay_US) for CPU_TS_Tmr_Delay_US
    main.o(i.Sensor_Convert_All) refers to bsp_ds18b20.o(i.DS18B20_Write_Byte) for DS18B20_Write_Byte
    main.o(i.Sensor_Convert_All) refers to bsp_ds18b20.o(i.DS18B20_Mode_Out_PP) for DS18B20_Mode_Out_PP
    main.o(i.Sensor_Convert_All) refers to stm32f1xx_hal_gpio.o(i.HAL_GPIO_WritePin) for HAL_GPIO_WritePin
    main.o(i.Sensor_Convert_All) refers to main.o(.data) for .data
    main.o(i.Sensor_Convert_All) refers to bsp_ds18b20.o(.data) for DS18B20_SensorNum
    main.o(i.Sensor_Read_Send_All) refers to bme280.o(i.BME280_ReadAll) for BME280_ReadAll
    main.o(i.Sensor_Read_Send_All) refers to fflti.o(.text) for __aeabi_i2f
    main.o(i.Sensor_Read_Send_All) refers to fdiv.o(.text) for __aeabi_fdiv
    main.o(i.Sensor_Read_Send_All) refers to ffltui.o(.text) for __aeabi_ui2f
    main.o(i.Sensor_Read_Send_All) refers to fscalb.o(.text) for __ARM_scalbnf
    main.o(i.Sensor_Read_Send_All) refers to main.o(i.is_ghost_id) for is_ghost_id
    main.o(i.Sensor_Read_Send_All) refers to bsp_ds18b20.o(i.GXHT3W_Read_TempHum) for GXHT3W_Read_TempHum
    main.o(i.Sensor_Read_Send_All) refers to memseta.o(.text) for __aeabi_memclr4
    main.o(i.Sensor_Read_Send_All) refers to printfa.o(i.__0sprintf) for __2sprintf
    main.o(i.Sensor_Read_Send_All) refers to f2d.o(.text) for __aeabi_f2d
    main.o(i.Sensor_Read_Send_All) refers to strlen.o(.text) for strlen
    main.o(i.Sensor_Read_Send_All) refers to lora.o(i.LORA_SendData) for LORA_SendData
    main.o(i.Sensor_Read_Send_All) refers to stm32f1xx_hal_gpio.o(i.HAL_GPIO_WritePin) for HAL_GPIO_WritePin
    main.o(i.Sensor_Read_Send_All) refers to stm32f1xx_hal.o(i.HAL_Delay) for HAL_Delay
    main.o(i.Sensor_Read_Send_All) refers to main.o(.data) for .data
    main.o(i.Sensor_Read_Send_All) refers to main.o(.bss) for .bss
    main.o(i.Sensor_Read_Send_All) refers to bsp_ds18b20.o(.data) for DS18B20_SensorNum
    main.o(i.SystemClock_Config) refers to memseta.o(.text) for __aeabi_memclr4
    main.o(i.SystemClock_Config) refers to stm32f1xx_hal_rcc.o(i.HAL_RCC_OscConfig) for HAL_RCC_OscConfig
    main.o(i.SystemClock_Config) refers to main.o(i.Error_Handler) for Error_Handler
    main.o(i.SystemClock_Config) refers to stm32f1xx_hal_rcc.o(i.HAL_RCC_ClockConfig) for HAL_RCC_ClockConfig
    main.o(i.is_ghost_id) refers to bsp_ds18b20.o(.bss) for DS18B20_ID
    main.o(i.main) refers to stm32f1xx_hal.o(i.HAL_Init) for HAL_Init
    main.o(i.main) refers to main.o(i.SystemClock_Config) for SystemClock_Config
    main.o(i.main) refers to gpio.o(i.MX_GPIO_Init) for MX_GPIO_Init
    main.o(i.main) refers to tim.o(i.MX_TIM4_Init) for MX_TIM4_Init
    main.o(i.main) refers to tim.o(i.MX_TIM2_Init) for MX_TIM2_Init
    main.o(i.main) refers to usart.o(i.MX_USART1_UART_Init) for MX_USART1_UART_Init
    main.o(i.main) refers to usart.o(i.MX_USART2_UART_Init) for MX_USART2_UART_Init
    main.o(i.main) refers to i2c.o(i.MX_I2C2_Init) for MX_I2C2_Init
    main.o(i.main) refers to i2c.o(i.HAL_I2C_MspInit) for HAL_I2C_MspInit
[...]
    ../clib/microlib/init/entry.s            0x00000000   Number         0  entry8b.o ABSOLUTE
    ../clib/microlib/init/entry.s            0x00000000   Number         0  entry8a.o ABSOLUTE
    ../clib/microlib/init/entry.s            0x00000000   Number         0  entry7b.o ABSOLUTE
    ../clib/microlib/init/entry.s            0x00000000   Number         0  entry10a.o ABSOLUTE
    ../clib/microlib/init/entry.s            0x00000000   Number         0  entry7a.o ABSOLUTE
    ../clib/microlib/init/entry.s            0x00000000   Number         0  entry2.o ABSOLUTE
    ../clib/microlib/init/entry.s            0x00000000   Number         0  entry.o ABSOLUTE
    ../clib/microlib/init/entry.s            0x00000000   Number         0  entry5.o ABSOLUTE
    ../clib/microlib/init/entry.s            0x00000000   Number         0  entry11b.o ABSOLUTE
    ../clib/microlib/init/entry.s            0x00000000   Number         0  entry11a.o ABSOLUTE
    ../clib/microlib/init/entry.s            0x00000000   Number         0  entry10b.o ABSOLUTE
    ../clib/microlib/longlong.c              0x00000000   Number         0  llsshr.o ABSOLUTE
    ../clib/microlib/longlong.c              0x00000000   Number         0  llshl.o ABSOLUTE
    ../clib/microlib/longlong.c              0x00000000   Number         0  llushr.o ABSOLUTE
    ../clib/microlib/printf/printf.c         0x00000000   Number         0  printf2.o ABSOLUTE
    ../clib/microlib/printf/printf.c         0x00000000   Number         0  printfb.o ABSOLUTE
    ../clib/microlib/printf/printf.c         0x00000000   Number         0  printfa.o ABSOLUTE
    ../clib/microlib/printf/printf.c         0x00000000   Number         0  printf5.o ABSOLUTE
    ../clib/microlib/printf/printf.c         0x00000000   Number         0  printf6.o ABSOLUTE
    ../clib/microlib/printf/printf.c         0x00000000   Number         0  printf1.o ABSOLUTE
    ../clib/microlib/printf/printf.c         0x00000000   Number         0  printf7.o ABSOLUTE
    ../clib/microlib/printf/printf.c         0x00000000   Number         0  printf0.o ABSOLUTE
    ../clib/microlib/printf/printf.c         0x00000000   Number         0  printf3.o ABSOLUTE
    ../clib/microlib/printf/printf.c         0x00000000   Number         0  printf4.o ABSOLUTE
    ../clib/microlib/printf/printf.c         0x00000000   Number         0  printf8.o ABSOLUTE
    ../clib/microlib/printf/stubs.s          0x00000000   Number         0  stubs.o ABSOLUTE
    ../clib/microlib/stdio/streams.c         0x00000000   Number         0  stdout.o ABSOLUTE
    ../clib/microlib/string/memcpy.c         0x00000000   Number         0  memcpya.o ABSOLUTE
    ../clib/microlib/string/memcpy.c         0x00000000   Number         0  memcpyb.o ABSOLUTE
    ../clib/microlib/string/memset.c         0x00000000   Number         0  memseta.o ABSOLUTE
    ../clib/microlib/string/strlen.c         0x00000000   Number         0  strlen.o ABSOLUTE
    ../clib/microlib/string/strstr.c         0x00000000   Number         0  strstr.o ABSOLUTE
    ../clib/microlib/stubs.s                 0x00000000   Number         0  iusefp.o ABSOLUTE
    ../fplib/microlib/f2d.c                  0x00000000   Number         0  f2d.o ABSOLUTE
    ../fplib/microlib/fpadd.c                0x00000000   Number         0  dadd.o ABSOLUTE
    ../fplib/microlib/fpadd.c                0x00000000   Number         0  fadd.o ABSOLUTE
    ../fplib/microlib/fpdiv.c                0x00000000   Number         0  fdiv.o ABSOLUTE
    ../fplib/microlib/fpdiv.c                0x00000000   Number         0  ddiv.o ABSOLUTE
    ../fplib/microlib/fpepilogue.c           0x00000000   Number         0  depilogue.o ABSOLUTE
    ../fplib/microlib/fpepilogue.c           0x00000000   Number         0  fepilogue.o ABSOLUTE
    ../fplib/microlib/fpfix.c                0x00000000   Number         0  dfixul.o ABSOLUTE
    ../fplib/microlib/fpflt.c                0x00000000   Number         0  ffltui.o ABSOLUTE
    ../fplib/microlib/fpflt.c                0x00000000   Number         0  fflti.o ABSOLUTE
    ../fplib/microlib/fpmul.c                0x00000000   Number         0  dmul.o ABSOLUTE
    ../fplib/microlib/fpmul.c                0x00000000   Number         0  fmul.o ABSOLUTE
    ../fplib/microlib/fpscalb.c              0x00000000   Number         0  fscalb.o ABSOLUTE
    ..\Bsp\bme280.c                          0x00000000   Number         0  bme280.o ABSOLUTE
    ..\Bsp\bsp_dht11.c                       0x00000000   Number         0  bsp_dht11.o ABSOLUTE
    ..\Bsp\bsp_ds18b20.c                     0x00000000   Number         0  bsp_ds18b20.o ABSOLUTE
    ..\Bsp\core_delay.c                      0x00000000   Number         0  core_delay.o ABSOLUTE
    ..\Bsp\dip_switch.c                      0x00000000   Number         0  dip_switch.o ABSOLUTE
    ..\Bsp\iic.c                             0x00000000   Number         0  iic.o ABSOLUTE
    ..\Bsp\interrupt.c                       0x00000000   Number         0  interrupt.o ABSOLUTE
    ..\Bsp\lora.c                            0x00000000   Number         0  lora.o ABSOLUTE
    ..\Core\Src\gpio.c                       0x00000000   Number         0  gpio.o ABSOLUTE
    ..\Core\Src\i2c.c                        0x00000000   Number         0  i2c.o ABSOLUTE
    ..\Core\Src\main.c                       0x00000000   Number         0  main.o ABSOLUTE
    ..\Core\Src\stm32f1xx_hal_msp.c          0x00000000   Number         0  stm32f1xx_hal_msp.o ABSOLUTE
    ..\Core\Src\stm32f1xx_it.c               0x00000000   Number         0  stm32f1xx_it.o ABSOLUTE
    ..\Core\Src\system_stm32f1xx.c           0x00000000   Number         0  system_stm32f1xx.o ABSOLUTE
    ..\Core\Src\tim.c                        0x00000000   Number         0  tim.o ABSOLUTE
    ..\Core\Src\usart.c                      0x00000000   Number         0  usart.o ABSOLUTE
    ..\Drivers\STM32F1xx_HAL_Driver\Src\stm32f1xx_hal.c 0x00000000   Number         0  stm32f1xx_hal.o ABSOLUTE
    ..\Drivers\STM32F1xx_HAL_Driver\Src\stm32f1xx_hal_cortex.c 0x00000000   Number         0  stm32f1xx_hal_cortex.o ABSOLUTE
    ..\Drivers\STM32F1xx_HAL_Driver\Src\stm32f1xx_hal_dma.c 0x00000000   Number         0  stm32f1xx_hal_dma.o ABSOLUTE
    ..\Drivers\STM32F1xx_HAL_Driver\Src\stm32f1xx_hal_exti.c 0x00000000   Number         0  stm32f1xx_hal_exti.o ABSOLUTE
    ..\Drivers\STM32F1xx_HAL_Driver\Src\stm32f1xx_hal_flash.c 0x00000000   Number         0  stm32f1xx_hal_flash.o ABSOLUTE
    ..\Drivers\STM32F1xx_HAL_Driver\Src\stm32f1xx_hal_flash_ex.c 0x00000000   Number         0  stm32f1xx_hal_flash_ex.o ABSOLUTE
    ..\Drivers\STM32F1xx_HAL_Driver\Src\stm32f1xx_hal_gpio.c 0x00000000   Number         0  stm32f1xx_hal_gpio.o ABSOLUTE
    ..\Drivers\STM32F1xx_HAL_Driver\Src\stm32f1xx_hal_gpio_ex.c 0x00000000   Number         0  stm32f1xx_hal_gpio_ex.o ABSOLUTE
    ..\Drivers\STM32F1xx_HAL_Driver\Src\stm32f1xx_hal_i2c.c 0x00000000   Number         0  stm32f1xx_hal_i2c.o ABSOLUTE
    ..\Drivers\STM32F1xx_HAL_Driver\Src\stm32f1xx_hal_pwr.c 0x00000000   Number         0  stm32f1xx_hal_pwr.o ABSOLUTE
    ..\Drivers\STM32F1xx_HAL_Driver\Src\stm32f1xx_hal_rcc.c 0x00000000   Number         0  stm32f1xx_hal_rcc.o ABSOLUTE
    ..\Drivers\STM32F1xx_HAL_Driver\Src\stm32f1xx_hal_rcc_ex.c 0x00000000   Number         0  stm32f1xx_hal_rcc_ex.o ABSOLUTE
    ..\Drivers\STM32F1xx_HAL_Driver\Src\stm32f1xx_hal_tim.c 0x00000000   Number         0  stm32f1xx_hal_tim.o ABSOLUTE
    ..\Drivers\STM32F1xx_HAL_Driver\Src\stm32f1xx_hal_tim_ex.c 0x00000000   Number         0  stm32f1xx_hal_tim_ex.o ABSOLUTE
    ..\Drivers\STM32F1xx_HAL_Driver\Src\stm32f1xx_hal_uart.c 0x00000000   Number         0  stm32f1xx_hal_uart.o ABSOLUTE
    ..\\Bsp\\bme280.c                        0x00000000   Number         0  bme280.o ABSOLUTE
    ..\\Bsp\\bsp_dht11.c                     0x00000000   Number         0  bsp_dht11.o ABSOLUTE
    ..\\Bsp\\bsp_ds18b20.c                   0x00000000   Number         0  bsp_ds18b20.o ABSOLUTE
    ..\\Bsp\\core_delay.c                    0x00000000   Number         0  core_delay.o ABSOLUTE
    ..\\Bsp\\dip_switch.c                    0x00000000   Number         0  dip_switch.o ABSOLUTE
    ..\\Bsp\\iic.c                           0x00000000   Number         0  iic.o ABSOLUTE
    ..\\Bsp\\interrupt.c                     0x00000000   Number         0  interrupt.o ABSOLUTE
    ..\\Bsp\\lora.c                          0x00000000   Number         0  lora.o ABSOLUTE
    cdrcmple.s                               0x00000000   Number         0  cdrcmple.o ABSOLUTE
    dc.s                                     0x00000000   Number         0  dc.o ABSOLUTE
    handlers.s                               0x00000000   Number         0  handlers.o ABSOLUTE
    init.s                                   0x00000000   Number         0  init.o ABSOLUTE
    startup_stm32f103xb.s                    0x00000000   Number         0  startup_stm32f103xb.o ABSOLUTE
    RESET                                    0x08000000   Section      236  startup_stm32f103xb.o(RESET)
    .ARM.Collect$$$$00000000                 0x080000ec   Section        0  entry.o(.ARM.Collect$$$$00000000)
    .ARM.Collect$$$$00000001                 0x080000ec   Section        4  entry2.o(.ARM.Collect$$$$00000001)
    .ARM.Collect$$$$00000004                 0x080000f0   Section        4  entry5.o(.ARM.Collect$$$$00000004)
    .ARM.Collect$$$$00000008                 0x080000f4   Section        0  entry7b.o(.ARM.Collect$$$$00000008)
    .ARM.Collect$$$$0000000A                 0x080000f4   Section        0  entry8b.o(.ARM.Collect$$$$0000000A)
    .ARM.Collect$$$$0000000B                 0x080000f4   Section        8  entry9a.o(.ARM.Collect$$$$0000000B)
    .ARM.Collect$$$$0000000D                 0x080000fc   Section        0  entry10a.o(.ARM.Collect$$$$0000000D)
    .ARM.Collect$$$$0000000F                 0x080000fc   Section        0  entry11a.o(.ARM.Collect$$$$0000000F)
    .ARM.Collect$$$$00002712                 0x080000fc   Section        4  entry2.o(.ARM.Collect$$$$00002712)
    __lit__00000000                          0x080000fc   Data           4  entry2.o(.ARM.Collect$$$$00002712)
    .text                                    0x08000100   Section       36  startup_stm32f103xb.o(.text)
    .text                                    0x08000124   Section        0  ldiv.o(.text)
    .text                                    0x08000186   Section        0  llushr.o(.text)
    .text                                    0x080001a6   Section        0  memcpya.o(.text)
    .text                                    0x080001ca   Section        0  memseta.o(.text)
    .text                                    0x080001ee   Section        0  strstr.o(.text)
    .text                                    0x08000212   Section        0  strlen.o(.text)
    .text                                    0x08000220   Section        0  fadd.o(.text)
    .text                                    0x080002d0   Section        0  fmul.o(.text)
    .text                                    0x08000334   Section        0  fdiv.o(.text)
    .text                                    0x080003b0   Section        0  fscalb.o(.text)
    .text                                    0x080003c8   Section        0  fflti.o(.text)
    .text                                    0x080003da   Section        0  ffltui.o(.text)
    .text                                    0x080003e4   Section        0  f2d.o(.text)
    .text                                    0x0800040a   Section        0  uidiv.o(.text)
    .text                                    0x08000436   Section        0  uldiv.o(.text)
    .text                                    0x08000498   Section        0  fepilogue.o(.text)
    .text                                    0x08000498   Section        0  iusefp.o(.text)
    .text                                    0x08000506   Section        0  dadd.o(.text)
    .text                                    0x08000654   Section        0  dmul.o(.text)
    .text                                    0x08000738   Section        0  ddiv.o(.text)
    .text                                    0x08000816   Section        0  dfixul.o(.text)
    .text                                    0x08000848   Section       48  cdrcmple.o(.text)
    .text                                    0x08000878   Section       36  init.o(.text)
    .text                                    0x0800089c   Section        0  llshl.o(.text)
    .text                                    0x080008ba   Section        0  llsshr.o(.text)
    .text                                    0x080008de   Section        0  depilogue.o(.text)
    i.BME280_Compensate_H                    0x08000998   Section        0  bme280.o(i.BME280_Compensate_H)
    BME280_Compensate_H                      0x08000999   Thumb Code   148  bme280.o(i.BME280_Compensate_H)
    i.BME280_Compensate_P                    0x08000a2c   Section        0  bme280.o(i.BME280_Compensate_P)
    BME280_Compensate_P                      0x08000a2d   Thumb Code   364  bme280.o(i.BME280_Compensate_P)
    i.BME280_Compensate_T                    0x08000b9c   Section        0  bme280.o(i.BME280_Compensate_T)
    BME280_Compensate_T                      0x08000b9d   Thumb Code    48  bme280.o(i.BME280_Compensate_T)
    i.BME280_Config                          0x08000bcc   Section        0  bme280.o(i.BME280_Config)
    i.BME280_Init                            0x08000c1c   Section        0  bme280.o(i.BME280_Init)
    i.BME280_ReadAll                         0x08000d62   Section        0  bme280.o(i.BME280_ReadAll)
    i.BME280_ReadRaw                         0x08000da0   Section        0  bme280.o(i.BME280_ReadRaw)
    BME280_ReadRaw                           0x08000da1   Thumb Code   170  bme280.o(i.BME280_ReadRaw)
    i.BME280_ReadRegs                        0x08000e4a   Section        0  bme280.o(i.BME280_ReadRegs)
    i.BME280_SoftReset                       0x08000e66   Section        0  bme280.o(i.BME280_SoftReset)
    i.BME280_WriteReg                        0x08000e6e   Section        0  bme280.o(i.BME280_WriteReg)
    i.BusFault_Handler                       0x08000e8e   Section        0  stm32f1xx_it.o(i.BusFault_Handler)
    i.CPU_TS_TmrInit                         0x08000e90   Section        0  core_delay.o(i.CPU_TS_TmrInit)
    i.CPU_TS_TmrRd                           0x08000eb4   Section        0  core_delay.o(i.CPU_TS_TmrRd)
    i.CPU_TS_Tmr_Delay_US                    0x08000ec0   Section        0  core_delay.o(i.CPU_TS_Tmr_Delay_US)
    i.DIP_Switch_Init                        0x08000f08   Section        0  dip_switch.o(i.DIP_Switch_Init)
    i.DIP_Switch_Read                        0x08000f44   Section        0  dip_switch.o(i.DIP_Switch_Read)
    i.DS18B20_Answer_Check                   0x08000f90   Section        0  bsp_ds18b20.o(i.DS18B20_Answer_Check)
    i.DS18B20_Crc                            0x08000fea   Section        0  bsp_ds18b20.o(i.DS18B20_Crc)
    i.DS18B20_GPIO_Config                    0x0800101e   Section        0  bsp_ds18b20.o(i.DS18B20_GPIO_Config)
    i.DS18B20_Init                           0x08001046   Section        0  bsp_ds18b20.o(i.DS18B20_Init)
    i.DS18B20_Mode_IPU                       0x08001068   Section        0  bsp_ds18b20.o(i.DS18B20_Mode_IPU)
    i.DS18B20_Mode_Out                       0x0800107c   Section        0  bsp_ds18b20.o(i.DS18B20_Mode_Out)
    i.DS18B20_Mode_Out_PP                    0x08001094   Section        0  bsp_ds18b20.o(i.DS18B20_Mode_Out_PP)
    i.DS18B20_Read_2Bit                      0x080010ac   Section        0  bsp_ds18b20.o(i.DS18B20_Read_2Bit)
    i.DS18B20_Read_Bit                       0x0800110e   Section        0  bsp_ds18b20.o(i.DS18B20_Read_Bit)
    i.DS18B20_Read_Byte                      0x0800115c   Section        0  bsp_ds18b20.o(i.DS18B20_Read_Byte)
    i.DS18B20_Rst                            0x08001184   Section        0  bsp_ds18b20.o(i.DS18B20_Rst)
    i.DS18B20_Search_Rom                     0x080011b8   Section        0  bsp_ds18b20.o(i.DS18B20_Search_Rom)
    i.DS18B20_Write_Bit                      0x080012e0   Section        0  bsp_ds18b20.o(i.DS18B20_Write_Bit)
    i.DS18B20_Write_Byte                     0x0800133a   Section        0  bsp_ds18b20.o(i.DS18B20_Write_Byte)
    i.DebugMon_Handler                       0x08001360   Section        0  stm32f1xx_it.o(i.DebugMon_Handler)
    i.Error_Handler                          0x08001362   Section        0  main.o(i.Error_Handler)
    i.GXHT3W_Read_TempHum                    0x08001368   Section        0  bsp_ds18b20.o(i.GXHT3W_Read_TempHum)
    i.HAL_DMA_Abort                          0x08001458   Section        0  stm32f1xx_hal_dma.o(i.HAL_DMA_Abort)
    i.HAL_DMA_Abort_IT                       0x080014a0   Section        0  stm32f1xx_hal_dma.o(i.HAL_DMA_Abort_IT)
    i.HAL_Delay                              0x08001538   Section        0  stm32f1xx_hal.o(i.HAL_Delay)
    i.HAL_GPIO_Init                          0x0800155c   Section        0  stm32f1xx_hal_gpio.o(i.HAL_GPIO_Init)
    i.HAL_GPIO_ReadPin                       0x0800174c   Section        0  stm32f1xx_hal_gpio.o(i.HAL_GPIO_ReadPin)
    i.HAL_GPIO_TogglePin                     0x0800175a   Section        0  stm32f1xx_hal_gpio.o(i.HAL_GPIO_TogglePin)
    i.HAL_GPIO_WritePin                      0x0800176a   Section        0  stm32f1xx_hal_gpio.o(i.HAL_GPIO_WritePin)
    i.HAL_GetTick                            0x08001778   Section        0  stm32f1xx_hal.o(i.HAL_GetTick)
    i.HAL_I2C_Init                           0x08001784   Section        0  stm32f1xx_hal_i2c.o(i.HAL_I2C_Init)
    i.HAL_I2C_Mem_Read                       0x0800191c   Section        0  stm32f1xx_hal_i2c.o(i.HAL_I2C_Mem_Read)
    i.HAL_I2C_Mem_Write                      0x08001bf4   Section        0  stm32f1xx_hal_i2c.o(i.HAL_I2C_Mem_Write)
    i.HAL_I2C_MspInit                        0x08001d38   Section        0  i2c.o(i.HAL_I2C_MspInit)
    i.HAL_IncTick                            0x08001d98   Section        0  stm32f1xx_hal.o(i.HAL_IncTick)
    i.HAL_Init                               0x08001da8   Section        0  stm32f1xx_hal.o(i.HAL_Init)
    i.HAL_InitTick                           0x08001dcc   Section        0  stm32f1xx_hal.o(i.HAL_InitTick)
    i.HAL_MspInit                            0x08001e10   Section        0  stm32f1xx_hal_msp.o(i.HAL_MspInit)
    i.HAL_NVIC_EnableIRQ                     0x08001e4c   Section        0  stm32f1xx_hal_cortex.o(i.HAL_NVIC_EnableIRQ)
    i.HAL_NVIC_SetPriority                   0x08001e68   Section        0  stm32f1xx_hal_cortex.o(i.HAL_NVIC_SetPriority)
    i.HAL_NVIC_SetPriorityGrouping           0x08001ea8   Section        0  stm32f1xx_hal_cortex.o(i.HAL_NVIC_SetPriorityGrouping)
    i.HAL_RCC_ClockConfig                    0x08001ecc   Section        0  stm32f1xx_hal_rcc.o(i.HAL_RCC_ClockConfig)
    i.HAL_RCC_GetHCLKFreq                    0x08002020   Section        0  stm32f1xx_hal_rcc.o(i.HAL_RCC_GetHCLKFreq)
    i.HAL_RCC_GetPCLK1Freq                   0x0800202c   Section        0  stm32f1xx_hal_rcc.o(i.HAL_RCC_GetPCLK1Freq)
    i.HAL_RCC_GetPCLK2Freq                   0x0800204c   Section        0  stm32f1xx_hal_rcc.o(i.HAL_RCC_GetPCLK2Freq)
    i.HAL_RCC_GetSysClockFreq                0x0800206c   Section        0  stm32f1xx_hal_rcc.o(i.HAL_RCC_GetSysClockFreq)
    i.HAL_RCC_OscConfig                      0x080020b8   Section        0  stm32f1xx_hal_rcc.o(i.HAL_RCC_OscConfig)
    i.HAL_SYSTICK_Config                     0x0800243c   Section        0  stm32f1xx_hal_cortex.o(i.HAL_SYSTICK_Config)
    i.HAL_TIMEx_BreakCallback                0x08002464   Section        0  stm32f1xx_hal_tim_ex.o(i.HAL_TIMEx_BreakCallback)
    i.HAL_TIMEx_CommutCallback               0x08002466   Section        0  stm32f1xx_hal_tim_ex.o(i.HAL_TIMEx_CommutCallback)
    i.HAL_TIMEx_MasterConfigSynchronization  0x08002468   Section        0  stm32f1xx_hal_tim_ex.o(i.HAL_TIMEx_MasterConfigSynchronization)
    i.HAL_TIM_Base_Init                      0x080024d0   Section        0  stm32f1xx_hal_tim.o(i.HAL_TIM_Base_Init)
    i.HAL_TIM_Base_MspInit                   0x0800251c   Section        0  tim.o(i.HAL_TIM_Base_MspInit)
    i.HAL_TIM_Base_Start_IT                  0x08002580   Section        0  stm32f1xx_hal_tim.o(i.HAL_TIM_Base_Start_IT)
    i.HAL_TIM_ConfigClockSource              0x080025e4   Section        0  stm32f1xx_hal_tim.o(i.HAL_TIM_ConfigClockSource)
    i.HAL_TIM_IC_CaptureCallback             0x080026cc   Section        0  stm32f1xx_hal_tim.o(i.HAL_TIM_IC_CaptureCallback)
    i.HAL_TIM_IRQHandler                     0x080026ce   Section        0  stm32f1xx_hal_tim.o(i.HAL_TIM_IRQHandler)
    i.HAL_TIM_OC_DelayElapsedCallback        0x0800283c   Section        0  stm32f1xx_hal_tim.o(i.HAL_TIM_OC_DelayElapsedCallback)
    i.HAL_TIM_PWM_PulseFinishedCallback      0x0800283e   Section        0  stm32f1xx_hal_tim.o(i.HAL_TIM_PWM_PulseFinishedCallback)
    i.HAL_TIM_PeriodElapsedCallback          0x08002840   Section        0  interrupt.o(i.HAL_TIM_PeriodElapsedCallback)
    i.HAL_TIM_TriggerCallback                0x0800285c   Section        0  stm32f1xx_hal_tim.o(i.HAL_TIM_TriggerCallback)
    i.HAL_UARTEx_RxEventCallback             0x0800285e   Section        0  stm32f1xx_hal_uart.o(i.HAL_UARTEx_RxEventCallback)
    i.HAL_UART_ErrorCallback                 0x08002860   Section        0  stm32f1xx_hal_uart.o(i.HAL_UART_ErrorCallback)
    i.HAL_UART_IRQHandler                    0x08002864   Section        0  stm32f1xx_hal_uart.o(i.HAL_UART_IRQHandler)
    i.HAL_UART_Init                          0x08002a94   Section        0  stm32f1xx_hal_uart.o(i.HAL_UART_Init)
    i.HAL_UART_MspInit                       0x08002afc   Section        0  usart.o(i.HAL_UART_MspInit)
    i.HAL_UART_Receive_IT                    0x08002bc8   Section        0  stm32f1xx_hal_uart.o(i.HAL_UART_Receive_IT)
    i.HAL_UART_RxCpltCallback                0x08002be4   Section        0  interrupt.o(i.HAL_UART_RxCpltCallback)
    i.HAL_UART_Transmit                      0x08002c10   Section        0  stm32f1xx_hal_uart.o(i.HAL_UART_Transmit)
    i.HAL_UART_TxCpltCallback                0x08002cb4   Section        0  stm32f1xx_hal_uart.o(i.HAL_UART_TxCpltCallback)
    i.HardFault_Handler                      0x08002cb6   Section        0  stm32f1xx_it.o(i.HardFault_Handler)
    i.I2C_IsAcknowledgeFailed                0x08002cb8   Section        0  stm32f1xx_hal_i2c.o(i.I2C_IsAcknowledgeFailed)
    I2C_IsAcknowledgeFailed                  0x08002cb9   Thumb Code    46  stm32f1xx_hal_i2c.o(i.I2C_IsAcknowledgeFailed)
    i.I2C_RequestMemoryRead                  0x08002ce8   Section        0  stm32f1xx_hal_i2c.o(i.I2C_RequestMemoryRead)
    I2C_RequestMemoryRead                    0x08002ce9   Thumb Code   314  stm32f1xx_hal_i2c.o(i.I2C_RequestMemoryRead)
    i.I2C_RequestMemoryWrite                 0x08002e28   Section        0  stm32f1xx_hal_i2c.o(i.I2C_RequestMemoryWrite)
    I2C_RequestMemoryWrite                   0x08002e29   Thumb Code   192  stm32f1xx_hal_i2c.o(i.I2C_RequestMemoryWrite)
    i.I2C_WaitOnBTFFlagUntilTimeout          0x08002eec   Section        0  stm32f1xx_hal_i2c.o(i.I2C_WaitOnBTFFlagUntilTimeout)
    I2C_WaitOnBTFFlagUntilTimeout            0x08002eed   Thumb Code    88  stm32f1xx_hal_i2c.o(i.I2C_WaitOnBTFFlagUntilTimeout)
    i.I2C_WaitOnFlagUntilTimeout             0x08002f44   Section        0  stm32f1xx_hal_i2c.o(i.I2C_WaitOnFlagUntilTimeout)
    I2C_WaitOnFlagUntilTimeout               0x08002f45   Thumb Code   172  stm32f1xx_hal_i2c.o(i.I2C_WaitOnFlagUntilTimeout)
    i.I2C_WaitOnMasterAddressFlagUntilTimeout 0x08002ff0   Section        0  stm32f1xx_hal_i2c.o(i.I2C_WaitOnMasterAddressFlagUntilTimeout)
    I2C_WaitOnMasterAddressFlagUntilTimeout  0x08002ff1   Thumb Code   200  stm32f1xx_hal_i2c.o(i.I2C_WaitOnMasterAddressFlagUntilTimeout)
    i.I2C_WaitOnRXNEFlagUntilTimeout         0x080030b8   Section        0  stm32f1xx_hal_i2c.o(i.I2C_WaitOnRXNEFlagUntilTimeout)
    I2C_WaitOnRXNEFlagUntilTimeout           0x080030b9   Thumb Code   118  stm32f1xx_hal_i2c.o(i.I2C_WaitOnRXNEFlagUntilTimeout)
    i.I2C_WaitOnTXEFlagUntilTimeout          0x0800312e   Section        0  stm32f1xx_hal_i2c.o(i.I2C_WaitOnTXEFlagUntilTimeout)
    I2C_WaitOnTXEFlagUntilTimeout            0x0800312f   Thumb Code    88  stm32f1xx_hal_i2c.o(i.I2C_WaitOnTXEFlagUntilTimeout)
    i.LORA_Clear                             0x08003188   Section        0  lora.o(i.LORA_Clear)
    i.LORA_Init                              0x080031a4   Section        0  lora.o(i.LORA_Init)
    i.LORA_SendCmd                           0x08003448   Section        0  lora.o(i.LORA_SendCmd)
    i.LORA_SendData                          0x080034f4   Section        0  lora.o(i.LORA_SendData)
    i.LORA_WaitRecive                        0x08003568   Section        0  lora.o(i.LORA_WaitRecive)
    i.MX_GPIO_Init                           0x08003598   Section        0  gpio.o(i.MX_GPIO_Init)
    i.MX_I2C2_Init                           0x08003644   Section        0  i2c.o(i.MX_I2C2_Init)
    i.MX_TIM2_Init                           0x08003684   Section        0  tim.o(i.MX_TIM2_Init)
    i.MX_TIM4_Init                           0x080036ec   Section        0  tim.o(i.MX_TIM4_Init)
    i.MX_USART1_UART_Init                    0x08003754   Section        0  usart.o(i.MX_USART1_UART_Init)
    i.MX_USART2_UART_Init                    0x0800378c   Section        0  usart.o(i.MX_USART2_UART_Init)
    i.MemManage_Handler                      0x080037c4   Section        0  stm32f1xx_it.o(i.MemManage_Handler)
    i.NMI_Handler                            0x080037c6   Section        0  stm32f1xx_it.o(i.NMI_Handler)
    i.PendSV_Handler                         0x080037c8   Section        0  stm32f1xx_it.o(i.PendSV_Handler)
    i.RCC_Delay                              0x080037cc   Section        0  stm32f1xx_hal_rcc.o(i.RCC_Delay)
    RCC_Delay                                0x080037cd   Thumb Code    30  stm32f1xx_hal_rcc.o(i.RCC_Delay)
    i.SVC_Handler                            0x080037f0   Section        0  stm32f1xx_it.o(i.SVC_Handler)
    i.Sensor_Convert_All                     0x080037f4   Section        0  main.o(i.Sensor_Convert_All)
    Sensor_Convert_All                       0x080037f5   Thumb Code   126  main.o(i.Sensor_Convert_All)
    i.Sensor_Detect                          0x0800387c   Section        0  interrupt.o(i.Sensor_Detect)
    i.Sensor_Read_Send_All                   0x08003960   Section        0  main.o(i.Sensor_Read_Send_All)
    Sensor_Read_Send_All                     0x08003961   Thumb Code   662  main.o(i.Sensor_Read_Send_All)
    i.SysTick_Handler                        0x08003c64   Section        0  stm32f1xx_it.o(i.SysTick_Handler)
    i.SystemClock_Config                     0x08003c68   Section        0  main.o(i.SystemClock_Config)
    i.SystemInit                             0x08003cc6   Section        0  system_stm32f1xx.o(i.SystemInit)
    i.TIM2_IRQHandler                        0x08003cc8   Section        0  stm32f1xx_it.o(i.TIM2_IRQHandler)
    i.TIM4_IRQHandler                        0x08003cd4   Section        0  stm32f1xx_it.o(i.TIM4_IRQHandler)
    i.TIM_Base_SetConfig                     0x08003ce0   Section        0  stm32f1xx_hal_tim.o(i.TIM_Base_SetConfig)
    i.TIM_ETR_SetConfig                      0x08003d4c   Section        0  stm32f1xx_hal_tim.o(i.TIM_ETR_SetConfig)
    i.TIM_ITRx_SetConfig                     0x08003d60   Section        0  stm32f1xx_hal_tim.o(i.TIM_ITRx_SetConfig)
    TIM_ITRx_SetConfig                       0x08003d61   Thumb Code    16  stm32f1xx_hal_tim.o(i.TIM_ITRx_SetConfig)
    i.TIM_TI1_ConfigInputStage               0x08003d70   Section        0  stm32f1xx_hal_tim.o(i.TIM_TI1_ConfigInputStage)
    TIM_TI1_ConfigInputStage                 0x08003d71   Thumb Code    34  stm32f1xx_hal_tim.o(i.TIM_TI1_ConfigInputStage)
    i.TIM_TI2_ConfigInputStage               0x08003d92   Section        0  stm32f1xx_hal_tim.o(i.TIM_TI2_ConfigInputStage)
    TIM_TI2_ConfigInputStage                 0x08003d93   Thumb Code    36  stm32f1xx_hal_tim.o(i.TIM_TI2_ConfigInputStage)
    i.UART_DMAAbortOnError                   0x08003db6   Section        0  stm32f1xx_hal_uart.o(i.UART_DMAAbortOnError)
    UART_DMAAbortOnError                     0x08003db7   Thumb Code    16  stm32f1xx_hal_uart.o(i.UART_DMAAbortOnError)
    i.UART_EndRxTransfer                     0x08003dc6   Section        0  stm32f1xx_hal_uart.o(i.UART_EndRxTransfer)
    UART_EndRxTransfer                       0x08003dc7   Thumb Code    78  stm32f1xx_hal_uart.o(i.UART_EndRxTransfer)
    i.UART_EndTransmit_IT                    0x08003e14   Section        0  stm32f1xx_hal_uart.o(i.UART_EndTransmit_IT)
    UART_EndTransmit_IT                      0x08003e15   Thumb Code    26  stm32f1xx_hal_uart.o(i.UART_EndTransmit_IT)
    i.UART_Receive_IT                        0x08003e2e   Section        0  stm32f1xx_hal_uart.o(i.UART_Receive_IT)
    UART_Receive_IT                          0x08003e2f   Thumb Code   200  stm32f1xx_hal_uart.o(i.UART_Receive_IT)
    i.UART_SetConfig                         0x08003ef8   Section        0  stm32f1xx_hal_uart.o(i.UART_SetConfig)
    UART_SetConfig                           0x08003ef9   Thumb Code   178  stm32f1xx_hal_uart.o(i.UART_SetConfig)
    i.UART_Start_Receive_IT                  0x08003fb0   Section        0  stm32f1xx_hal_uart.o(i.UART_Start_Receive_IT)
    i.UART_Transmit_IT                       0x08003fe8   Section        0  stm32f1xx_hal_uart.o(i.UART_Transmit_IT)
    UART_Transmit_IT                         0x08003fe9   Thumb Code    94  stm32f1xx_hal_uart.o(i.UART_Transmit_IT)
    i.UART_WaitOnFlagUntilTimeout            0x08004046   Section        0  stm32f1xx_hal_uart.o(i.UART_WaitOnFlagUntilTimeout)
    UART_WaitOnFlagUntilTimeout              0x08004047   Thumb Code   116  stm32f1xx_hal_uart.o(i.UART_WaitOnFlagUntilTimeout)
    i.USART2_IRQHandler                      0x080040bc   Section        0  stm32f1xx_it.o(i.USART2_IRQHandler)
    i.UsageFault_Handler                     0x080040c8   Section        0  stm32f1xx_it.o(i.UsageFault_Handler)
    i.Usart_SendString                       0x080040ca   Section        0  usart.o(i.Usart_SendString)
    i.__0printf                              0x080040f8   Section        0  printfa.o(i.__0printf)
    i.__0sprintf                             0x08004118   Section        0  printfa.o(i.__0sprintf)
    i.__NVIC_SetPriority                     0x08004140   Section        0  stm32f1xx_hal_cortex.o(i.__NVIC_SetPriority)
    __NVIC_SetPriority                       0x08004141   Thumb Code    32  stm32f1xx_hal_cortex.o(i.__NVIC_SetPriority)
    i.__scatterload_copy                     0x08004160   Section       14  handlers.o(i.__scatterload_copy)
    i.__scatterload_null                     0x0800416e   Section        2  handlers.o(i.__scatterload_null)
    i.__scatterload_zeroinit                 0x08004170   Section       14  handlers.o(i.__scatterload_zeroinit)
    i._fp_digits                             0x08004180   Section        0  printfa.o(i._fp_digits)
    _fp_digits                               0x08004181   Thumb Code   366  printfa.o(i._fp_digits)
    i._printf_core                           0x08004304   Section        0  printfa.o(i._printf_core)
    _printf_core                             0x08004305   Thumb Code  1744  printfa.o(i._printf_core)
    i._printf_post_padding                   0x080049e0   Section        0  printfa.o(i._printf_post_padding)
    _printf_post_padding                     0x080049e1   Thumb Code    36  printfa.o(i._printf_post_padding)
    i._printf_pre_padding                    0x08004a04   Section        0  printfa.o(i._printf_pre_padding)
    _printf_pre_padding                      0x08004a05   Thumb Code    46  printfa.o(i._printf_pre_padding)
    i._sputc                                 0x08004a32   Section        0  printfa.o(i._sputc)
    _sputc                                   0x08004a33   Thumb Code    10  printfa.o(i._sputc)
    i.fputc                                  0x08004a3c   Section        0  usart.o(i.fputc)
    i.is_ghost_id                            0x08004a54   Section        0  main.o(i.is_ghost_id)
    is_ghost_id                              0x08004a55   Thumb Code    32  main.o(i.is_ghost_id)
    i.main                                   0x08004a78   Section        0  main.o(i.main)
    .constdata                               0x08004c58   Section       18  stm32f1xx_hal_rcc.o(.constdata)
    aPredivFactorTable                       0x08004c58   Data           2  stm32f1xx_hal_rcc.o(.constdata)
    aPLLMULFactorTable                       0x08004c5a   Data          16  stm32f1xx_hal_rcc.o(.constdata)
    .constdata                               0x08004c6a   Section       16  system_stm32f1xx.o(.constdata)
    .constdata                               0x08004c7a   Section        8  system_stm32f1xx.o(.constdata)
    .data                                    0x20000000   Section       44  main.o(.data)
    s_phase                                  0x20000001   Data           1  main.o(.data)
    s_wait                                   0x20000002   Data           1  main.o(.data)
    cnt_cycle                                0x20000003   Data           1  main.o(.data)
    .data                                    0x2000002c   Section       12  stm32f1xx_hal.o(.data)
    .data                                    0x20000038   Section        4  system_stm32f1xx.o(.data)
    .data                                    0x2000003c   Section        4  interrupt.o(.data)
    .data                                    0x20000040   Section        6  bsp_ds18b20.o(.data)
    .data                                    0x20000046   Section        2  lora.o(.data)
    .data                                    0x20000048   Section        4  stdout.o(.data)
    .bss                                     0x2000004c   Section      244  main.o(.bss)
    .bss                                     0x20000140   Section       84  i2c.o(.bss)
    .bss                                     0x20000194   Section      144  tim.o(.bss)
    .bss                                     0x20000224   Section      144  usart.o(.bss)
    .bss                                     0x200002b4   Section      100  interrupt.o(.bss)
    .bss                                     0x20000318   Section      384  bsp_ds18b20.o(.bss)
    STACK                                    0x20000498   Section     1024  startup_stm32f103xb.o(STACK)

    Global Symbols

    Symbol Name                              Value     Ov Type        Size  Object(Section)

    BuildAttributes$$THM_ISAv4$P$D$K$B$S$PE$A:L22UL41UL21$X:L11$S22US41US21$IEEE1$IW$USESV6$~STKCKD$USESV7$~SHL$OTIME$ROPI$EBA8$MICROLIB$REQ8$PRES8$EABIv2 0x00000000   Number         0  anon$$obj.o ABSOLUTE
    __ARM_use_no_argv                        0x00000000   Number         0  main.o ABSOLUTE
    _printf_a                                0x00000000   Number         0  stubs.o ABSOLUTE
    _printf_c                                0x00000000   Number         0  stubs.o ABSOLUTE
    _printf_charcount                        0x00000000   Number         0  stubs.o ABSOLUTE
    _printf_d                                0x00000000   Number         0  stubs.o ABSOLUTE
    _printf_e                                0x00000000   Number         0  stubs.o ABSOLUTE
    _printf_f                                0x00000000   Number         0  stubs.o ABSOLUTE
    _printf_flags                            0x00000000   Number         0  stubs.o ABSOLUTE
    _printf_fp_dec                           0x00000000   Number         0  stubs.o ABSOLUTE
    _printf_fp_hex                           0x00000000   Number         0  stubs.o ABSOLUTE
    _printf_g                                0x00000000   Number         0  stubs.o ABSOLUTE
    _printf_i                                0x00000000   Number         0  stubs.o ABSOLUTE
    _printf_int_dec                          0x00000000   Number         0  stubs.o ABSOLUTE
    _printf_l                                0x00000000   Number         0  stubs.o ABSOLUTE
    _printf_lc                               0x00000000   Number         0  stubs.o ABSOLUTE
    _printf_ll                               0x00000000   Number         0  stubs.o ABSOLUTE
    _printf_lld                              0x00000000   Number         0  stubs.o ABSOLUTE
    _printf_lli                              0x00000000   Number         0  stubs.o ABSOLUTE
    _printf_llo                              0x00000000   Number         0  stubs.o ABSOLUTE
    _printf_llu                              0x00000000   Number         0  stubs.o ABSOLUTE
    _printf_llx                              0x00000000   Number         0  stubs.o ABSOLUTE
    _printf_longlong_dec                     0x00000000   Number         0  stubs.o ABSOLUTE
    _printf_longlong_hex                     0x00000000   Number         0  stubs.o ABSOLUTE
    _printf_longlong_oct                     0x00000000   Number         0  stubs.o ABSOLUTE
    _printf_ls                               0x00000000   Number         0  stubs.o ABSOLUTE
    _printf_mbtowc                           0x00000000   Number         0  stubs.o ABSOLUTE
    _printf_n                                0x00000000   Number         0  stubs.o ABSOLUTE
    _printf_o                                0x00000000   Number         0  stubs.o ABSOLUTE
    _printf_p                                0x00000000   Number         0  stubs.o ABSOLUTE
    _printf_percent                          0x00000000   Number         0  stubs.o ABSOLUTE
    _printf_pre_padding                      0x00000000   Number         0  stubs.o ABSOLUTE
    _printf_return_value                     0x00000000   Number         0  stubs.o ABSOLUTE
    _printf_s                                0x00000000   Number         0  stubs.o ABSOLUTE
    _printf_sizespec                         0x00000000   Number         0  stubs.o ABSOLUTE
    _printf_str                              0x00000000   Number         0  stubs.o ABSOLUTE
    _printf_truncate_signed                  0x00000000   Number         0  stubs.o ABSOLUTE
    _printf_truncate_unsigned                0x00000000   Number         0  stubs.o ABSOLUTE
    _printf_u                                0x00000000   Number         0  stubs.o ABSOLUTE
    _printf_wc                               0x00000000   Number         0  stubs.o ABSOLUTE
    _printf_wctomb                           0x00000000   Number         0  stubs.o ABSOLUTE
    _printf_widthprec                        0x00000000   Number         0  stubs.o ABSOLUTE
    _printf_x                                0x00000000   Number         0  stubs.o ABSOLUTE
    __cpp_initialize__aeabi_                  - Undefined Weak Reference
    __cxa_finalize                            - Undefined Weak Reference
    __decompress                              - Undefined Weak Reference
    _clock_init                               - Undefined Weak Reference
    _microlib_exit                            - Undefined Weak Reference
    __Vectors_Size                           0x000000ec   Number         0  startup_stm32f103xb.o ABSOLUTE
    __Vectors                                0x08000000   Data           4  startup_stm32f103xb.o(RESET)
    __Vectors_End                            0x080000ec   Data           0  startup_stm32f103xb.o(RESET)
    __main                                   0x080000ed   Thumb Code     0  entry.o(.ARM.Collect$$$$00000000)
    _main_stk                                0x080000ed   Thumb Code     0  entry2.o(.ARM.Collect$$$$00000001)
    _main_scatterload                        0x080000f1   Thumb Code     0  entry5.o(.ARM.Collect$$$$00000004)
    __main_after_scatterload                 0x080000f5   Thumb Code     0  entry5.o(.ARM.Collect$$$$00000004)
    _main_clock                              0x080000f5   Thumb Code     0  entry7b.o(.ARM.Collect$$$$00000008)
    _main_cpp_init                           0x080000f5   Thumb Code     0  entry8b.o(.ARM.Collect$$$$0000000A)
    _main_init                               0x080000f5   Thumb Code     0  entry9a.o(.ARM.Collect$$$$0000000B)
    __rt_final_cpp                           0x080000fd   Thumb Code     0  entry10a.o(.ARM.Collect$$$$0000000D)
    __rt_final_exit                          0x080000fd   Thumb Code     0  entry11a.o(.ARM.Collect$$$$0000000F)
    Reset_Handler                            0x08000101   Thumb Code     8  startup_stm32f103xb.o(.text)
    ADC1_2_IRQHandler                        0x0800011b   Thumb Code     0  startup_stm32f103xb.o(.text)
    CAN1_RX1_IRQHandler                      0x0800011b   Thumb Code     0  startup_stm32f103xb.o(.text)
    CAN1_SCE_IRQHandler                      0x0800011b   Thumb Code     0  startup_stm32f103xb.o(.text)
    DMA1_Channel1_IRQHandler                 0x0800011b   Thumb Code     0  startup_stm32f103xb.o(.text)
    DMA1_Channel2_IRQHandler                 0x0800011b   Thumb Code     0  startup_stm32f103xb.o(.text)
    DMA1_Channel3_IRQHandler                 0x0800011b   Thumb Code     0  startup_stm32f103xb.o(.text)
    DMA1_Channel4_IRQHandler                 0x0800011b   Thumb Code     0  startup_stm32f103xb.o(.text)
    DMA1_Channel5_IRQHandler                 0x0800011b   Thumb Code     0  startup_stm32f103xb.o(.text)
    DMA1_Channel6_IRQHandler                 0x0800011b   Thumb Code     0  startup_stm32f103xb.o(.text)
    DMA1_Channel7_IRQHandler                 0x0800011b   Thumb Code     0  startup_stm32f103xb.o(.text)
    EXTI0_IRQHandler                         0x0800011b   Thumb Code     0  startup_stm32f103xb.o(.text)
    EXTI15_10_IRQHandler                     0x0800011b   Thumb Code     0  startup_stm32f103xb.o(.text)
    EXTI1_IRQHandler                         0x0800011b   Thumb Code     0  startup_stm32f103xb.o(.text)
    EXTI2_IRQHandler                         0x0800011b   Thumb Code     0  startup_stm32f103xb.o(.text)
    EXTI3_IRQHandler                         0x0800011b   Thumb Code     0  startup_stm32f103xb.o(.text)
    EXTI4_IRQHandler                         0x0800011b   Thumb Code     0  startup_stm32f103xb.o(.text)
    EXTI9_5_IRQHandler                       0x0800011b   Thumb Code     0  startup_stm32f103xb.o(.text)
    FLASH_IRQHandler                         0x0800011b   Thumb Code     0  startup_stm32f103xb.o(.text)
    I2C1_ER_IRQHandler                       0x0800011b   Thumb Code     0  startup_stm32f103xb.o(.text)
    I2C1_EV_IRQHandler                       0x0800011b   Thumb Code     0  startup_stm32f103xb.o(.text)
    I2C2_ER_IRQHandler                       0x0800011b   Thumb Code     0  startup_stm32f103xb.o(.text)
    I2C2_EV_IRQHandler                       0x0800011b   Thumb Code     0  startup_stm32f103xb.o(.text)
    PVD_IRQHandler                           0x0800011b   Thumb Code     0  startup_stm32f103xb.o(.text)
    RCC_IRQHandler                           0x0800011b   Thumb Code     0  startup_stm32f103xb.o(.text)
    RTC_Alarm_IRQHandler                     0x0800011b   Thumb Code     0  startup_stm32f103xb.o(.text)
    RTC_IRQHandler                           0x0800011b   Thumb Code     0  startup_stm32f103xb.o(.text)
    SPI1_IRQHandler                          0x0800011b   Thumb Code     0  startup_stm32f103xb.o(.text)
    SPI2_IRQHandler                          0x0800011b   Thumb Code     0  startup_stm32f103xb.o(.text)
    TAMPER_IRQHandler                        0x0800011b   Thumb Code     0  startup_stm32f103xb.o(.text)
    TIM1_BRK_IRQHandler                      0x0800011b   Thumb Code     0  startup_stm32f103xb.o(.text)
    TIM1_CC_IRQHandler                       0x0800011b   Thumb Code     0  startup_stm32f103xb.o(.text)
    TIM1_TRG_COM_IRQHandler                  0x0800011b   Thumb Code     0  startup_stm32f103xb.o(.text)
    TIM1_UP_IRQHandler                       0x0800011b   Thumb Code     0  startup_stm32f103xb.o(.text)
    TIM3_IRQHandler                          0x0800011b   Thumb Code     0  startup_stm32f103xb.o(.text)
    USART1_IRQHandler                        0x0800011b   Thumb Code     0  startup_stm32f103xb.o(.text)
    USART3_IRQHandler                        0x0800011b   Thumb Code     0  startup_stm32f103xb.o(.text)
    USBWakeUp_IRQHandler                     0x0800011b   Thumb Code     0  startup_stm32f103xb.o(.text)
    USB_HP_CAN1_TX_IRQHandler                0x0800011b   Thumb Code     0  startup_stm32f103xb.o(.text)
    USB_LP_CAN1_RX0_IRQHandler               0x0800011b   Thumb Code     0  startup_stm32f103xb.o(.text)
    WWDG_IRQHandler                          0x0800011b   Thumb Code     0  startup_stm32f103xb.o(.text)
    __aeabi_ldivmod                          0x08000125   Thumb Code    98  ldiv.o(.text)
    __aeabi_llsr                             0x08000187   Thumb Code    32  llushr.o(.text)
    _ll_ushift_r                             0x08000187   Thumb Code     0  llushr.o(.text)
    __aeabi_memcpy                           0x080001a7   Thumb Code    36  memcpya.o(.text)
    __aeabi_memcpy4                          0x080001a7   Thumb Code     0  memcpya.o(.text)
    __aeabi_memcpy8                          0x080001a7   Thumb Code     0  memcpya.o(.text)
    __aeabi_memset                           0x080001cb   Thumb Code    14  memseta.o(.text)
    __aeabi_memset4                          0x080001cb   Thumb Code     0  memseta.o(.text)
    __aeabi_memset8                          0x080001cb   Thumb Code     0  memseta.o(.text)
    __aeabi_memclr                           0x080001d9   Thumb Code     4  memseta.o(.text)
    __aeabi_memclr4                          0x080001d9   Thumb Code     0  memseta.o(.text)
    __aeabi_memclr8                          0x080001d9   Thumb Code     0  memseta.o(.text)
    _memset$wrapper                          0x080001dd   Thumb Code    18  memseta.o(.text)
    strstr                                   0x080001ef   Thumb Code    36  strstr.o(.text)
    strlen                                   0x08000213   Thumb Code    14  strlen.o(.text)
    __aeabi_fadd                             0x08000221   Thumb Code   164  fadd.o(.text)
    __aeabi_fsub                             0x080002c5   Thumb Code     6  fadd.o(.text)
    __aeabi_frsub                            0x080002cb   Thumb Code     6  fadd.o(.text)
    __aeabi_fmul                             0x080002d1   Thumb Code   100  fmul.o(.text)
    __aeabi_fdiv                             0x08000335   Thumb Code   124  fdiv.o(.text)
    __ARM_scalbnf                            0x080003b1   Thumb Code    24  fscalb.o(.text)
    scalbnf                                  0x080003b1   Thumb Code     0  fscalb.o(.text)
    __aeabi_i2f                              0x080003c9   Thumb Code    18  fflti.o(.text)
    __aeabi_ui2f                             0x080003db   Thumb Code    10  ffltui.o(.text)
    __aeabi_f2d                              0x080003e5   Thumb Code    38  f2d.o(.text)
    __aeabi_uidiv                            0x0800040b   Thumb Code     0  uidiv.o(.text)
    __aeabi_uidivmod                         0x0800040b   Thumb Code    44  uidiv.o(.text)
    __aeabi_uldivmod                         0x08000437   Thumb Code    98  uldiv.o(.text)
    __I$use$fp                               0x08000499   Thumb Code     0  iusefp.o(.text)
    _float_round                             0x08000499   Thumb Code    18  fepilogue.o(.text)
    _float_epilogue                          0x080004ab   Thumb Code    92  fepilogue.o(.text)
    __aeabi_dadd                             0x08000507   Thumb Code   322  dadd.o(.text)
    __aeabi_dsub                             0x08000649   Thumb Code     6  dadd.o(.text)
    __aeabi_drsub                            0x0800064f   Thumb Code     6  dadd.o(.text)
    __aeabi_dmul                             0x08000655   Thumb Code   228  dmul.o(.text)
    __aeabi_ddiv                             0x08000739   Thumb Code   222  ddiv.o(.text)
    __aeabi_d2ulz                            0x08000817   Thumb Code    48  dfixul.o(.text)
    __aeabi_cdrcmple                         0x08000849   Thumb Code    48  cdrcmple.o(.text)
    __scatterload                            0x08000879   Thumb Code    28  init.o(.text)
    __scatterload_rt2                        0x08000879   Thumb Code     0  init.o(.text)
    __aeabi_llsl                             0x0800089d   Thumb Code    30  llshl.o(.text)
    _ll_shift_l                              0x0800089d   Thumb Code     0  llshl.o(.text)
    __aeabi_lasr                             0x080008bb   Thumb Code    36  llsshr.o(.text)
    _ll_sshift_r                             0x080008bb   Thumb Code     0  llsshr.o(.text)
    _double_round                            0x080008df   Thumb Code    30  depilogue.o(.text)
    _double_epilogue                         0x080008fd   Thumb Code   156  depilogue.o(.text)
    BME280_Config                            0x08000bcd   Thumb Code    80  bme280.o(i.BME280_Config)
    BME280_Init                              0x08000c1d   Thumb Code   326  bme280.o(i.BME280_Init)
    BME280_ReadAll                           0x08000d63   Thumb Code    62  bme280.o(i.BME280_ReadAll)
    BME280_ReadRegs                          0x08000e4b   Thumb Code    28  bme280.o(i.BME280_ReadRegs)
    BME280_SoftReset                         0x08000e67   Thumb Code     8  bme280.o(i.BME280_SoftReset)
    BME280_WriteReg                          0x08000e6f   Thumb Code    32  bme280.o(i.BME280_WriteReg)
    BusFault_Handler                         0x08000e8f   Thumb Code     2  stm32f1xx_it.o(i.BusFault_Handler)
    CPU_TS_TmrInit                           0x08000e91   Thumb Code    26  core_delay.o(i.CPU_TS_TmrInit)
    CPU_TS_TmrRd                             0x08000eb5   Thumb Code     6  core_delay.o(i.CPU_TS_TmrRd)
    CPU_TS_Tmr_Delay_US                      0x08000ec1   Thumb Code    62  core_delay.o(i.CPU_TS_Tmr_Delay_US)
    DIP_Switch_Init                          0x08000f09   Thumb Code    52  dip_switch.o(i.DIP_Switch_Init)
    DIP_Switch_Read                          0x08000f45   Thumb Code    72  dip_switch.o(i.DIP_Switch_Read)
    DS18B20_Answer_Check                     0x08000f91   Thumb Code    90  bsp_ds18b20.o(i.DS18B20_Answer_Check)
    DS18B20_Crc                              0x08000feb   Thumb Code    52  bsp_ds18b20.o(i.DS18B20_Crc)
    DS18B20_GPIO_Config                      0x0800101f   Thumb Code    40  bsp_ds18b20.o(i.DS18B20_GPIO_Config)
    DS18B20_Init                             0x08001047   Thumb Code    34  bsp_ds18b20.o(i.DS18B20_Init)
    DS18B20_Mode_IPU                         0x08001069   Thumb Code    20  bsp_ds18b20.o(i.DS18B20_Mode_IPU)
    DS18B20_Mode_Out                         0x0800107d   Thumb Code    24  bsp_ds18b20.o(i.DS18B20_Mode_Out)
    DS18B20_Mode_Out_PP                      0x08001095   Thumb Code    24  bsp_ds18b20.o(i.DS18B20_Mode_Out_PP)
    DS18B20_Read_2Bit                        0x080010ad   Thumb Code    98  bsp_ds18b20.o(i.DS18B20_Read_2Bit)
    DS18B20_Read_Bit                         0x0800110f   Thumb Code    78  bsp_ds18b20.o(i.DS18B20_Read_Bit)
    DS18B20_Read_Byte                        0x0800115d   Thumb Code    40  bsp_ds18b20.o(i.DS18B20_Read_Byte)
    DS18B20_Rst                              0x08001185   Thumb Code    52  bsp_ds18b20.o(i.DS18B20_Rst)
    DS18B20_Search_Rom                       0x080011b9   Thumb Code   286  bsp_ds18b20.o(i.DS18B20_Search_Rom)
    DS18B20_Write_Bit                        0x080012e1   Thumb Code    90  bsp_ds18b20.o(i.DS18B20_Write_Bit)
    DS18B20_Write_Byte                       0x0800133b   Thumb Code    38  bsp_ds18b20.o(i.DS18B20_Write_Byte)
    DebugMon_Handler                         0x08001361   Thumb Code     2  stm32f1xx_it.o(i.DebugMon_Handler)
    Error_Handler                            0x08001363   Thumb Code     4  main.o(i.Error_Handler)
    GXHT3W_Read_TempHum                      0x08001369   Thumb Code   216  bsp_ds18b20.o(i.GXHT3W_Read_TempHum)
    HAL_DMA_Abort                            0x08001459   Thumb Code    70  stm32f1xx_hal_dma.o(i.HAL_DMA_Abort)
    HAL_DMA_Abort_IT                         0x080014a1   Thumb Code   148  stm32f1xx_hal_dma.o(i.HAL_DMA_Abort_IT)
    HAL_Delay                                0x08001539   Thumb Code    32  stm32f1xx_hal.o(i.HAL_Delay)
    HAL_GPIO_Init                            0x0800155d   Thumb Code   464  stm32f1xx_hal_gpio.o(i.HAL_GPIO_Init)
    HAL_GPIO_ReadPin                         0x0800174d   Thumb Code    14  stm32f1xx_hal_gpio.o(i.HAL_GPIO_ReadPin)
    HAL_GPIO_TogglePin                       0x0800175b   Thumb Code    16  stm32f1xx_hal_gpio.o(i.HAL_GPIO_TogglePin)
    HAL_GPIO_WritePin                        0x0800176b   Thumb Code    14  stm32f1xx_hal_gpio.o(i.HAL_GPIO_WritePin)
    HAL_GetTick                              0x08001779   Thumb Code     6  stm32f1xx_hal.o(i.HAL_GetTick)
    HAL_I2C_Init                             0x08001785   Thumb Code   392  stm32f1xx_hal_i2c.o(i.HAL_I2C_Init)
    HAL_I2C_Mem_Read                         0x0800191d   Thumb Code   710  stm32f1xx_hal_i2c.o(i.HAL_I2C_Mem_Read)
    HAL_I2C_Mem_Write                        0x08001bf5   Thumb Code   316  stm32f1xx_hal_i2c.o(i.HAL_I2C_Mem_Write)
    HAL_I2C_MspInit                          0x08001d39   Thumb Code    82  i2c.o(i.HAL_I2C_MspInit)
    HAL_IncTick                              0x08001d99   Thumb Code    12  stm32f1xx_hal.o(i.HAL_IncTick)
    HAL_Init                                 0x08001da9   Thumb Code    32  stm32f1xx_hal.o(i.HAL_Init)
    HAL_InitTick                             0x08001dcd   Thumb Code    58  stm32f1xx_hal.o(i.HAL_InitTick)
    HAL_MspInit                              0x08001e11   Thumb Code    52  stm32f1xx_hal_msp.o(i.HAL_MspInit)
    HAL_NVIC_EnableIRQ                       0x08001e4d   Thumb Code    26  stm32f1xx_hal_cortex.o(i.HAL_NVIC_EnableIRQ)
    HAL_NVIC_SetPriority                     0x08001e69   Thumb Code    60  stm32f1xx_hal_cortex.o(i.HAL_NVIC_SetPriority)
    HAL_NVIC_SetPriorityGrouping             0x08001ea9   Thumb Code    26  stm32f1xx_hal_cortex.o(i.HAL_NVIC_SetPriorityGrouping)
    HAL_RCC_ClockConfig                      0x08001ecd   Thumb Code   318  stm32f1xx_hal_rcc.o(i.HAL_RCC_ClockConfig)
    HAL_RCC_GetHCLKFreq                      0x08002021   Thumb Code     6  stm32f1xx_hal_rcc.o(i.HAL_RCC_GetHCLKFreq)
    HAL_RCC_GetPCLK1Freq                     0x0800202d   Thumb Code    22  stm32f1xx_hal_rcc.o(i.HAL_RCC_GetPCLK1Freq)
    HAL_RCC_GetPCLK2Freq                     0x0800204d   Thumb Code    22  stm32f1xx_hal_rcc.o(i.HAL_RCC_GetPCLK2Freq)
    HAL_RCC_GetSysClockFreq                  0x0800206d   Thumb Code    58  stm32f1xx_hal_rcc.o(i.HAL_RCC_GetSysClockFreq)
    HAL_RCC_OscConfig                        0x080020b9   Thumb Code   882  stm32f1xx_hal_rcc.o(i.HAL_RCC_OscConfig)
    HAL_SYSTICK_Config                       0x0800243d   Thumb Code    40  stm32f1xx_hal_cortex.o(i.HAL_SYSTICK_Config)
    HAL_TIMEx_BreakCallback                  0x08002465   Thumb Code     2  stm32f1xx_hal_tim_ex.o(i.HAL_TIMEx_BreakCallback)
    HAL_TIMEx_CommutCallback                 0x08002467   Thumb Code     2  stm32f1xx_hal_tim_ex.o(i.HAL_TIMEx_CommutCallback)
    HAL_TIMEx_MasterConfigSynchronization    0x08002469   Thumb Code    90  stm32f1xx_hal_tim_ex.o(i.HAL_TIMEx_MasterConfigSynchronization)
    HAL_TIM_Base_Init                        0x080024d1   Thumb Code    74  stm32f1xx_hal_tim.o(i.HAL_TIM_Base_Init)
    HAL_TIM_Base_MspInit                     0x0800251d   Thumb Code    92  tim.o(i.HAL_TIM_Base_MspInit)
    HAL_TIM_Base_Start_IT                    0x08002581   Thumb Code    86  stm32f1xx_hal_tim.o(i.HAL_TIM_Base_Start_IT)
    HAL_TIM_ConfigClockSource                0x080025e5   Thumb Code   232  stm32f1xx_hal_tim.o(i.HAL_TIM_ConfigClockSource)
    HAL_TIM_IC_CaptureCallback               0x080026cd   Thumb Code     2  stm32f1xx_hal_tim.o(i.HAL_TIM_IC_CaptureCallback)
    HAL_TIM_IRQHandler                       0x080026cf   Thumb Code   366  stm32f1xx_hal_tim.o(i.HAL_TIM_IRQHandler)
    HAL_TIM_OC_DelayElapsedCallback          0x0800283d   Thumb Code     2  stm32f1xx_hal_tim.o(i.HAL_TIM_OC_DelayElapsedCallback)
    HAL_TIM_PWM_PulseFinishedCallback        0x0800283f   Thumb Code     2  stm32f1xx_hal_tim.o(i.HAL_TIM_PWM_PulseFinishedCallback)
    HAL_TIM_PeriodElapsedCallback            0x08002841   Thumb Code    18  interrupt.o(i.HAL_TIM_PeriodElapsedCallback)
    HAL_TIM_TriggerCallback                  0x0800285d   Thumb Code     2  stm32f1xx_hal_tim.o(i.HAL_TIM_TriggerCallback)
    HAL_UARTEx_RxEventCallback               0x0800285f   Thumb Code     2  stm32f1xx_hal_uart.o(i.HAL_UARTEx_RxEventCallback)
    HAL_UART_ErrorCallback                   0x08002861   Thumb Code     2  stm32f1xx_hal_uart.o(i.HAL_UART_ErrorCallback)
    HAL_UART_IRQHandler                      0x08002865   Thumb Code   554  stm32f1xx_hal_uart.o(i.HAL_UART_IRQHandler)
    HAL_UART_Init                            0x08002a95   Thumb Code   102  stm32f1xx_hal_uart.o(i.HAL_UART_Init)
    HAL_UART_MspInit                         0x08002afd   Thumb Code   186  usart.o(i.HAL_UART_MspInit)
    HAL_UART_Receive_IT                      0x08002bc9   Thumb Code    28  stm32f1xx_hal_uart.o(i.HAL_UART_Receive_IT)
    HAL_UART_RxCpltCallback                  0x08002be5   Thumb Code    32  interrupt.o(i.HAL_UART_RxCpltCallback)
    HAL_UART_Transmit                        0x08002c11   Thumb Code   164  stm32f1xx_hal_uart.o(i.HAL_UART_Transmit)
    HAL_UART_TxCpltCallback                  0x08002cb5   Thumb Code     2  stm32f1xx_hal_uart.o(i.HAL_UART_TxCpltCallback)
    HardFault_Handler                        0x08002cb7   Thumb Code     2  stm32f1xx_it.o(i.HardFault_Handler)
    LORA_Clear                               0x08003189   Thumb Code    18  lora.o(i.LORA_Clear)
    LORA_Init                                0x080031a5   Thumb Code   390  lora.o(i.LORA_Init)
    LORA_SendCmd                             0x08003449   Thumb Code   162  lora.o(i.LORA_SendCmd)
    LORA_SendData                            0x080034f5   Thumb Code   112  lora.o(i.LORA_SendData)
    LORA_WaitRecive                          0x08003569   Thumb Code    38  lora.o(i.LORA_WaitRecive)
    MX_GPIO_Init                             0x08003599   Thumb Code   160  gpio.o(i.MX_GPIO_Init)
    MX_I2C2_Init                             0x08003645   Thumb Code    50  i2c.o(i.MX_I2C2_Init)
    MX_TIM2_Init                             0x08003685   Thumb Code    98  tim.o(i.MX_TIM2_Init)
    MX_TIM4_Init                             0x080036ed   Thumb Code    96  tim.o(i.MX_TIM4_Init)
    MX_USART1_UART_Init                      0x08003755   Thumb Code    48  usart.o(i.MX_USART1_UART_Init)
    MX_USART2_UART_Init                      0x0800378d   Thumb Code    48  usart.o(i.MX_USART2_UART_Init)
    MemManage_Handler                        0x080037c5   Thumb Code     2  stm32f1xx_it.o(i.MemManage_Handler)
    NMI_Handler                              0x080037c7   Thumb Code     2  stm32f1xx_it.o(i.NMI_Handler)
    PendSV_Handler                           0x080037c9   Thumb Code     2  stm32f1xx_it.o(i.PendSV_Handler)
    SVC_Handler                              0x080037f1   Thumb Code     2  stm32f1xx_it.o(i.SVC_Handler)
    Sensor_Detect                            0x0800387d   Thumb Code   220  interrupt.o(i.Sensor_Detect)
    SysTick_Handler                          0x08003c65   Thumb Code     4  stm32f1xx_it.o(i.SysTick_Handler)
    SystemClock_Config                       0x08003c69   Thumb Code    94  main.o(i.SystemClock_Config)
    SystemInit                               0x08003cc7   Thumb Code     2  system_stm32f1xx.o(i.SystemInit)
    TIM2_IRQHandler                          0x08003cc9   Thumb Code     6  stm32f1xx_it.o(i.TIM2_IRQHandler)
    TIM4_IRQHandler                          0x08003cd5   Thumb Code     6  stm32f1xx_it.o(i.TIM4_IRQHandler)
    TIM_Base_SetConfig                       0x08003ce1   Thumb Code    94  stm32f1xx_hal_tim.o(i.TIM_Base_SetConfig)
    TIM_ETR_SetConfig                        0x08003d4d   Thumb Code    20  stm32f1xx_hal_tim.o(i.TIM_ETR_SetConfig)
    UART_Start_Receive_IT                    0x08003fb1   Thumb Code    56  stm32f1xx_hal_uart.o(i.UART_Start_Receive_IT)
    USART2_IRQHandler                        0x080040bd   Thumb Code     6  stm32f1xx_it.o(i.USART2_IRQHandler)
    UsageFault_Handler                       0x080040c9   Thumb Code     2  stm32f1xx_it.o(i.UsageFault_Handler)
    Usart_SendString                         0x080040cb   Thumb Code    46  usart.o(i.Usart_SendString)
    __0printf                                0x080040f9   Thumb Code    22  printfa.o(i.__0printf)
    __1printf                                0x080040f9   Thumb Code     0  printfa.o(i.__0printf)
    __2printf                                0x080040f9   Thumb Code     0  printfa.o(i.__0printf)
    __c89printf                              0x080040f9   Thumb Code     0  printfa.o(i.__0printf)
    printf                                   0x080040f9   Thumb Code     0  printfa.o(i.__0printf)
    __0sprintf                               0x08004119   Thumb Code    34  printfa.o(i.__0sprintf)
    __1sprintf                               0x08004119   Thumb Code     0  printfa.o(i.__0sprintf)
    __2sprintf                               0x08004119   Thumb Code     0  printfa.o(i.__0sprintf)
    __c89sprintf                             0x08004119   Thumb Code     0  printfa.o(i.__0sprintf)
    sprintf                                  0x08004119   Thumb Code     0  printfa.o(i.__0sprintf)
    __scatterload_copy                       0x08004161   Thumb Code    14  handlers.o(i.__scatterload_copy)
    __scatterload_null                       0x0800416f   Thumb Code     2  handlers.o(i.__scatterload_null)
    __scatterload_zeroinit                   0x08004171   Thumb Code    14  handlers.o(i.__scatterload_zeroinit)
    fputc                                    0x08004a3d   Thumb Code    20  usart.o(i.fputc)
    main                                     0x08004a79   Thumb Code   350  main.o(i.main)
    AHBPrescTable                            0x08004c6a   Data          16  system_stm32f1xx.o(.constdata)
    APBPrescTable                            0x08004c7a   Data           8  system_stm32f1xx.o(.constdata)
    Region$$Table$$Base                      0x08004c84   Number         0  anon$$obj.o(Region$$Table)
    Region$$Table$$Limit                     0x08004ca4   Number         0  anon$$obj.o(Region$$Table)
    bme_ok                                   0x20000000   Data           1  main.o(.data)
    sensor_type                              0x20000004   Data           1  main.o(.data)
    DS18B20_ChannelPort                      0x20000008   Data          24  main.o(.data)
    DS18B20_ChannelPin                       0x20000020   Data          12  main.o(.data)
    uwTickFreq                               0x2000002c   Data           1  stm32f1xx_hal.o(.data)
    uwTickPrio                               0x20000030   Data           4  stm32f1xx_hal.o(.data)
    uwTick                                   0x20000034   Data           4  stm32f1xx_hal.o(.data)
    SystemCoreClock                          0x20000038   Data           4  system_stm32f1xx.o(.data)
    rx2_pointer                              0x2000003c   Data           1  interrupt.o(.data)
    rx2_data                                 0x2000003d   Data           1  interrupt.o(.data)
    time_100ms                               0x2000003e   Data           2  interrupt.o(.data)
    DS18B20_SensorNum                        0x20000040   Data           6  bsp_ds18b20.o(.data)
    LORA_cntPre                              0x20000046   Data           2  lora.o(.data)
    __stdout                                 0x20000048   Data           4  stdout.o(.data)
    lora_sp                                  0x2000004c   Data         200  main.o(.bss)
    bme280                                   0x20000114   Data          44  main.o(.bss)
    hi2c2                                    0x20000140   Data          84  i2c.o(.bss)
    htim2                                    0x20000194   Data          72  tim.o(.bss)
    htim4                                    0x200001dc   Data          72  tim.o(.bss)
    huart1                                   0x20000224   Data          72  usart.o(.bss)
    huart2                                   0x2000026c   Data          72  usart.o(.bss)
    Rx2Buffer                                0x200002b4   Data         100  interrupt.o(.bss)
    DS18B20_ID                               0x20000318   Data         384  bsp_ds18b20.o(.bss)
    __initial_sp                             0x20000898   Data           0  startup_stm32f103xb.o(STACK)



==============================================================================

Memory Map of the image

  Image Entry point : 0x080000ed

  Load Region LR_IROM1 (Base: 0x08000000, Size: 0x00004cf0, Max: 0x00010000, ABSOLUTE)

    Execution Region ER_IROM1 (Exec base: 0x08000000, Load base: 0x08000000, Size: 0x00004ca4, Max: 0x00010000, ABSOLUTE)

    Exec Addr    Load Addr    Size         Type   Attr      Idx    E Section Name        Object

    0x08000000   0x08000000   0x000000ec   Data   RO            3    RESET               startup_stm32f103xb.o
    0x080000ec   0x080000ec   0x00000000   Code   RO         3980  * .ARM.Collect$$$$00000000  mc_w.l(entry.o)
    0x080000ec   0x080000ec   0x00000004   Code   RO         4272    .ARM.Collect$$$$00000001  mc_w.l(entry2.o)
    0x080000f0   0x080000f0   0x00000004   Code   RO         4275    .ARM.Collect$$$$00000004  mc_w.l(entry5.o)
    0x080000f4   0x080000f4   0x00000000   Code   RO         4277    .ARM.Collect$$$$00000008  mc_w.l(entry7b.o)
    0x080000f4   0x080000f4   0x00000000   Code   RO         4279    .ARM.Collect$$$$0000000A  mc_w.l(entry8b.o)
    0x080000f4   0x080000f4   0x00000008   Code   RO         4280    .ARM.Collect$$$$0000000B  mc_w.l(entry9a.o)
    0x080000fc   0x080000fc   0x00000000   Code   RO         4282    .ARM.Collect$$$$0000000D  mc_w.l(entry10a.o)
    0x080000fc   0x080000fc   0x00000000   Code   RO         4284    .ARM.Collect$$$$0000000F  mc_w.l(entry11a.o)
    0x080000fc   0x080000fc   0x00000004   Code   RO         4273    .ARM.Collect$$$$00002712  mc_w.l(entry2.o)
    0x08000100   0x08000100   0x00000024   Code   RO            4    .text               startup_stm32f103xb.o
    0x08000124   0x08000124   0x00000062   Code   RO         3983    .text               mc_w.l(ldiv.o)
    0x08000186   0x08000186   0x00000020   Code   RO         3985    .text               mc_w.l(llushr.o)
    0x080001a6   0x080001a6   0x00000024   Code   RO         3987    .text               mc_w.l(memcpya.o)
    0x080001ca   0x080001ca   0x00000024   Code   RO         3989    .text               mc_w.l(memseta.o)
    0x080001ee   0x080001ee   0x00000024   Code   RO         3991    .text               mc_w.l(strstr.o)
    0x08000212   0x08000212   0x0000000e   Code   RO         3993    .text               mc_w.l(strlen.o)
    0x08000220   0x08000220   0x000000b0   Code   RO         4258    .text               mf_w.l(fadd.o)
    0x080002d0   0x080002d0   0x00000064   Code   RO         4260    .text               mf_w.l(fmul.o)
    0x08000334   0x08000334   0x0000007c   Code   RO         4262    .text               mf_w.l(fdiv.o)
    0x080003b0   0x080003b0   0x00000018   Code   RO         4264    .text               mf_w.l(fscalb.o)
    0x080003c8   0x080003c8   0x00000012   Code   RO         4266    .text               mf_w.l(fflti.o)
    0x080003da   0x080003da   0x0000000a   Code   RO         4268    .text               mf_w.l(ffltui.o)
    0x080003e4   0x080003e4   0x00000026   Code   RO         4270    .text               mf_w.l(f2d.o)
    0x0800040a   0x0800040a   0x0000002c   Code   RO         4287    .text               mc_w.l(uidiv.o)
    0x08000436   0x08000436   0x00000062   Code   RO         4289    .text               mc_w.l(uldiv.o)
    0x08000498   0x08000498   0x00000000   Code   RO         4291    .text               mc_w.l(iusefp.o)
    0x08000498   0x08000498   0x0000006e   Code   RO         4292    .text               mf_w.l(fepilogue.o)
    0x08000506   0x08000506   0x0000014e   Code   RO         4294    .text               mf_w.l(dadd.o)
    0x08000654   0x08000654   0x000000e4   Code   RO         4296    .text               mf_w.l(dmul.o)
    0x08000738   0x08000738   0x000000de   Code   RO         4298    .text               mf_w.l(ddiv.o)
    0x08000816   0x08000816   0x00000030   Code   RO         4300    .text               mf_w.l(dfixul.o)
    0x08000846   0x08000846   0x00000002   PAD
    0x08000848   0x08000848   0x00000030   Code   RO         4302    .text               mf_w.l(cdrcmple.o)
    0x08000878   0x08000878   0x00000024   Code   RO         4304    .text               mc_w.l(init.o)
    0x0800089c   0x0800089c   0x0000001e   Code   RO         4306    .text               mc_w.l(llshl.o)
    0x080008ba   0x080008ba   0x00000024   Code   RO         4308    .text               mc_w.l(llsshr.o)
    0x080008de   0x080008de   0x000000ba   Code   RO         4310    .text               mf_w.l(depilogue.o)
    0x08000998   0x08000998   0x00000094   Code   RO         3906    i.BME280_Compensate_H  bme280.o
    0x08000a2c   0x08000a2c   0x00000170   Code   RO         3907    i.BME280_Compensate_P  bme280.o
    0x08000b9c   0x08000b9c   0x00000030   Code   RO         3908    i.BME280_Compensate_T  bme280.o
    0x08000bcc   0x08000bcc   0x00000050   Code   RO         3909    i.BME280_Config     bme280.o
    0x08000c1c   0x08000c1c   0x00000146   Code   RO         3910    i.BME280_Init       bme280.o
    0x08000d62   0x08000d62   0x0000003e   Code   RO         3911    i.BME280_ReadAll    bme280.o
    0x08000da0   0x08000da0   0x000000aa   Code   RO         3912    i.BME280_ReadRaw    bme280.o
    0x08000e4a   0x08000e4a   0x0000001c   Code   RO         3913    i.BME280_ReadRegs   bme280.o
    0x08000e66   0x08000e66   0x00000008   Code   RO         3914    i.BME280_SoftReset  bme280.o
    0x08000e6e   0x08000e6e   0x00000020   Code   RO         3915    i.BME280_WriteReg   bme280.o
    0x08000e8e   0x08000e8e   0x00000002   Code   RO          385    i.BusFault_Handler  stm32f1xx_it.o
    0x08000e90   0x08000e90   0x00000024   Code   RO         3601    i.CPU_TS_TmrInit    core_delay.o
    0x08000eb4   0x08000eb4   0x0000000c   Code   RO         3602    i.CPU_TS_TmrRd      core_delay.o
    0x08000ec0   0x08000ec0   0x00000048   Code   RO         3603    i.CPU_TS_Tmr_Delay_US  core_delay.o
    0x08000f08   0x08000f08   0x0000003c   Code   RO         3871    i.DIP_Switch_Init   dip_switch.o
    0x08000f44   0x08000f44   0x0000004c   Code   RO         3872    i.DIP_Switch_Read   dip_switch.o
    0x08000f90   0x08000f90   0x0000005a   Code   RO         3637    i.DS18B20_Answer_Check  bsp_ds18b20.o
    0x08000fea   0x08000fea   0x00000034   Code   RO         3638    i.DS18B20_Crc       bsp_ds18b20.o
    0x0800101e   0x0800101e   0x00000028   Code   RO         3639    i.DS18B20_GPIO_Config  bsp_ds18b20.o
    0x08001046   0x08001046   0x00000022   Code   RO         3640    i.DS18B20_Init      bsp_ds18b20.o
    0x08001068   0x08001068   0x00000014   Code   RO         3641    i.DS18B20_Mode_IPU  bsp_ds18b20.o
    0x0800107c   0x0800107c   0x00000018   Code   RO         3642    i.DS18B20_Mode_Out  bsp_ds18b20.o
    0x08001094   0x08001094   0x00000018   Code   RO         3643    i.DS18B20_Mode_Out_PP  bsp_ds18b20.o
    0x080010ac   0x080010ac   0x00000062   Code   RO         3644    i.DS18B20_Read_2Bit  bsp_ds18b20.o
    0x0800110e   0x0800110e   0x0000004e   Code   RO         3645    i.DS18B20_Read_Bit  bsp_ds18b20.o
    0x0800115c   0x0800115c   0x00000028   Code   RO         3646    i.DS18B20_Read_Byte  bsp_ds18b20.o
    0x08001184   0x08001184   0x00000034   Code   RO         3648    i.DS18B20_Rst       bsp_ds18b20.o
    0x080011b8   0x080011b8   0x00000128   Code   RO         3649    i.DS18B20_Search_Rom  bsp_ds18b20.o
    0x080012e0   0x080012e0   0x0000005a   Code   RO         3651    i.DS18B20_Write_Bit  bsp_ds18b20.o
    0x0800133a   0x0800133a   0x00000026   Code   RO         3652    i.DS18B20_Write_Byte  bsp_ds18b20.o
    0x08001360   0x08001360   0x00000002   Code   RO          386    i.DebugMon_Handler  stm32f1xx_it.o
    0x08001362   0x08001362   0x00000004   Code   RO           13    i.Error_Handler     main.o
    0x08001366   0x08001366   0x00000002   PAD
    0x08001368   0x08001368   0x000000f0   Code   RO         3653    i.GXHT3W_Read_TempHum  bsp_ds18b20.o
    0x08001458   0x08001458   0x00000046   Code   RO         1483    i.HAL_DMA_Abort     stm32f1xx_hal_dma.o
    0x0800149e   0x0800149e   0x00000002   PAD
    0x080014a0   0x080014a0   0x00000098   Code   RO         1484    i.HAL_DMA_Abort_IT  stm32f1xx_hal_dma.o
    0x08001538   0x08001538   0x00000024   Code   RO         1104    i.HAL_Delay         stm32f1xx_hal.o
    0x0800155c   0x0800155c   0x000001f0   Code   RO         1419    i.HAL_GPIO_Init     stm32f1xx_hal_gpio.o
    0x0800174c   0x0800174c   0x0000000e   Code   RO         1421    i.HAL_GPIO_ReadPin  stm32f1xx_hal_gpio.o
    0x0800175a   0x0800175a   0x00000010   Code   RO         1422    i.HAL_GPIO_TogglePin  stm32f1xx_hal_gpio.o
    0x0800176a   0x0800176a   0x0000000e   Code   RO         1423    i.HAL_GPIO_WritePin  stm32f1xx_hal_gpio.o
    0x08001778   0x08001778   0x0000000c   Code   RO         1108    i.HAL_GetTick       stm32f1xx_hal.o
    0x08001784   0x08001784   0x00000198   Code   RO          631    i.HAL_I2C_Init      stm32f1xx_hal_i2c.o
    0x0800191c   0x0800191c   0x000002d8   Code   RO          649    i.HAL_I2C_Mem_Read  stm32f1xx_hal_i2c.o
    0x08001bf4   0x08001bf4   0x00000144   Code   RO          652    i.HAL_I2C_Mem_Write  stm32f1xx_hal_i2c.o
    0x08001d38   0x08001d38   0x00000060   Code   RO          236    i.HAL_I2C_MspInit   i2c.o
    0x08001d98   0x08001d98   0x00000010   Code   RO         1114    i.HAL_IncTick       stm32f1xx_hal.o
    0x08001da8   0x08001da8   0x00000024   Code   RO         1115    i.HAL_Init          stm32f1xx_hal.o
    0x08001dcc   0x08001dcc   0x00000044   Code   RO         1116    i.HAL_InitTick      stm32f1xx_hal.o
    0x08001e10   0x08001e10   0x0000003c   Code   RO          479    i.HAL_MspInit       stm32f1xx_hal_msp.o
    0x08001e4c   0x08001e4c   0x0000001a   Code   RO         1579    i.HAL_NVIC_EnableIRQ  stm32f1xx_hal_cortex.o
    0x08001e66   0x08001e66   0x00000002   PAD
    0x08001e68   0x08001e68   0x00000040   Code   RO         1585    i.HAL_NVIC_SetPriority  stm32f1xx_hal_cortex.o
    0x08001ea8   0x08001ea8   0x00000024   Code   RO         1586    i.HAL_NVIC_SetPriorityGrouping  stm32f1xx_hal_cortex.o
    0x08001ecc   0x08001ecc   0x00000154   Code   RO         1272    i.HAL_RCC_ClockConfig  stm32f1xx_hal_rcc.o
    0x08002020   0x08002020   0x0000000c   Code   RO         1277    i.HAL_RCC_GetHCLKFreq  stm32f1xx_hal_rcc.o
    0x0800202c   0x0800202c   0x00000020   Code   RO         1279    i.HAL_RCC_GetPCLK1Freq  stm32f1xx_hal_rcc.o
    0x0800204c   0x0800204c   0x00000020   Code   RO         1280    i.HAL_RCC_GetPCLK2Freq  stm32f1xx_hal_rcc.o
    0x0800206c   0x0800206c   0x0000004c   Code   RO         1281    i.HAL_RCC_GetSysClockFreq  stm32f1xx_hal_rcc.o
    0x080020b8   0x080020b8   0x00000384   Code   RO         1284    i.HAL_RCC_OscConfig  stm32f1xx_hal_rcc.o
    0x0800243c   0x0800243c   0x00000028   Code   RO         1590    i.HAL_SYSTICK_Config  stm32f1xx_hal_cortex.o
    0x08002464   0x08002464   0x00000002   Code   RO         2817    i.HAL_TIMEx_BreakCallback  stm32f1xx_hal_tim_ex.o
    0x08002466   0x08002466   0x00000002   Code   RO         2818    i.HAL_TIMEx_CommutCallback  stm32f1xx_hal_tim_ex.o
    0x08002468   0x08002468   0x00000068   Code   RO         2836    i.HAL_TIMEx_MasterConfigSynchronization  stm32f1xx_hal_tim_ex.o
    0x080024d0   0x080024d0   0x0000004a   Code   RO         2102    i.HAL_TIM_Base_Init  stm32f1xx_hal_tim.o
    0x0800251a   0x0800251a   0x00000002   PAD
    0x0800251c   0x0800251c   0x00000064   Code   RO          278    i.HAL_TIM_Base_MspInit  tim.o
    0x08002580   0x08002580   0x00000064   Code   RO         2107    i.HAL_TIM_Base_Start_IT  stm32f1xx_hal_tim.o
    0x080025e4   0x080025e4   0x000000e8   Code   RO         2111    i.HAL_TIM_ConfigClockSource  stm32f1xx_hal_tim.o
    0x080026cc   0x080026cc   0x00000002   Code   RO         2136    i.HAL_TIM_IC_CaptureCallback  stm32f1xx_hal_tim.o
    0x080026ce   0x080026ce   0x0000016e   Code   RO         2150    i.HAL_TIM_IRQHandler  stm32f1xx_hal_tim.o
    0x0800283c   0x0800283c   0x00000002   Code   RO         2153    i.HAL_TIM_OC_DelayElapsedCallback  stm32f1xx_hal_tim.o
    0x0800283e   0x0800283e   0x00000002   Code   RO         2180    i.HAL_TIM_PWM_PulseFinishedCallback  stm32f1xx_hal_tim.o
    0x08002840   0x08002840   0x0000001c   Code   RO         3495    i.HAL_TIM_PeriodElapsedCallback  interrupt.o
    0x0800285c   0x0800285c   0x00000002   Code   RO         2193    i.HAL_TIM_TriggerCallback  stm32f1xx_hal_tim.o
    0x0800285e   0x0800285e   0x00000002   Code   RO         3096    i.HAL_UARTEx_RxEventCallback  stm32f1xx_hal_uart.o
    0x08002860   0x08002860   0x00000002   Code   RO         3110    i.HAL_UART_ErrorCallback  stm32f1xx_hal_uart.o
    0x08002862   0x08002862   0x00000002   PAD
    0x08002864   0x08002864   0x00000230   Code   RO         3113    i.HAL_UART_IRQHandler  stm32f1xx_hal_uart.o
    0x08002a94   0x08002a94   0x00000066   Code   RO         3114    i.HAL_UART_Init     stm32f1xx_hal_uart.o
    0x08002afa   0x08002afa   0x00000002   PAD
    0x08002afc   0x08002afc   0x000000cc   Code   RO          326    i.HAL_UART_MspInit  usart.o
    0x08002bc8   0x08002bc8   0x0000001c   Code   RO         3119    i.HAL_UART_Receive_IT  stm32f1xx_hal_uart.o
    0x08002be4   0x08002be4   0x0000002c   Code   RO         3496    i.HAL_UART_RxCpltCallback  interrupt.o
    0x08002c10   0x08002c10   0x000000a4   Code   RO         3122    i.HAL_UART_Transmit  stm32f1xx_hal_uart.o
    0x08002cb4   0x08002cb4   0x00000002   Code   RO         3125    i.HAL_UART_TxCpltCallback  stm32f1xx_hal_uart.o
    0x08002cb6   0x08002cb6   0x00000002   Code   RO          387    i.HardFault_Handler  stm32f1xx_it.o
    0x08002cb8   0x08002cb8   0x0000002e   Code   RO          675    i.I2C_IsAcknowledgeFailed  stm32f1xx_hal_i2c.o
    0x08002ce6   0x08002ce6   0x00000002   PAD
    0x08002ce8   0x08002ce8   0x00000140   Code   RO          686    i.I2C_RequestMemoryRead  stm32f1xx_hal_i2c.o
    0x08002e28   0x08002e28   0x000000c4   Code   RO          687    i.I2C_RequestMemoryWrite  stm32f1xx_hal_i2c.o
    0x08002eec   0x08002eec   0x00000058   Code   RO          695    i.I2C_WaitOnBTFFlagUntilTimeout  stm32f1xx_hal_i2c.o
    0x08002f44   0x08002f44   0x000000ac   Code   RO          696    i.I2C_WaitOnFlagUntilTimeout  stm32f1xx_hal_i2c.o
    0x08002ff0   0x08002ff0   0x000000c8   Code   RO          697    i.I2C_WaitOnMasterAddressFlagUntilTimeout  stm32f1xx_hal_i2c.o
    0x080030b8   0x080030b8   0x00000076   Code   RO          698    i.I2C_WaitOnRXNEFlagUntilTimeout  stm32f1xx_hal_i2c.o
    0x0800312e   0x0800312e   0x00000058   Code   RO          701    i.I2C_WaitOnTXEFlagUntilTimeout  stm32f1xx_hal_i2c.o
    0x08003186   0x08003186   0x00000002   PAD
    0x08003188   0x08003188   0x0000001c   Code   RO         3770    i.LORA_Clear        lora.o
    0x080031a4   0x080031a4   0x000002a4   Code   RO         3771    i.LORA_Init         lora.o
    0x08003448   0x08003448   0x000000ac   Code   RO         3772    i.LORA_SendCmd      lora.o
    0x080034f4   0x080034f4   0x00000074   Code   RO         3773    i.LORA_SendData     lora.o
    0x08003568   0x08003568   0x00000030   Code   RO         3774    i.LORA_WaitRecive   lora.o
    0x08003598   0x08003598   0x000000ac   Code   RO          211    i.MX_GPIO_Init      gpio.o
    0x08003644   0x08003644   0x00000040   Code   RO          237    i.MX_I2C2_Init      i2c.o
    0x08003684   0x08003684   0x00000068   Code   RO          279    i.MX_TIM2_Init      tim.o
    0x080036ec   0x080036ec   0x00000068   Code   RO          280    i.MX_TIM4_Init      tim.o
    0x08003754   0x08003754   0x00000038   Code   RO          327    i.MX_USART1_UART_Init  usart.o
    0x0800378c   0x0800378c   0x00000038   Code   RO          328    i.MX_USART2_UART_Init  usart.o
    0x080037c4   0x080037c4   0x00000002   Code   RO          388    i.MemManage_Handler  stm32f1xx_it.o
    0x080037c6   0x080037c6   0x00000002   Code   RO          389    i.NMI_Handler       stm32f1xx_it.o
    0x080037c8   0x080037c8   0x00000002   Code   RO          390    i.PendSV_Handler    stm32f1xx_it.o
    0x080037ca   0x080037ca   0x00000002   PAD
    0x080037cc   0x080037cc   0x00000024   Code   RO         1285    i.RCC_Delay         stm32f1xx_hal_rcc.o
    0x080037f0   0x080037f0   0x00000002   Code   RO          391    i.SVC_Handler       stm32f1xx_it.o
    0x080037f2   0x080037f2   0x00000002   PAD
    0x080037f4   0x080037f4   0x00000088   Code   RO           14    i.Sensor_Convert_All  main.o
    0x0800387c   0x0800387c   0x000000e4   Code   RO         3497    i.Sensor_Detect     interrupt.o
    0x08003960   0x08003960   0x00000304   Code   RO           15    i.Sensor_Read_Send_All  main.o
    0x08003c64   0x08003c64   0x00000004   Code   RO          392    i.SysTick_Handler   stm32f1xx_it.o
    0x08003c68   0x08003c68   0x0000005e   Code   RO           16    i.SystemClock_Config  main.o
    0x08003cc6   0x08003cc6   0x00000002   Code   RO         3458    i.SystemInit        system_stm32f1xx.o
    0x08003cc8   0x08003cc8   0x0000000c   Code   RO          393    i.TIM2_IRQHandler   stm32f1xx_it.o
    0x08003cd4   0x08003cd4   0x0000000c   Code   RO          394    i.TIM4_IRQHandler   stm32f1xx_it.o
    0x08003ce0   0x08003ce0   0x0000006c   Code   RO         2195    i.TIM_Base_SetConfig  stm32f1xx_hal_tim.o
    0x08003d4c   0x08003d4c   0x00000014   Code   RO         2206    i.TIM_ETR_SetConfig  stm32f1xx_hal_tim.o
    0x08003d60   0x08003d60   0x00000010   Code   RO         2207    i.TIM_ITRx_SetConfig  stm32f1xx_hal_tim.o
    0x08003d70   0x08003d70   0x00000022   Code   RO         2213    i.TIM_TI1_ConfigInputStage  stm32f1xx_hal_tim.o
    0x08003d92   0x08003d92   0x00000024   Code   RO         2215    i.TIM_TI2_ConfigInputStage  stm32f1xx_hal_tim.o
    0x08003db6   0x08003db6   0x00000010   Code   RO         3127    i.UART_DMAAbortOnError  stm32f1xx_hal_uart.o
    0x08003dc6   0x08003dc6   0x0000004e   Code   RO         3137    i.UART_EndRxTransfer  stm32f1xx_hal_uart.o
    0x08003e14   0x08003e14   0x0000001a   Code   RO         3138    i.UART_EndTransmit_IT  stm32f1xx_hal_uart.o
    0x08003e2e   0x08003e2e   0x000000c8   Code   RO         3140    i.UART_Receive_IT   stm32f1xx_hal_uart.o
    0x08003ef6   0x08003ef6   0x00000002   PAD
    0x08003ef8   0x08003ef8   0x000000b8   Code   RO         3141    i.UART_SetConfig    stm32f1xx_hal_uart.o
    0x08003fb0   0x08003fb0   0x00000038   Code   RO         3143    i.UART_Start_Receive_IT  stm32f1xx_hal_uart.o
    0x08003fe8   0x08003fe8   0x0000005e   Code   RO         3144    i.UART_Transmit_IT  stm32f1xx_hal_uart.o
    0x08004046   0x08004046   0x00000074   Code   RO         3145    i.UART_WaitOnFlagUntilTimeout  stm32f1xx_hal_uart.o
    0x080040ba   0x080040ba   0x00000002   PAD
    0x080040bc   0x080040bc   0x0000000c   Code   RO          395    i.USART2_IRQHandler  stm32f1xx_it.o
    0x080040c8   0x080040c8   0x00000002   Code   RO          396    i.UsageFault_Handler  stm32f1xx_it.o
    0x080040ca   0x080040ca   0x0000002e   Code   RO          329    i.Usart_SendString  usart.o
    0x080040f8   0x080040f8   0x00000020   Code   RO         4230    i.__0printf         mc_w.l(printfa.o)
    0x08004118   0x08004118   0x00000028   Code   RO         4232    i.__0sprintf        mc_w.l(printfa.o)
    0x08004140   0x08004140   0x00000020   Code   RO         1592    i.__NVIC_SetPriority  stm32f1xx_hal_cortex.o
    0x08004160   0x08004160   0x0000000e   Code   RO         4314    i.__scatterload_copy  mc_w.l(handlers.o)
    0x0800416e   0x0800416e   0x00000002   Code   RO         4315    i.__scatterload_null  mc_w.l(handlers.o)
    0x08004170   0x08004170   0x0000000e   Code   RO         4316    i.__scatterload_zeroinit  mc_w.l(handlers.o)
    0x0800417e   0x0800417e   0x00000002   PAD
    0x08004180   0x08004180   0x00000184   Code   RO         4237    i._fp_digits        mc_w.l(printfa.o)
    0x08004304   0x08004304   0x000006dc   Code   RO         4238    i._printf_core      mc_w.l(printfa.o)
    0x080049e0   0x080049e0   0x00000024   Code   RO         4239    i._printf_post_padding  mc_w.l(printfa.o)
    0x08004a04   0x08004a04   0x0000002e   Code   RO         4240    i._printf_pre_padding  mc_w.l(printfa.o)
    0x08004a32   0x08004a32   0x0000000a   Code   RO         4242    i._sputc            mc_w.l(printfa.o)
    0x08004a3c   0x08004a3c   0x00000018   Code   RO          330    i.fputc             usart.o
    0x08004a54   0x08004a54   0x00000024   Code   RO           17    i.is_ghost_id       main.o
    0x08004a78   0x08004a78   0x000001e0   Code   RO           18    i.main              main.o
    0x08004c58   0x08004c58   0x00000012   Data   RO         1286    .constdata          stm32f1xx_hal_rcc.o
    0x08004c6a   0x08004c6a   0x00000010   Data   RO         3459    .constdata          system_stm32f1xx.o
    0x08004c7a   0x08004c7a   0x00000008   Data   RO         3460    .constdata          system_stm32f1xx.o
    0x08004c82   0x08004c82   0x00000002   PAD
    0x08004c84   0x08004c84   0x00000020   Data   RO         4312    Region$$Table       anon$$obj.o


    Execution Region RW_IRAM1 (Exec base: 0x20000000, Load base: 0x08004ca4, Size: 0x00000898, Max: 0x00005000, ABSOLUTE)

    Exec Addr    Load Addr    Size         Type   Attr      Idx    E Section Name        Object

    0x20000000   0x08004ca4   0x0000002c   Data   RW           20    .data               main.o
    0x2000002c   0x08004cd0   0x0000000c   Data   RW         1122    .data               stm32f1xx_hal.o
    0x20000038   0x08004cdc   0x00000004   Data   RW         3461    .data               system_stm32f1xx.o
    0x2000003c   0x08004ce0   0x00000004   Data   RW         3499    .data               interrupt.o
    0x20000040   0x08004ce4   0x00000006   Data   RW         3656    .data               bsp_ds18b20.o
    0x20000046   0x08004cea   0x00000002   Data   RW         3776    .data               lora.o
    0x20000048   0x08004cec   0x00000004   Data   RW         4286    .data               mc_w.l(stdout.o)
    0x2000004c        -       0x000000f4   Zero   RW           19    .bss                main.o
    0x20000140        -       0x00000054   Zero   RW          238    .bss                i2c.o
    0x20000194        -       0x00000090   Zero   RW          281    .bss                tim.o
    0x20000224        -       0x00000090   Zero   RW          331    .bss                usart.o
    0x200002b4        -       0x00000064   Zero   RW         3498    .bss                interrupt.o
    0x20000318        -       0x00000180   Zero   RW         3655    .bss                bsp_ds18b20.o
    0x20000498        -       0x00000400   Zero   RW            1    STACK               startup_stm32f103xb.o


==============================================================================

Image component sizes


      Code (inc. data)   RO Data    RW Data    ZI Data      Debug   Object Name

      1270          4          0          0          0       9474   bme280.o
      1216         34          0          6        384      10718   bsp_ds18b20.o
       120         26          0          0          0       1426   core_delay.o
       136         12          0          0          0       1424   dip_switch.o
       172         12          0          0          0        911   gpio.o
       160         28          0          0         84       1581   i2c.o
       300         30          0          4        100       3126   interrupt.o
      1040        320          0          2          0       3600   lora.o
      1522        254          0         44        244     443470   main.o
        36          8        236          0       1024        780   startup_stm32f103xb.o
       168         28          0         12          0       5797   stm32f1xx_hal.o
       198         14          0          0          0      28955   stm32f1xx_hal_cortex.o
       222          4          0          0          0       1699   stm32f1xx_hal_dma.o
       540         32          0          0          0       4008   stm32f1xx_hal_gpio.o
         0          0          0          0          0     420956   stm32f1xx_hal_gpio_ex.o
      2688         52          0          0          0      12306   stm32f1xx_hal_i2c.o
        60          8          0          0          0        866   stm32f1xx_hal_msp.o
      1428         90         18          0          0       6484   stm32f1xx_hal_rcc.o
       994         28          0          0          0       9275   stm32f1xx_hal_tim.o
       108         14          0          0          0       2401   stm32f1xx_hal_tim_ex.o
      1630         12          0          0          0      11876   stm32f1xx_hal_uart.o
        56         18          0          0          0       5014   stm32f1xx_it.o
         2          0         24          4          0       1071   system_stm32f1xx.o
       308         22          0          0        144       2303   tim.o
       386         38          0          0        144       3522   usart.o

    ----------------------------------------------------------------------
     14784       1088        312         72       2124     993043   Object Totals
         0          0         32          0          0          0   (incl. Generated)
        24          0          2          0          0          0   (incl. Padding)

    ----------------------------------------------------------------------

      Code (inc. data)   RO Data    RW Data    ZI Data      Debug   Library Member Name

         0          0          0          0          0          0   entry.o
         0          0          0          0          0          0   entry10a.o
         0          0          0          0          0          0   entry11a.o
         8          4          0          0          0          0   entry2.o
         4          0          0          0          0          0   entry5.o
         0          0          0          0          0          0   entry7b.o
         0          0          0          0          0          0   entry8b.o
         8          4          0          0          0          0   entry9a.o
        30          0          0          0          0          0   handlers.o
        36          8          0          0          0         68   init.o
         0          0          0          0          0          0   iusefp.o
        98          0          0          0          0         84   ldiv.o
        30          0          0          0          0         68   llshl.o
        36          0          0          0          0         68   llsshr.o
        32          0          0          0          0         68   llushr.o
        36          0          0          0          0         68   memcpya.o
        36          0          0          0          0        108   memseta.o
      2308         96          0          0          0        604   printfa.o
         0          0          0          4          0          0   stdout.o
        14          0          0          0          0         68   strlen.o
        36          0          0          0          0         80   strstr.o
        44          0          0          0          0         80   uidiv.o
        98          0          0          0          0         92   uldiv.o
        48          0          0          0          0         68   cdrcmple.o
       334          0          0          0          0        148   dadd.o
       222          0          0          0          0        100   ddiv.o
       186          0          0          0          0        176   depilogue.o
        48          0          0          0          0         68   dfixul.o
       228          0          0          0          0         96   dmul.o
        38          0          0          0          0         68   f2d.o
       176          0          0          0          0        140   fadd.o
       124          0          0          0          0         88   fdiv.o
       110          0          0          0          0        168   fepilogue.o
        18          0          0          0          0         68   fflti.o
        10          0          0          0          0         68   ffltui.o
       100          0          0          0          0         76   fmul.o
        24          0          0          0          0         68   fscalb.o

    ----------------------------------------------------------------------
      4524        112          0          4          0       2856   Library Totals
         4          0          0          0          0          0   (incl. Padding)

    ----------------------------------------------------------------------

      Code (inc. data)   RO Data    RW Data    ZI Data      Debug   Library Name

      2854        112          0          4          0       1456   mc_w.l
      1666          0          0          0          0       1400   mf_w.l

    ----------------------------------------------------------------------
      4524        112          0          4          0       2856   Library Totals

    ----------------------------------------------------------------------

==============================================================================


      Code (inc. data)   RO Data    RW Data    ZI Data      Debug   

     19308       1200        312         76       2124     987835   Grand Totals
     19308       1200        312         76       2124     987835   ELF Image Totals
     19308       1200        312         76          0          0   ROM Totals

==============================================================================

    Total RO  Size (Code + RO Data)                19620 (  19.16kB)
    Total RW  Size (RW Data + ZI Data)              2200 (   2.15kB)
    Total ROM Size (Code + RO Data + RW Data)      19696 (  19.23kB)

==============================================================================

