Component: ARM Compiler 5.06 update 7 (build 960) Tool: armlink [4d3601]

==============================================================================

Section Cross References

    startup_stm32f103xb.o(RESET) refers to startup_stm32f103xb.o(STACK) for __initial_sp
    startup_stm32f103xb.o(RESET) refers to startup_stm32f103xb.o(.text) for Reset_Handler
    startup_stm32f103xb.o(RESET) refers to stm32f1xx_it.o(i.NMI_Handler) for NMI_Handler
    startup_stm32f103xb.o(RESET) refers to stm32f1xx_it.o(i.HardFault_Handler) for HardFault_Handler
    startup_stm32f103xb.o(RESET) refers to stm32f1xx_it.o(i.MemManage_Handler) for MemManage_Handler
    startup_stm32f103xb.o(RESET) refers to stm32f1xx_it.o(i.BusFault_Handler) for BusFault_Handler
    startup_stm32f103xb.o(RESET) refers to stm32f1xx_it.o(i.UsageFault_Handler) for UsageFault_Handler
    startup_stm32f103xb.o(RESET) refers to stm32f1xx_it.o(i.SVC_Handler) for SVC_Handler
    startup_stm32f103xb.o(RESET) refers to stm32f1xx_it.o(i.DebugMon_Handler) for DebugMon_Handler
    startup_stm32f103xb.o(RESET) refers to stm32f1xx_it.o(i.PendSV_Handler) for PendSV_Handler
    startup_stm32f103xb.o(RESET) refers to stm32f1xx_it.o(i.SysTick_Handler) for SysTick_Handler
    startup_stm32f103xb.o(RESET) refers to stm32f1xx_it.o(i.TIM2_IRQHandler) for TIM2_IRQHandler
    startup_stm32f103xb.o(RESET) refers to stm32f1xx_it.o(i.TIM4_IRQHandler) for TIM4_IRQHandler
    startup_stm32f103xb.o(RESET) refers to stm32f1xx_it.o(i.USART2_IRQHandler) for USART2_IRQHandler
    startup_stm32f103xb.o(.text) refers to system_stm32f1xx.o(i.SystemInit) for SystemInit
    startup_stm32f103xb.o(.text) refers to entry.o(.ARM.Collect$$$$00000000) for __main
    main.o(i.SensorTemperatureToTenths) refers to fmul.o(.text) for __aeabi_fmul
    main.o(i.SensorTemperatureToTenths) refers to fadd.o(.text) for __aeabi_fadd
    main.o(i.SensorTemperatureToTenths) refers to ffixi.o(.text) for __aeabi_f2iz
    main.o(i.Sensor_Convert_All) refers to main.o(i.is_ghost_id) for is_ghost_id
    main.o(i.Sensor_Convert_All) refers to bsp_ds18b20.o(i.DS18B20_Rst) for DS18B20_Rst
    main.o(i.Sensor_Convert_All) refers to core_delay.o(i.CPU_TS_Tmr_Delay_US) for CPU_TS_Tmr_Delay_US
    main.o(i.Sensor_Convert_All) refers to bsp_ds18b20.o(i.DS18B20_Write_Byte) for DS18B20_Write_Byte
    main.o(i.Sensor_Convert_All) refers to bsp_ds18b20.o(i.DS18B20_Mode_Out_PP) for DS18B20_Mode_Out_PP
    main.o(i.Sensor_Convert_All) refers to stm32f1xx_hal_gpio.o(i.HAL_GPIO_WritePin) for HAL_GPIO_WritePin
    main.o(i.Sensor_Convert_All) refers to main.o(.data) for .data
    main.o(i.Sensor_Convert_All) refers to bsp_ds18b20.o(.data) for DS18B20_SensorNum
    main.o(i.Sensor_UpdateTemperatureCache) refers to main.o(i.is_ghost_id) for is_ghost_id
    main.o(i.Sensor_UpdateTemperatureCache) refers to bsp_ds18b20.o(i.GXHT3W_Read_TempHum) for GXHT3W_Read_TempHum
    main.o(i.Sensor_UpdateTemperatureCache) refers to main.o(i.SensorTemperatureToTenths) for SensorTemperatureToTenths
    main.o(i.Sensor_UpdateTemperatureCache) refers to lora.o(i.LoraSlaveUpdateTemperatureCache) for LoraSlaveUpdateTemperatureCache
    main.o(i.Sensor_UpdateTemperatureCache) refers to stm32f1xx_hal_gpio.o(i.HAL_GPIO_TogglePin) for HAL_GPIO_TogglePin
    main.o(i.Sensor_UpdateTemperatureCache) refers to main.o(.data) for .data
    main.o(i.Sensor_UpdateTemperatureCache) refers to bsp_ds18b20.o(.data) for DS18B20_SensorNum
    main.o(i.SystemClock_Config) refers to memseta.o(.text) for __aeabi_memclr4
    main.o(i.SystemClock_Config) refers to stm32f1xx_hal_rcc.o(i.HAL_RCC_OscConfig) for HAL_RCC_OscConfig
    main.o(i.SystemClock_Config) refers to main.o(i.Error_Handler) for Error_Handler
    main.o(i.SystemClock_Config) refers to stm32f1xx_hal_rcc.o(i.HAL_RCC_ClockConfig) for HAL_RCC_ClockConfig
    main.o(i.is_ghost_id) refers to bsp_ds18b20.o(.bss) for DS18B20_ID
    main.o(i.main) refers to stm32f1xx_hal.o(i.HAL_Init) for HAL_Init
    main.o(i.main) refers to main.o(i.SystemClock_Config) for SystemClock_Config
    main.o(i.main) refers to gpio.o(i.MX_GPIO_Init) for MX_GPIO_Init
    main.o(i.main) refers to tim.o(i.MX_TIM4_Init) for MX_TIM4_Init
    main.o(i.main) refers to tim.o(i.MX_TIM2_Init) for MX_TIM2_Init
    main.o(i.main) refers to usart.o(i.MX_USART1_UART_Init) for MX_USART1_UART_Init
    main.o(i.main) refers to usart.o(i.MX_USART2_UART_Init) for MX_USART2_UART_Init
    main.o(i.main) refers to i2c.o(i.MX_I2C2_Init) for MX_I2C2_Init
    main.o(i.main) refers to i2c.o(i.HAL_I2C_MspInit) for HAL_I2C_MspInit
    main.o(i.main) refers to printf8.o(i.__0printf$8) for __2printf
    main.o(i.main) refers to dip_switch.o(i.DIP_Switch_Init) for DIP_Switch_Init
    main.o(i.main) refers to bme280.o(i.BME280_Init) for BME280_Init
    main.o(i.main) refers to stm32f1xx_hal_tim.o(i.HAL_TIM_Base_Start_IT) for HAL_TIM_Base_Start_IT
    main.o(i.main) refers to stm32f1xx_hal_uart.o(i.HAL_UART_Receive_IT) for HAL_UART_Receive_IT
[...]

510 unused section(s) (total 43697 bytes) removed from the image.

==============================================================================

Image Symbol Table

    Local Symbols

    Symbol Name                              Value     Ov Type        Size  Object(Section)

    ../Core/Src/gpio.c                       0x00000000   Number         0  gpio.o ABSOLUTE
    ../Core/Src/i2c.c                        0x00000000   Number         0  i2c.o ABSOLUTE
    ../Core/Src/main.c                       0x00000000   Number         0  main.o ABSOLUTE
    ../Core/Src/stm32f1xx_hal_msp.c          0x00000000   Number         0  stm32f1xx_hal_msp.o ABSOLUTE
    ../Core/Src/stm32f1xx_it.c               0x00000000   Number         0  stm32f1xx_it.o ABSOLUTE
    ../Core/Src/system_stm32f1xx.c           0x00000000   Number         0  system_stm32f1xx.o ABSOLUTE
    ../Core/Src/tim.c                        0x00000000   Number         0  tim.o ABSOLUTE
    ../Core/Src/usart.c                      0x00000000   Number         0  usart.o ABSOLUTE
    ../Drivers/STM32F1xx_HAL_Driver/Src/stm32f1xx_hal.c 0x00000000   Number         0  stm32f1xx_hal.o ABSOLUTE
    ../Drivers/STM32F1xx_HAL_Driver/Src/stm32f1xx_hal_cortex.c 0x00000000   Number         0  stm32f1xx_hal_cortex.o ABSOLUTE
    ../Drivers/STM32F1xx_HAL_Driver/Src/stm32f1xx_hal_dma.c 0x00000000   Number         0  stm32f1xx_hal_dma.o ABSOLUTE
    ../Drivers/STM32F1xx_HAL_Driver/Src/stm32f1xx_hal_exti.c 0x00000000   Number         0  stm32f1xx_hal_exti.o ABSOLUTE
    ../Drivers/STM32F1xx_HAL_Driver/Src/stm32f1xx_hal_flash.c 0x00000000   Number         0  stm32f1xx_hal_flash.o ABSOLUTE
    ../Drivers/STM32F1xx_HAL_Driver/Src/stm32f1xx_hal_flash_ex.c 0x00000000   Number         0  stm32f1xx_hal_flash_ex.o ABSOLUTE
    ../Drivers/STM32F1xx_HAL_Driver/Src/stm32f1xx_hal_gpio.c 0x00000000   Number         0  stm32f1xx_hal_gpio.o ABSOLUTE
    ../Drivers/STM32F1xx_HAL_Driver/Src/stm32f1xx_hal_gpio_ex.c 0x00000000   Number         0  stm32f1xx_hal_gpio_ex.o ABSOLUTE
    ../Drivers/STM32F1xx_HAL_Driver/Src/stm32f1xx_hal_i2c.c 0x00000000   Number         0  stm32f1xx_hal_i2c.o ABSOLUTE
    ../Drivers/STM32F1xx_HAL_Driver/Src/stm32f1xx_hal_pwr.c 0x00000000   Number         0  stm32f1xx_hal_pwr.o ABSOLUTE
    ../Drivers/STM32F1xx_HAL_Driver/Src/stm32f1xx_hal_rcc.c 0x00000000   Number         0  stm32f1xx_hal_rcc.o ABSOLUTE
    ../Drivers/STM32F1xx_HAL_Driver/Src/stm32f1xx_hal_rcc_ex.c 0x00000000   Number         0  stm32f1xx_hal_rcc_ex.o ABSOLUTE
    ../Drivers/STM32F1xx_HAL_Driver/Src/stm32f1xx_hal_tim.c 0x00000000   Number         0  stm32f1xx_hal_tim.o ABSOLUTE
    ../Drivers/STM32F1xx_HAL_Driver/Src/stm32f1xx_hal_tim_ex.c 0x00000000   Number         0  stm32f1xx_hal_tim_ex.o ABSOLUTE
    ../Drivers/STM32F1xx_HAL_Driver/Src/stm32f1xx_hal_uart.c 0x00000000   Number         0  stm32f1xx_hal_uart.o ABSOLUTE
    ../clib/microlib/division.c              0x00000000   Number         0  ldiv.o ABSOLUTE
    ../clib/microlib/division.c              0x00000000   Number         0  uldiv.o ABSOLUTE
    ../clib/microlib/division.c              0x00000000   Number         0  uidiv.o ABSOLUTE
    ../clib/microlib/init/entry.s            0x00000000   Number         0  entry12b.o ABSOLUTE
    ../clib/microlib/init/entry.s            0x00000000   Number         0  entry12a.o ABSOLUTE
    ../clib/microlib/init/entry.s            0x00000000   Number         0  entry.o ABSOLUTE
    ../clib/microlib/init/entry.s            0x00000000   Number         0  entry9a.o ABSOLUTE
    ../clib/microlib/init/entry.s            0x00000000   Number         0  entry9b.o ABSOLUTE
    ../clib/microlib/init/entry.s            0x00000000   Number         0  entry7a.o ABSOLUTE
    ../clib/microlib/init/entry.s            0x00000000   Number         0  entry10a.o ABSOLUTE
    ../clib/microlib/init/entry.s            0x00000000   Number         0  entry10b.o ABSOLUTE
    ../clib/microlib/init/entry.s            0x00000000   Number         0  entry5.o ABSOLUTE
    ../clib/microlib/init/entry.s            0x00000000   Number         0  entry11a.o ABSOLUTE
    ../clib/microlib/init/entry.s            0x00000000   Number         0  entry8a.o ABSOLUTE
    ../clib/microlib/init/entry.s            0x00000000   Number         0  entry7b.o ABSOLUTE
    ../clib/microlib/init/entry.s            0x00000000   Number         0  entry8b.o ABSOLUTE
    ../clib/microlib/init/entry.s            0x00000000   Number         0  entry11b.o ABSOLUTE
    ../clib/microlib/init/entry.s            0x00000000   Number         0  entry2.o ABSOLUTE
    ../clib/microlib/longlong.c              0x00000000   Number         0  llushr.o ABSOLUTE
    ../clib/microlib/longlong.c              0x00000000   Number         0  llshl.o ABSOLUTE
    ../clib/microlib/longlong.c              0x00000000   Number         0  llsshr.o ABSOLUTE
    ../clib/microlib/printf/printf.c         0x00000000   Number         0  printf1.o ABSOLUTE
    ../clib/microlib/printf/printf.c         0x00000000   Number         0  printf0.o ABSOLUTE
    ../clib/microlib/printf/printf.c         0x00000000   Number         0  printfb.o ABSOLUTE
    ../clib/microlib/printf/printf.c         0x00000000   Number         0  printf4.o ABSOLUTE
    ../clib/microlib/printf/printf.c         0x00000000   Number         0  printf8.o ABSOLUTE
    ../clib/microlib/printf/printf.c         0x00000000   Number         0  printf6.o ABSOLUTE
    ../clib/microlib/printf/printf.c         0x00000000   Number         0  printf5.o ABSOLUTE
    ../clib/microlib/printf/printf.c         0x00000000   Number         0  printf3.o ABSOLUTE
    ../clib/microlib/printf/printf.c         0x00000000   Number         0  printf7.o ABSOLUTE
    ../clib/microlib/printf/printf.c         0x00000000   Number         0  printf2.o ABSOLUTE
    ../clib/microlib/printf/printf.c         0x00000000   Number         0  printfa.o ABSOLUTE
    ../clib/microlib/printf/stubs.s          0x00000000   Number         0  stubs.o ABSOLUTE
    ../clib/microlib/stdio/streams.c         0x00000000   Number         0  stdout.o ABSOLUTE
    ../clib/microlib/string/memcpy.c         0x00000000   Number         0  memcpya.o ABSOLUTE
    ../clib/microlib/string/memcpy.c         0x00000000   Number         0  memcpyb.o ABSOLUTE
    ../clib/microlib/string/memset.c         0x00000000   Number         0  memseta.o ABSOLUTE
    ../clib/microlib/string/strlen.c         0x00000000   Number         0  strlen.o ABSOLUTE
    ../clib/microlib/string/strstr.c         0x00000000   Number         0  strstr.o ABSOLUTE
    ../clib/microlib/stubs.s                 0x00000000   Number         0  iusefp.o ABSOLUTE
    ../fplib/microlib/fpadd.c                0x00000000   Number         0  dadd.o ABSOLUTE
    ../fplib/microlib/fpadd.c                0x00000000   Number         0  fadd.o ABSOLUTE
    ../fplib/microlib/fpdiv.c                0x00000000   Number         0  ddiv.o ABSOLUTE
    ../fplib/microlib/fpdiv.c                0x00000000   Number         0  fdiv.o ABSOLUTE
    ../fplib/microlib/fpepilogue.c           0x00000000   Number         0  fepilogue.o ABSOLUTE
    ../fplib/microlib/fpepilogue.c           0x00000000   Number         0  depilogue.o ABSOLUTE
    ../fplib/microlib/fpfix.c                0x00000000   Number         0  ffixi.o ABSOLUTE
    ../fplib/microlib/fpfix.c                0x00000000   Number         0  dfixul.o ABSOLUTE
    ../fplib/microlib/fpflt.c                0x00000000   Number         0  ffltui.o ABSOLUTE
    ../fplib/microlib/fpflt.c                0x00000000   Number         0  fflti.o ABSOLUTE
    ../fplib/microlib/fpmul.c                0x00000000   Number         0  dmul.o ABSOLUTE
    ../fplib/microlib/fpmul.c                0x00000000   Number         0  fmul.o ABSOLUTE
    ../fplib/microlib/fpscalb.c              0x00000000   Number         0  fscalb.o ABSOLUTE
    ..\Bsp\bme280.c                          0x00000000   Number         0  bme280.o ABSOLUTE
    ..\Bsp\bsp_dht11.c                       0x00000000   Number         0  bsp_dht11.o ABSOLUTE
    ..\Bsp\bsp_ds18b20.c                     0x00000000   Number         0  bsp_ds18b20.o ABSOLUTE
    ..\Bsp\core_delay.c                      0x00000000   Number         0  core_delay.o ABSOLUTE
    ..\Bsp\dip_switch.c                      0x00000000   Number         0  dip_switch.o ABSOLUTE
    ..\Bsp\iic.c                             0x00000000   Number         0  iic.o ABSOLUTE
    ..\Bsp\interrupt.c                       0x00000000   Number         0  interrupt.o ABSOLUTE
    ..\Bsp\lora.c                            0x00000000   Number         0  lora.o ABSOLUTE
    ..\Core\Src\gpio.c                       0x00000000   Number         0  gpio.o ABSOLUTE
    ..\Core\Src\i2c.c                        0x00000000   Number         0  i2c.o ABSOLUTE
    ..\Core\Src\main.c                       0x00000000   Number         0  main.o ABSOLUTE
    ..\Core\Src\stm32f1xx_hal_msp.c          0x00000000   Number         0  stm32f1xx_hal_msp.o ABSOLUTE
    ..\Core\Src\stm32f1xx_it.c               0x00000000   Number         0  stm32f1xx_it.o ABSOLUTE
    ..\Core\Src\system_stm32f1xx.c           0x00000000   Number         0  system_stm32f1xx.o ABSOLUTE
    ..\Core\Src\tim.c                        0x00000000   Number         0  tim.o ABSOLUTE
    ..\Core\Src\usart.c                      0x00000000   Number         0  usart.o ABSOLUTE
    ..\Drivers\STM32F1xx_HAL_Driver\Src\stm32f1xx_hal.c 0x00000000   Number         0  stm32f1xx_hal.o ABSOLUTE
    ..\Drivers\STM32F1xx_HAL_Driver\Src\stm32f1xx_hal_cortex.c 0x00000000   Number         0  stm32f1xx_hal_cortex.o ABSOLUTE
    ..\Drivers\STM32F1xx_HAL_Driver\Src\stm32f1xx_hal_dma.c 0x00000000   Number         0  stm32f1xx_hal_dma.o ABSOLUTE
    ..\Drivers\STM32F1xx_HAL_Driver\Src\stm32f1xx_hal_exti.c 0x00000000   Number         0  stm32f1xx_hal_exti.o ABSOLUTE
    ..\Drivers\STM32F1xx_HAL_Driver\Src\stm32f1xx_hal_flash.c 0x00000000   Number         0  stm32f1xx_hal_flash.o ABSOLUTE
    ..\Drivers\STM32F1xx_HAL_Driver\Src\stm32f1xx_hal_flash_ex.c 0x00000000   Number         0  stm32f1xx_hal_flash_ex.o ABSOLUTE
    ..\Drivers\STM32F1xx_HAL_Driver\Src\stm32f1xx_hal_gpio.c 0x00000000   Number         0  stm32f1xx_hal_gpio.o ABSOLUTE
    ..\Drivers\STM32F1xx_HAL_Driver\Src\stm32f1xx_hal_gpio_ex.c 0x00000000   Number         0  stm32f1xx_hal_gpio_ex.o ABSOLUTE
    ..\Drivers\STM32F1xx_HAL_Driver\Src\stm32f1xx_hal_i2c.c 0x00000000   Number         0  stm32f1xx_hal_i2c.o ABSOLUTE
    ..\Drivers\STM32F1xx_HAL_Driver\Src\stm32f1xx_hal_pwr.c 0x00000000   Number         0  stm32f1xx_hal_pwr.o ABSOLUTE
    ..\Drivers\STM32F1xx_HAL_Driver\Src\stm32f1xx_hal_rcc.c 0x00000000   Number         0  stm32f1xx_hal_rcc.o ABSOLUTE
    ..\Drivers\STM32F1xx_HAL_Driver\Src\stm32f1xx_hal_rcc_ex.c 0x00000000   Number         0  stm32f1xx_hal_rcc_ex.o ABSOLUTE
    ..\Drivers\STM32F1xx_HAL_Driver\Src\stm32f1xx_hal_tim.c 0x00000000   Number         0  stm32f1xx_hal_tim.o ABSOLUTE
    ..\Drivers\STM32F1xx_HAL_Driver\Src\stm32f1xx_hal_tim_ex.c 0x00000000   Number         0  stm32f1xx_hal_tim_ex.o ABSOLUTE
    ..\Drivers\STM32F1xx_HAL_Driver\Src\stm32f1xx_hal_uart.c 0x00000000   Number         0  stm32f1xx_hal_uart.o ABSOLUTE
    ..\\Bsp\\bme280.c                        0x00000000   Number         0  bme280.o ABSOLUTE
    ..\\Bsp\\bsp_dht11.c                     0x00000000   Number         0  bsp_dht11.o ABSOLUTE
    ..\\Bsp\\bsp_ds18b20.c                   0x00000000   Number         0  bsp_ds18b20.o ABSOLUTE
    ..\\Bsp\\core_delay.c                    0x00000000   Number         0  core_delay.o ABSOLUTE
    ..\\Bsp\\dip_switch.c                    0x00000000   Number         0  dip_switch.o ABSOLUTE
    ..\\Bsp\\iic.c                           0x00000000   Number         0  iic.o ABSOLUTE
    ..\\Bsp\\interrupt.c                     0x00000000   Number         0  interrupt.o ABSOLUTE
    ..\\Bsp\\lora.c                          0x00000000   Number         0  lora.o ABSOLUTE
    cdrcmple.s                               0x00000000   Number         0  cdrcmple.o ABSOLUTE
    dc.s                                     0x00000000   Number         0  dc.o ABSOLUTE
    handlers.s                               0x00000000   Number         0  handlers.o ABSOLUTE
    init.s                                   0x00000000   Number         0  init.o ABSOLUTE
    startup_stm32f103xb.s                    0x00000000   Number         0  startup_stm32f103xb.o ABSOLUTE
    RESET                                    0x08000000   Section      236  startup_stm32f103xb.o(RESET)
    .ARM.Collect$$$$00000000                 0x080000ec   Section        0  entry.o(.ARM.Collect$$$$00000000)
    .ARM.Collect$$$$00000001                 0x080000ec   Section        4  entry2.o(.ARM.Collect$$$$00000001)
    .ARM.Collect$$$$00000004                 0x080000f0   Section        4  entry5.o(.ARM.Collect$$$$00000004)
    .ARM.Collect$$$$00000008                 0x080000f4   Section        0  entry7b.o(.ARM.Collect$$$$00000008)
    .ARM.Collect$$$$0000000A                 0x080000f4   Section        0  entry8b.o(.ARM.Collect$$$$0000000A)
    .ARM.Collect$$$$0000000B                 0x080000f4   Section        8  entry9a.o(.ARM.Collect$$$$0000000B)
    .ARM.Collect$$$$0000000E                 0x080000fc   Section        4  entry12b.o(.ARM.Collect$$$$0000000E)
    .ARM.Collect$$$$0000000F                 0x08000100   Section        0  entry10a.o(.ARM.Collect$$$$0000000F)
    .ARM.Collect$$$$00000011                 0x08000100   Section        0  entry11a.o(.ARM.Collect$$$$00000011)
    .ARM.Collect$$$$00002712                 0x08000100   Section        4  entry2.o(.ARM.Collect$$$$00002712)
    __lit__00000000                          0x08000100   Data           4  entry2.o(.ARM.Collect$$$$00002712)
    .text                                    0x08000104   Section       36  startup_stm32f103xb.o(.text)
    .text                                    0x08000128   Section        0  llushr.o(.text)
    .text                                    0x08000148   Section        0  memcpya.o(.text)
    .text                                    0x0800016c   Section        0  memseta.o(.text)
    .text                                    0x08000190   Section        0  strstr.o(.text)
    .text                                    0x080001b4   Section        0  strlen.o(.text)
    .text                                    0x080001c2   Section        0  fadd.o(.text)
    .text                                    0x08000272   Section        0  fmul.o(.text)
    .text                                    0x080002d6   Section        0  fdiv.o(.text)
    .text                                    0x08000352   Section        0  ffltui.o(.text)
    .text                                    0x0800035c   Section        0  ffixi.o(.text)
    .text                                    0x0800038e   Section        0  uldiv.o(.text)
    .text                                    0x080003f0   Section        0  fepilogue.o(.text)
    .text                                    0x080003f0   Section        0  iusefp.o(.text)
    .text                                    0x08000460   Section       36  init.o(.text)
    .text                                    0x08000484   Section        0  llshl.o(.text)
    i.BME280_Config                          0x080004a2   Section        0  bme280.o(i.BME280_Config)
    i.BME280_Init                            0x080004f2   Section        0  bme280.o(i.BME280_Init)
    i.BME280_ReadRegs                        0x08000638   Section        0  bme280.o(i.BME280_ReadRegs)
    i.BME280_SoftReset                       0x08000654   Section        0  bme280.o(i.BME280_SoftReset)
    i.BME280_WriteReg                        0x0800065c   Section        0  bme280.o(i.BME280_WriteReg)
    i.BusFault_Handler                       0x0800067c   Section        0  stm32f1xx_it.o(i.BusFault_Handler)
    i.CPU_TS_TmrInit                         0x08000680   Section        0  core_delay.o(i.CPU_TS_TmrInit)
    i.CPU_TS_TmrRd                           0x080006a4   Section        0  core_delay.o(i.CPU_TS_TmrRd)
    i.CPU_TS_Tmr_Delay_US                    0x080006b0   Section        0  core_delay.o(i.CPU_TS_Tmr_Delay_US)
    i.DIP_Switch_Init                        0x080006f8   Section        0  dip_switch.o(i.DIP_Switch_Init)
    i.DS18B20_Answer_Check                   0x08000734   Section        0  bsp_ds18b20.o(i.DS18B20_Answer_Check)
    i.DS18B20_Crc                            0x0800078e   Section        0  bsp_ds18b20.o(i.DS18B20_Crc)
    i.DS18B20_GPIO_Config                    0x080007c2   Section        0  bsp_ds18b20.o(i.DS18B20_GPIO_Config)
    i.DS18B20_Init                           0x080007ea   Section        0  bsp_ds18b20.o(i.DS18B20_Init)
    i.DS18B20_Mode_IPU                       0x0800080c   Section        0  bsp_ds18b20.o(i.DS18B20_Mode_IPU)
    i.DS18B20_Mode_Out                       0x08000820   Section        0  bsp_ds18b20.o(i.DS18B20_Mode_Out)
    i.DS18B20_Mode_Out_PP                    0x08000838   Section        0  bsp_ds18b20.o(i.DS18B20_Mode_Out_PP)
    i.DS18B20_Read_2Bit                      0x08000850   Section        0  bsp_ds18b20.o(i.DS18B20_Read_2Bit)
    i.DS18B20_Read_Bit                       0x080008b2   Section        0  bsp_ds18b20.o(i.DS18B20_Read_Bit)
    i.DS18B20_Read_Byte                      0x08000900   Section        0  bsp_ds18b20.o(i.DS18B20_Read_Byte)
    i.DS18B20_Rst                            0x08000928   Section        0  bsp_ds18b20.o(i.DS18B20_Rst)
    i.DS18B20_Search_Rom                     0x0800095c   Section        0  bsp_ds18b20.o(i.DS18B20_Search_Rom)
    i.DS18B20_Write_Bit                      0x08000a84   Section        0  bsp_ds18b20.o(i.DS18B20_Write_Bit)
    i.DS18B20_Write_Byte                     0x08000ade   Section        0  bsp_ds18b20.o(i.DS18B20_Write_Byte)
    i.DebugMon_Handler                       0x08000b04   Section        0  stm32f1xx_it.o(i.DebugMon_Handler)
    i.Error_Handler                          0x08000b06   Section        0  main.o(i.Error_Handler)
    i.GXHT3W_Read_TempHum                    0x08000b0c   Section        0  bsp_ds18b20.o(i.GXHT3W_Read_TempHum)
    i.HAL_DMA_Abort                          0x08000bfc   Section        0  stm32f1xx_hal_dma.o(i.HAL_DMA_Abort)
    i.HAL_DMA_Abort_IT                       0x08000c44   Section        0  stm32f1xx_hal_dma.o(i.HAL_DMA_Abort_IT)
    i.HAL_Delay                              0x08000cdc   Section        0  stm32f1xx_hal.o(i.HAL_Delay)
    i.HAL_GPIO_Init                          0x08000d00   Section        0  stm32f1xx_hal_gpio.o(i.HAL_GPIO_Init)
    i.HAL_GPIO_ReadPin                       0x08000ef0   Section        0  stm32f1xx_hal_gpio.o(i.HAL_GPIO_ReadPin)
    i.HAL_GPIO_TogglePin                     0x08000efe   Section        0  stm32f1xx_hal_gpio.o(i.HAL_GPIO_TogglePin)
    i.HAL_GPIO_WritePin                      0x08000f0e   Section        0  stm32f1xx_hal_gpio.o(i.HAL_GPIO_WritePin)
    i.HAL_GetTick                            0x08000f1c   Section        0  stm32f1xx_hal.o(i.HAL_GetTick)
    i.HAL_I2C_Init                           0x08000f28   Section        0  stm32f1xx_hal_i2c.o(i.HAL_I2C_Init)
    i.HAL_I2C_Mem_Read                       0x080010c0   Section        0  stm32f1xx_hal_i2c.o(i.HAL_I2C_Mem_Read)
    i.HAL_I2C_Mem_Write                      0x08001398   Section        0  stm32f1xx_hal_i2c.o(i.HAL_I2C_Mem_Write)
    i.HAL_I2C_MspInit                        0x080014dc   Section        0  i2c.o(i.HAL_I2C_MspInit)
    i.HAL_IncTick                            0x0800153c   Section        0  stm32f1xx_hal.o(i.HAL_IncTick)
    i.HAL_Init                               0x0800154c   Section        0  stm32f1xx_hal.o(i.HAL_Init)
    i.HAL_InitTick                           0x08001570   Section        0  stm32f1xx_hal.o(i.HAL_InitTick)
    i.HAL_MspInit                            0x080015b4   Section        0  stm32f1xx_hal_msp.o(i.HAL_MspInit)
    i.HAL_NVIC_EnableIRQ                     0x080015f0   Section        0  stm32f1xx_hal_cortex.o(i.HAL_NVIC_EnableIRQ)
    i.HAL_NVIC_SetPriority                   0x0800160c   Section        0  stm32f1xx_hal_cortex.o(i.HAL_NVIC_SetPriority)
    i.HAL_NVIC_SetPriorityGrouping           0x0800164c   Section        0  stm32f1xx_hal_cortex.o(i.HAL_NVIC_SetPriorityGrouping)
    i.HAL_RCC_ClockConfig                    0x08001670   Section        0  stm32f1xx_hal_rcc.o(i.HAL_RCC_ClockConfig)
    i.HAL_RCC_GetHCLKFreq                    0x080017c4   Section        0  stm32f1xx_hal_rcc.o(i.HAL_RCC_GetHCLKFreq)
    i.HAL_RCC_GetPCLK1Freq                   0x080017d0   Section        0  stm32f1xx_hal_rcc.o(i.HAL_RCC_GetPCLK1Freq)
    i.HAL_RCC_GetPCLK2Freq                   0x080017f0   Section        0  stm32f1xx_hal_rcc.o(i.HAL_RCC_GetPCLK2Freq)
    i.HAL_RCC_GetSysClockFreq                0x08001810   Section        0  stm32f1xx_hal_rcc.o(i.HAL_RCC_GetSysClockFreq)
    i.HAL_RCC_OscConfig                      0x0800185c   Section        0  stm32f1xx_hal_rcc.o(i.HAL_RCC_OscConfig)
    i.HAL_SYSTICK_Config                     0x08001be0   Section        0  stm32f1xx_hal_cortex.o(i.HAL_SYSTICK_Config)
    i.HAL_TIMEx_BreakCallback                0x08001c08   Section        0  stm32f1xx_hal_tim_ex.o(i.HAL_TIMEx_BreakCallback)
    i.HAL_TIMEx_CommutCallback               0x08001c0a   Section        0  stm32f1xx_hal_tim_ex.o(i.HAL_TIMEx_CommutCallback)
    i.HAL_TIMEx_MasterConfigSynchronization  0x08001c0c   Section        0  stm32f1xx_hal_tim_ex.o(i.HAL_TIMEx_MasterConfigSynchronization)
    i.HAL_TIM_Base_Init                      0x08001c74   Section        0  stm32f1xx_hal_tim.o(i.HAL_TIM_Base_Init)
    i.HAL_TIM_Base_MspInit                   0x08001cc0   Section        0  tim.o(i.HAL_TIM_Base_MspInit)
    i.HAL_TIM_Base_Start_IT                  0x08001d24   Section        0  stm32f1xx_hal_tim.o(i.HAL_TIM_Base_Start_IT)
    i.HAL_TIM_ConfigClockSource              0x08001d88   Section        0  stm32f1xx_hal_tim.o(i.HAL_TIM_ConfigClockSource)
    i.HAL_TIM_IC_CaptureCallback             0x08001e70   Section        0  stm32f1xx_hal_tim.o(i.HAL_TIM_IC_CaptureCallback)
    i.HAL_TIM_IRQHandler                     0x08001e72   Section        0  stm32f1xx_hal_tim.o(i.HAL_TIM_IRQHandler)
    i.HAL_TIM_OC_DelayElapsedCallback        0x08001fe0   Section        0  stm32f1xx_hal_tim.o(i.HAL_TIM_OC_DelayElapsedCallback)
    i.HAL_TIM_PWM_PulseFinishedCallback      0x08001fe2   Section        0  stm32f1xx_hal_tim.o(i.HAL_TIM_PWM_PulseFinishedCallback)
    i.HAL_TIM_PeriodElapsedCallback          0x08001fe4   Section        0  interrupt.o(i.HAL_TIM_PeriodElapsedCallback)
    i.HAL_TIM_TriggerCallback                0x08002000   Section        0  stm32f1xx_hal_tim.o(i.HAL_TIM_TriggerCallback)
    i.HAL_UARTEx_RxEventCallback             0x08002002   Section        0  stm32f1xx_hal_uart.o(i.HAL_UARTEx_RxEventCallback)
    i.HAL_UART_ErrorCallback                 0x08002004   Section        0  stm32f1xx_hal_uart.o(i.HAL_UART_ErrorCallback)
    i.HAL_UART_IRQHandler                    0x08002008   Section        0  stm32f1xx_hal_uart.o(i.HAL_UART_IRQHandler)
    i.HAL_UART_Init                          0x08002238   Section        0  stm32f1xx_hal_uart.o(i.HAL_UART_Init)
    i.HAL_UART_MspInit                       0x080022a0   Section        0  usart.o(i.HAL_UART_MspInit)
    i.HAL_UART_Receive_IT                    0x0800236c   Section        0  stm32f1xx_hal_uart.o(i.HAL_UART_Receive_IT)
    i.HAL_UART_RxCpltCallback                0x08002388   Section        0  interrupt.o(i.HAL_UART_RxCpltCallback)
    i.HAL_UART_Transmit                      0x080023d4   Section        0  stm32f1xx_hal_uart.o(i.HAL_UART_Transmit)
    i.HAL_UART_TxCpltCallback                0x08002478   Section        0  stm32f1xx_hal_uart.o(i.HAL_UART_TxCpltCallback)
    i.HardFault_Handler                      0x0800247a   Section        0  stm32f1xx_it.o(i.HardFault_Handler)
    i.I2C_IsAcknowledgeFailed                0x0800247c   Section        0  stm32f1xx_hal_i2c.o(i.I2C_IsAcknowledgeFailed)
    I2C_IsAcknowledgeFailed                  0x0800247d   Thumb Code    46  stm32f1xx_hal_i2c.o(i.I2C_IsAcknowledgeFailed)
    i.I2C_RequestMemoryRead                  0x080024ac   Section        0  stm32f1xx_hal_i2c.o(i.I2C_RequestMemoryRead)
    I2C_RequestMemoryRead                    0x080024ad   Thumb Code   314  stm32f1xx_hal_i2c.o(i.I2C_RequestMemoryRead)
    i.I2C_RequestMemoryWrite                 0x080025ec   Section        0  stm32f1xx_hal_i2c.o(i.I2C_RequestMemoryWrite)
    I2C_RequestMemoryWrite                   0x080025ed   Thumb Code   192  stm32f1xx_hal_i2c.o(i.I2C_RequestMemoryWrite)
    i.I2C_WaitOnBTFFlagUntilTimeout          0x080026b0   Section        0  stm32f1xx_hal_i2c.o(i.I2C_WaitOnBTFFlagUntilTimeout)
    I2C_WaitOnBTFFlagUntilTimeout            0x080026b1   Thumb Code    88  stm32f1xx_hal_i2c.o(i.I2C_WaitOnBTFFlagUntilTimeout)
    i.I2C_WaitOnFlagUntilTimeout             0x08002708   Section        0  stm32f1xx_hal_i2c.o(i.I2C_WaitOnFlagUntilTimeout)
    I2C_WaitOnFlagUntilTimeout               0x08002709   Thumb Code   172  stm32f1xx_hal_i2c.o(i.I2C_WaitOnFlagUntilTimeout)
    i.I2C_WaitOnMasterAddressFlagUntilTimeout 0x080027b4   Section        0  stm32f1xx_hal_i2c.o(i.I2C_WaitOnMasterAddressFlagUntilTimeout)
    I2C_WaitOnMasterAddressFlagUntilTimeout  0x080027b5   Thumb Code   200  stm32f1xx_hal_i2c.o(i.I2C_WaitOnMasterAddressFlagUntilTimeout)
    i.I2C_WaitOnRXNEFlagUntilTimeout         0x0800287c   Section        0  stm32f1xx_hal_i2c.o(i.I2C_WaitOnRXNEFlagUntilTimeout)
    I2C_WaitOnRXNEFlagUntilTimeout           0x0800287d   Thumb Code   118  stm32f1xx_hal_i2c.o(i.I2C_WaitOnRXNEFlagUntilTimeout)
    i.I2C_WaitOnTXEFlagUntilTimeout          0x080028f2   Section        0  stm32f1xx_hal_i2c.o(i.I2C_WaitOnTXEFlagUntilTimeout)
    I2C_WaitOnTXEFlagUntilTimeout            0x080028f3   Thumb Code    88  stm32f1xx_hal_i2c.o(i.I2C_WaitOnTXEFlagUntilTimeout)
    i.LORA_Clear                             0x0800294c   Section        0  lora.o(i.LORA_Clear)
    i.LORA_Init                              0x08002980   Section        0  lora.o(i.LORA_Init)
    i.LORA_SendCmd                           0x08002c14   Section        0  lora.o(i.LORA_SendCmd)
    i.LORA_WaitRecive                        0x08002cc0   Section        0  lora.o(i.LORA_WaitRecive)
    i.LoraProtocolCrc16                      0x08002cf0   Section        0  lora.o(i.LoraProtocolCrc16)
    LoraProtocolCrc16                        0x08002cf1   Thumb Code    52  lora.o(i.LoraProtocolCrc16)
    i.LoraProtocolFeedByte                   0x08002d24   Section        0  lora.o(i.LoraProtocolFeedByte)
    i.LoraProtocolResetReceiver              0x08002da8   Section        0  lora.o(i.LoraProtocolResetReceiver)
    LoraProtocolResetReceiver                0x08002da9   Thumb Code    24  lora.o(i.LoraProtocolResetReceiver)
    i.LoraProtocolSendFrame                  0x08002dc4   Section        0  lora.o(i.LoraProtocolSendFrame)
    LoraProtocolSendFrame                    0x08002dc5   Thumb Code   130  lora.o(i.LoraProtocolSendFrame)
    i.LoraProtocolTakeFrame                  0x08002e4c   Section        0  lora.o(i.LoraProtocolTakeFrame)
    LoraProtocolTakeFrame                    0x08002e4d   Thumb Code   130  lora.o(i.LoraProtocolTakeFrame)
    i.LoraSlavePrepareTemperatureCache       0x08002ed8   Section        0  lora.o(i.LoraSlavePrepareTemperatureCache)
    LoraSlavePrepareTemperatureCache         0x08002ed9   Thumb Code    30  lora.o(i.LoraSlavePrepareTemperatureCache)
    i.LoraSlaveProcess                       0x08002f04   Section        0  lora.o(i.LoraSlaveProcess)
    i.LoraSlaveUpdateTemperatureCache        0x08002fd0   Section        0  lora.o(i.LoraSlaveUpdateTemperatureCache)
    i.MX_GPIO_Init                           0x08002ff8   Section        0  gpio.o(i.MX_GPIO_Init)
    i.MX_I2C2_Init                           0x080030a4   Section        0  i2c.o(i.MX_I2C2_Init)
    i.MX_TIM2_Init                           0x080030e4   Section        0  tim.o(i.MX_TIM2_Init)
    i.MX_TIM4_Init                           0x0800314c   Section        0  tim.o(i.MX_TIM4_Init)
    i.MX_USART1_UART_Init                    0x080031b4   Section        0  usart.o(i.MX_USART1_UART_Init)
    i.MX_USART2_UART_Init                    0x080031ec   Section        0  usart.o(i.MX_USART2_UART_Init)
    i.MemManage_Handler                      0x08003224   Section        0  stm32f1xx_it.o(i.MemManage_Handler)
    i.NMI_Handler                            0x08003226   Section        0  stm32f1xx_it.o(i.NMI_Handler)
    i.PendSV_Handler                         0x08003228   Section        0  stm32f1xx_it.o(i.PendSV_Handler)
    i.RCC_Delay                              0x0800322c   Section        0  stm32f1xx_hal_rcc.o(i.RCC_Delay)
    RCC_Delay                                0x0800322d   Thumb Code    30  stm32f1xx_hal_rcc.o(i.RCC_Delay)
    i.SVC_Handler                            0x08003250   Section        0  stm32f1xx_it.o(i.SVC_Handler)
    i.SensorTemperatureToTenths              0x08003254   Section        0  main.o(i.SensorTemperatureToTenths)
    SensorTemperatureToTenths                0x08003255   Thumb Code    44  main.o(i.SensorTemperatureToTenths)
    i.Sensor_Convert_All                     0x08003284   Section        0  main.o(i.Sensor_Convert_All)
    Sensor_Convert_All                       0x08003285   Thumb Code   126  main.o(i.Sensor_Convert_All)
    i.Sensor_Detect                          0x0800330c   Section        0  interrupt.o(i.Sensor_Detect)
    i.Sensor_UpdateTemperatureCache          0x080033f0   Section        0  main.o(i.Sensor_UpdateTemperatureCache)
    Sensor_UpdateTemperatureCache            0x080033f1   Thumb Code   182  main.o(i.Sensor_UpdateTemperatureCache)
    i.SysTick_Handler                        0x080034c0   Section        0  stm32f1xx_it.o(i.SysTick_Handler)
    i.SystemClock_Config                     0x080034c4   Section        0  main.o(i.SystemClock_Config)
    i.SystemInit                             0x08003522   Section        0  system_stm32f1xx.o(i.SystemInit)
    i.TIM2_IRQHandler                        0x08003524   Section        0  stm32f1xx_it.o(i.TIM2_IRQHandler)
    i.TIM4_IRQHandler                        0x08003530   Section        0  stm32f1xx_it.o(i.TIM4_IRQHandler)
    i.TIM_Base_SetConfig                     0x0800353c   Section        0  stm32f1xx_hal_tim.o(i.TIM_Base_SetConfig)
    i.TIM_ETR_SetConfig                      0x080035a8   Section        0  stm32f1xx_hal_tim.o(i.TIM_ETR_SetConfig)
    i.TIM_ITRx_SetConfig                     0x080035bc   Section        0  stm32f1xx_hal_tim.o(i.TIM_ITRx_SetConfig)
    TIM_ITRx_SetConfig                       0x080035bd   Thumb Code    16  stm32f1xx_hal_tim.o(i.TIM_ITRx_SetConfig)
    i.TIM_TI1_ConfigInputStage               0x080035cc   Section        0  stm32f1xx_hal_tim.o(i.TIM_TI1_ConfigInputStage)
    TIM_TI1_ConfigInputStage                 0x080035cd   Thumb Code    34  stm32f1xx_hal_tim.o(i.TIM_TI1_ConfigInputStage)
    i.TIM_TI2_ConfigInputStage               0x080035ee   Section        0  stm32f1xx_hal_tim.o(i.TIM_TI2_ConfigInputStage)
    TIM_TI2_ConfigInputStage                 0x080035ef   Thumb Code    36  stm32f1xx_hal_tim.o(i.TIM_TI2_ConfigInputStage)
    i.UART_DMAAbortOnError                   0x08003612   Section        0  stm32f1xx_hal_uart.o(i.UART_DMAAbortOnError)
    UART_DMAAbortOnError                     0x08003613   Thumb Code    16  stm32f1xx_hal_uart.o(i.UART_DMAAbortOnError)
    i.UART_EndRxTransfer                     0x08003622   Section        0  stm32f1xx_hal_uart.o(i.UART_EndRxTransfer)
    UART_EndRxTransfer                       0x08003623   Thumb Code    78  stm32f1xx_hal_uart.o(i.UART_EndRxTransfer)
    i.UART_EndTransmit_IT                    0x08003670   Section        0  stm32f1xx_hal_uart.o(i.UART_EndTransmit_IT)
    UART_EndTransmit_IT                      0x08003671   Thumb Code    26  stm32f1xx_hal_uart.o(i.UART_EndTransmit_IT)
    i.UART_Receive_IT                        0x0800368a   Section        0  stm32f1xx_hal_uart.o(i.UART_Receive_IT)
    UART_Receive_IT                          0x0800368b   Thumb Code   200  stm32f1xx_hal_uart.o(i.UART_Receive_IT)
    i.UART_SetConfig                         0x08003754   Section        0  stm32f1xx_hal_uart.o(i.UART_SetConfig)
    UART_SetConfig                           0x08003755   Thumb Code   178  stm32f1xx_hal_uart.o(i.UART_SetConfig)
    i.UART_Start_Receive_IT                  0x0800380c   Section        0  stm32f1xx_hal_uart.o(i.UART_Start_Receive_IT)
    i.UART_Transmit_IT                       0x08003844   Section        0  stm32f1xx_hal_uart.o(i.UART_Transmit_IT)
    UART_Transmit_IT                         0x08003845   Thumb Code    94  stm32f1xx_hal_uart.o(i.UART_Transmit_IT)
    i.UART_WaitOnFlagUntilTimeout            0x080038a2   Section        0  stm32f1xx_hal_uart.o(i.UART_WaitOnFlagUntilTimeout)
    UART_WaitOnFlagUntilTimeout              0x080038a3   Thumb Code   116  stm32f1xx_hal_uart.o(i.UART_WaitOnFlagUntilTimeout)
    i.USART2_IRQHandler                      0x08003918   Section        0  stm32f1xx_it.o(i.USART2_IRQHandler)
    i.UsageFault_Handler                     0x08003924   Section        0  stm32f1xx_it.o(i.UsageFault_Handler)
    i.Usart_SendString                       0x08003926   Section        0  usart.o(i.Usart_SendString)
    i.__0printf$8                            0x08003954   Section        0  printf8.o(i.__0printf$8)
    i.__NVIC_SetPriority                     0x08003974   Section        0  stm32f1xx_hal_cortex.o(i.__NVIC_SetPriority)
    __NVIC_SetPriority                       0x08003975   Thumb Code    32  stm32f1xx_hal_cortex.o(i.__NVIC_SetPriority)
    i.__scatterload_copy                     0x08003994   Section       14  handlers.o(i.__scatterload_copy)
    i.__scatterload_null                     0x080039a2   Section        2  handlers.o(i.__scatterload_null)
    i.__scatterload_zeroinit                 0x080039a4   Section       14  handlers.o(i.__scatterload_zeroinit)
    i._printf_core                           0x080039b4   Section        0  printf8.o(i._printf_core)
    _printf_core                             0x080039b5   Thumb Code   984  printf8.o(i._printf_core)
    i._printf_post_padding                   0x08003db8   Section        0  printf8.o(i._printf_post_padding)
    _printf_post_padding                     0x08003db9   Thumb Code    36  printf8.o(i._printf_post_padding)
    i._printf_pre_padding                    0x08003ddc   Section        0  printf8.o(i._printf_pre_padding)
    _printf_pre_padding                      0x08003ddd   Thumb Code    46  printf8.o(i._printf_pre_padding)
    i.fputc                                  0x08003e0c   Section        0  usart.o(i.fputc)
    i.is_ghost_id                            0x08003e24   Section        0  main.o(i.is_ghost_id)
    is_ghost_id                              0x08003e25   Thumb Code    32  main.o(i.is_ghost_id)
    i.main                                   0x08003e48   Section        0  main.o(i.main)
    .constdata                               0x0800402c   Section       18  stm32f1xx_hal_rcc.o(.constdata)
    aPredivFactorTable                       0x0800402c   Data           2  stm32f1xx_hal_rcc.o(.constdata)
    aPLLMULFactorTable                       0x0800402e   Data          16  stm32f1xx_hal_rcc.o(.constdata)
    .constdata                               0x0800403e   Section       16  system_stm32f1xx.o(.constdata)
    .constdata                               0x0800404e   Section        8  system_stm32f1xx.o(.constdata)
    .data                                    0x20000000   Section       44  main.o(.data)
    s_phase                                  0x20000001   Data           1  main.o(.data)
    s_wait                                   0x20000002   Data           1  main.o(.data)
    sample_count                             0x20000003   Data           1  main.o(.data)
    .data                                    0x2000002c   Section       12  stm32f1xx_hal.o(.data)
    .data                                    0x20000038   Section        4  system_stm32f1xx.o(.data)
    .data                                    0x2000003c   Section        4  interrupt.o(.data)
    .data                                    0x20000040   Section        6  bsp_ds18b20.o(.data)
    .data                                    0x20000048   Section       24  lora.o(.data)
    s_protocol_rx_index                      0x20000048   Data           1  lora.o(.data)
    s_protocol_rx_expected                   0x20000049   Data           1  lora.o(.data)
    s_protocol_rx_ready                      0x2000004a   Data           1  lora.o(.data)
    s_slave_temperature_valid                0x2000004b   Data           1  lora.o(.data)
    s_slave_reply_pending                    0x2000004c   Data           1  lora.o(.data)
    s_slave_reply_flow_id                    0x20000050   Data           2  lora.o(.data)
    s_slave_reply_due_ms                     0x2000005c   Data           4  lora.o(.data)
    .data                                    0x20000060   Section        4  stdout.o(.data)
    .bss                                     0x20000064   Section       44  main.o(.bss)
    .bss                                     0x20000090   Section       84  i2c.o(.bss)
    .bss                                     0x200000e4   Section      144  tim.o(.bss)
    .bss                                     0x20000174   Section      144  usart.o(.bss)
    .bss                                     0x20000204   Section      128  interrupt.o(.bss)
    .bss                                     0x20000284   Section      384  bsp_ds18b20.o(.bss)
    .bss                                     0x20000404   Section      254  lora.o(.bss)
    s_protocol_rx_buffer                     0x20000404   Data         109  lora.o(.bss)
    s_slave_temperature                      0x20000472   Data          72  lora.o(.bss)
    s_slave_reply_payload                    0x200004ba   Data          72  lora.o(.bss)
    STACK                                    0x20000508   Section     1024  startup_stm32f103xb.o(STACK)

    Global Symbols

    Symbol Name                              Value     Ov Type        Size  Object(Section)

    BuildAttributes$$THM_ISAv4$P$D$K$B$S$PE$A:L22UL41UL21$X:L11$S22US41US21$IEEE1$IW$USESV6$~STKCKD$USESV7$~SHL$OTIME$ROPI$EBA8$MICROLIB$REQ8$PRES8$EABIv2 0x00000000   Number         0  anon$$obj.o ABSOLUTE
    __ARM_use_no_argv                        0x00000000   Number         0  main.o ABSOLUTE
    _printf_a                                0x00000000   Number         0  stubs.o ABSOLUTE
    _printf_c                                0x00000000   Number         0  stubs.o ABSOLUTE
    _printf_charcount                        0x00000000   Number         0  stubs.o ABSOLUTE
    _printf_d                                0x00000000   Number         0  stubs.o ABSOLUTE
    _printf_e                                0x00000000   Number         0  stubs.o ABSOLUTE
    _printf_f                                0x00000000   Number         0  stubs.o ABSOLUTE
    _printf_flags                            0x00000000   Number         0  stubs.o ABSOLUTE
    _printf_fp_dec                           0x00000000   Number         0  stubs.o ABSOLUTE
    _printf_fp_hex                           0x00000000   Number         0  stubs.o ABSOLUTE
    _printf_g                                0x00000000   Number         0  stubs.o ABSOLUTE
    _printf_i                                0x00000000   Number         0  stubs.o ABSOLUTE
    _printf_int_dec                          0x00000000   Number         0  stubs.o ABSOLUTE
    _printf_l                                0x00000000   Number         0  stubs.o ABSOLUTE
    _printf_lc                               0x00000000   Number         0  stubs.o ABSOLUTE
    _printf_ll                               0x00000000   Number         0  stubs.o ABSOLUTE
    _printf_lld                              0x00000000   Number         0  stubs.o ABSOLUTE
    _printf_lli                              0x00000000   Number         0  stubs.o ABSOLUTE
    _printf_llo                              0x00000000   Number         0  stubs.o ABSOLUTE
    _printf_llu                              0x00000000   Number         0  stubs.o ABSOLUTE
    _printf_llx                              0x00000000   Number         0  stubs.o ABSOLUTE
    _printf_longlong_dec                     0x00000000   Number         0  stubs.o ABSOLUTE
    _printf_longlong_hex                     0x00000000   Number         0  stubs.o ABSOLUTE
    _printf_longlong_oct                     0x00000000   Number         0  stubs.o ABSOLUTE
    _printf_ls                               0x00000000   Number         0  stubs.o ABSOLUTE
    _printf_mbtowc                           0x00000000   Number         0  stubs.o ABSOLUTE
    _printf_n                                0x00000000   Number         0  stubs.o ABSOLUTE
    _printf_o                                0x00000000   Number         0  stubs.o ABSOLUTE
    _printf_p                                0x00000000   Number         0  stubs.o ABSOLUTE
    _printf_percent                          0x00000000   Number         0  stubs.o ABSOLUTE
    _printf_pre_padding                      0x00000000   Number         0  stubs.o ABSOLUTE
    _printf_return_value                     0x00000000   Number         0  stubs.o ABSOLUTE
    _printf_s                                0x00000000   Number         0  stubs.o ABSOLUTE
    _printf_sizespec                         0x00000000   Number         0  stubs.o ABSOLUTE
    _printf_str                              0x00000000   Number         0  stubs.o ABSOLUTE
    _printf_truncate_signed                  0x00000000   Number         0  stubs.o ABSOLUTE
    _printf_truncate_unsigned                0x00000000   Number         0  stubs.o ABSOLUTE
    _printf_u                                0x00000000   Number         0  stubs.o ABSOLUTE
    _printf_wc                               0x00000000   Number         0  stubs.o ABSOLUTE
    _printf_wctomb                           0x00000000   Number         0  stubs.o ABSOLUTE
    _printf_widthprec                        0x00000000   Number         0  stubs.o ABSOLUTE
    _printf_x                                0x00000000   Number         0  stubs.o ABSOLUTE
    __arm_fini_                               - Undefined Weak Reference
    __cpp_initialize__aeabi_                  - Undefined Weak Reference
    __cxa_finalize                            - Undefined Weak Reference
    __decompress                              - Undefined Weak Reference
    _clock_init                               - Undefined Weak Reference
    _microlib_exit                            - Undefined Weak Reference
    __Vectors_Size                           0x000000ec   Number         0  startup_stm32f103xb.o ABSOLUTE
    __Vectors                                0x08000000   Data           4  startup_stm32f103xb.o(RESET)
    __Vectors_End                            0x080000ec   Data           0  startup_stm32f103xb.o(RESET)
    __main                                   0x080000ed   Thumb Code     0  entry.o(.ARM.Collect$$$$00000000)
    _main_stk                                0x080000ed   Thumb Code     0  entry2.o(.ARM.Collect$$$$00000001)
    _main_scatterload                        0x080000f1   Thumb Code     0  entry5.o(.ARM.Collect$$$$00000004)
    __main_after_scatterload                 0x080000f5   Thumb Code     0  entry5.o(.ARM.Collect$$$$00000004)
    _main_clock                              0x080000f5   Thumb Code     0  entry7b.o(.ARM.Collect$$$$00000008)
    _main_cpp_init                           0x080000f5   Thumb Code     0  entry8b.o(.ARM.Collect$$$$0000000A)
    _main_init                               0x080000f5   Thumb Code     0  entry9a.o(.ARM.Collect$$$$0000000B)
    __rt_lib_shutdown_fini                   0x080000fd   Thumb Code     0  entry12b.o(.ARM.Collect$$$$0000000E)
    __rt_final_cpp                           0x08000101   Thumb Code     0  entry10a.o(.ARM.Collect$$$$0000000F)
    __rt_final_exit                          0x08000101   Thumb Code     0  entry11a.o(.ARM.Collect$$$$00000011)
    Reset_Handler                            0x08000105   Thumb Code     8  startup_stm32f103xb.o(.text)
    ADC1_2_IRQHandler                        0x0800011f   Thumb Code     0  startup_stm32f103xb.o(.text)
    CAN1_RX1_IRQHandler                      0x0800011f   Thumb Code     0  startup_stm32f103xb.o(.text)
    CAN1_SCE_IRQHandler                      0x0800011f   Thumb Code     0  startup_stm32f103xb.o(.text)
    DMA1_Channel1_IRQHandler                 0x0800011f   Thumb Code     0  startup_stm32f103xb.o(.text)
    DMA1_Channel2_IRQHandler                 0x0800011f   Thumb Code     0  startup_stm32f103xb.o(.text)
    DMA1_Channel3_IRQHandler                 0x0800011f   Thumb Code     0  startup_stm32f103xb.o(.text)
    DMA1_Channel4_IRQHandler                 0x0800011f   Thumb Code     0  startup_stm32f103xb.o(.text)
    DMA1_Channel5_IRQHandler                 0x0800011f   Thumb Code     0  startup_stm32f103xb.o(.text)
    DMA1_Channel6_IRQHandler                 0x0800011f   Thumb Code     0  startup_stm32f103xb.o(.text)
    DMA1_Channel7_IRQHandler                 0x0800011f   Thumb Code     0  startup_stm32f103xb.o(.text)
    EXTI0_IRQHandler                         0x0800011f   Thumb Code     0  startup_stm32f103xb.o(.text)
    EXTI15_10_IRQHandler                     0x0800011f   Thumb Code     0  startup_stm32f103xb.o(.text)
    EXTI1_IRQHandler                         0x0800011f   Thumb Code     0  startup_stm32f103xb.o(.text)
    EXTI2_IRQHandler                         0x0800011f   Thumb Code     0  startup_stm32f103xb.o(.text)
    EXTI3_IRQHandler                         0x0800011f   Thumb Code     0  startup_stm32f103xb.o(.text)
    EXTI4_IRQHandler                         0x0800011f   Thumb Code     0  startup_stm32f103xb.o(.text)
    EXTI9_5_IRQHandler                       0x0800011f   Thumb Code     0  startup_stm32f103xb.o(.text)
    FLASH_IRQHandler                         0x0800011f   Thumb Code     0  startup_stm32f103xb.o(.text)
    I2C1_ER_IRQHandler                       0x0800011f   Thumb Code     0  startup_stm32f103xb.o(.text)
    I2C1_EV_IRQHandler                       0x0800011f   Thumb Code     0  startup_stm32f103xb.o(.text)
    I2C2_ER_IRQHandler                       0x0800011f   Thumb Code     0  startup_stm32f103xb.o(.text)
    I2C2_EV_IRQHandler                       0x0800011f   Thumb Code     0  startup_stm32f103xb.o(.text)
    PVD_IRQHandler                           0x0800011f   Thumb Code     0  startup_stm32f103xb.o(.text)
    RCC_IRQHandler                           0x0800011f   Thumb Code     0  startup_stm32f103xb.o(.text)
    RTC_Alarm_IRQHandler                     0x0800011f   Thumb Code     0  startup_stm32f103xb.o(.text)
    RTC_IRQHandler                           0x0800011f   Thumb Code     0  startup_stm32f103xb.o(.text)
    SPI1_IRQHandler                          0x0800011f   Thumb Code     0  startup_stm32f103xb.o(.text)
    SPI2_IRQHandler                          0x0800011f   Thumb Code     0  startup_stm32f103xb.o(.text)
    TAMPER_IRQHandler                        0x0800011f   Thumb Code     0  startup_stm32f103xb.o(.text)
    TIM1_BRK_IRQHandler                      0x0800011f   Thumb Code     0  startup_stm32f103xb.o(.text)
    TIM1_CC_IRQHandler                       0x0800011f   Thumb Code     0  startup_stm32f103xb.o(.text)
    TIM1_TRG_COM_IRQHandler                  0x0800011f   Thumb Code     0  startup_stm32f103xb.o(.text)
    TIM1_UP_IRQHandler                       0x0800011f   Thumb Code     0  startup_stm32f103xb.o(.text)
    TIM3_IRQHandler                          0x0800011f   Thumb Code     0  startup_stm32f103xb.o(.text)
    USART1_IRQHandler                        0x0800011f   Thumb Code     0  startup_stm32f103xb.o(.text)
    USART3_IRQHandler                        0x0800011f   Thumb Code     0  startup_stm32f103xb.o(.text)
    USBWakeUp_IRQHandler                     0x0800011f   Thumb Code     0  startup_stm32f103xb.o(.text)
    USB_HP_CAN1_TX_IRQHandler                0x0800011f   Thumb Code     0  startup_stm32f103xb.o(.text)
    USB_LP_CAN1_RX0_IRQHandler               0x0800011f   Thumb Code     0  startup_stm32f103xb.o(.text)
    WWDG_IRQHandler                          0x0800011f   Thumb Code     0  startup_stm32f103xb.o(.text)
    __aeabi_llsr                             0x08000129   Thumb Code    32  llushr.o(.text)
    _ll_ushift_r                             0x08000129   Thumb Code     0  llushr.o(.text)
    __aeabi_memcpy                           0x08000149   Thumb Code    36  memcpya.o(.text)
    __aeabi_memcpy4                          0x08000149   Thumb Code     0  memcpya.o(.text)
    __aeabi_memcpy8                          0x08000149   Thumb Code     0  memcpya.o(.text)
    __aeabi_memset                           0x0800016d   Thumb Code    14  memseta.o(.text)
    __aeabi_memset4                          0x0800016d   Thumb Code     0  memseta.o(.text)
    __aeabi_memset8                          0x0800016d   Thumb Code     0  memseta.o(.text)
    __aeabi_memclr                           0x0800017b   Thumb Code     4  memseta.o(.text)
    __aeabi_memclr4                          0x0800017b   Thumb Code     0  memseta.o(.text)
    __aeabi_memclr8                          0x0800017b   Thumb Code     0  memseta.o(.text)
    _memset$wrapper                          0x0800017f   Thumb Code    18  memseta.o(.text)
    strstr                                   0x08000191   Thumb Code    36  strstr.o(.text)
    strlen                                   0x080001b5   Thumb Code    14  strlen.o(.text)
    __aeabi_fadd                             0x080001c3   Thumb Code   164  fadd.o(.text)
    __aeabi_fsub                             0x08000267   Thumb Code     6  fadd.o(.text)
    __aeabi_frsub                            0x0800026d   Thumb Code     6  fadd.o(.text)
    __aeabi_fmul                             0x08000273   Thumb Code   100  fmul.o(.text)
    __aeabi_fdiv                             0x080002d7   Thumb Code   124  fdiv.o(.text)
    __aeabi_ui2f                             0x08000353   Thumb Code    10  ffltui.o(.text)
    __aeabi_f2iz                             0x0800035d   Thumb Code    50  ffixi.o(.text)
    __aeabi_uldivmod                         0x0800038f   Thumb Code    98  uldiv.o(.text)
    __I$use$fp                               0x080003f1   Thumb Code     0  iusefp.o(.text)
    _float_round                             0x080003f1   Thumb Code    18  fepilogue.o(.text)
    _float_epilogue                          0x08000403   Thumb Code    92  fepilogue.o(.text)
    __scatterload                            0x08000461   Thumb Code    28  init.o(.text)
    __scatterload_rt2                        0x08000461   Thumb Code     0  init.o(.text)
    __aeabi_llsl                             0x08000485   Thumb Code    30  llshl.o(.text)
    _ll_shift_l                              0x08000485   Thumb Code     0  llshl.o(.text)
    BME280_Config                            0x080004a3   Thumb Code    80  bme280.o(i.BME280_Config)
    BME280_Init                              0x080004f3   Thumb Code   326  bme280.o(i.BME280_Init)
    BME280_ReadRegs                          0x08000639   Thumb Code    28  bme280.o(i.BME280_ReadRegs)
    BME280_SoftReset                         0x08000655   Thumb Code     8  bme280.o(i.BME280_SoftReset)
    BME280_WriteReg                          0x0800065d   Thumb Code    32  bme280.o(i.BME280_WriteReg)
    BusFault_Handler                         0x0800067d   Thumb Code     2  stm32f1xx_it.o(i.BusFault_Handler)
    CPU_TS_TmrInit                           0x08000681   Thumb Code    26  core_delay.o(i.CPU_TS_TmrInit)
    CPU_TS_TmrRd                             0x080006a5   Thumb Code     6  core_delay.o(i.CPU_TS_TmrRd)
    CPU_TS_Tmr_Delay_US                      0x080006b1   Thumb Code    62  core_delay.o(i.CPU_TS_Tmr_Delay_US)
    DIP_Switch_Init                          0x080006f9   Thumb Code    52  dip_switch.o(i.DIP_Switch_Init)
    DS18B20_Answer_Check                     0x08000735   Thumb Code    90  bsp_ds18b20.o(i.DS18B20_Answer_Check)
    DS18B20_Crc                              0x0800078f   Thumb Code    52  bsp_ds18b20.o(i.DS18B20_Crc)
    DS18B20_GPIO_Config                      0x080007c3   Thumb Code    40  bsp_ds18b20.o(i.DS18B20_GPIO_Config)
    DS18B20_Init                             0x080007eb   Thumb Code    34  bsp_ds18b20.o(i.DS18B20_Init)
    DS18B20_Mode_IPU                         0x0800080d   Thumb Code    20  bsp_ds18b20.o(i.DS18B20_Mode_IPU)
    DS18B20_Mode_Out                         0x08000821   Thumb Code    24  bsp_ds18b20.o(i.DS18B20_Mode_Out)
    DS18B20_Mode_Out_PP                      0x08000839   Thumb Code    24  bsp_ds18b20.o(i.DS18B20_Mode_Out_PP)
    DS18B20_Read_2Bit                        0x08000851   Thumb Code    98  bsp_ds18b20.o(i.DS18B20_Read_2Bit)
    DS18B20_Read_Bit                         0x080008b3   Thumb Code    78  bsp_ds18b20.o(i.DS18B20_Read_Bit)
    DS18B20_Read_Byte                        0x08000901   Thumb Code    40  bsp_ds18b20.o(i.DS18B20_Read_Byte)
    DS18B20_Rst                              0x08000929   Thumb Code    52  bsp_ds18b20.o(i.DS18B20_Rst)
    DS18B20_Search_Rom                       0x0800095d   Thumb Code   286  bsp_ds18b20.o(i.DS18B20_Search_Rom)
    DS18B20_Write_Bit                        0x08000a85   Thumb Code    90  bsp_ds18b20.o(i.DS18B20_Write_Bit)
    DS18B20_Write_Byte                       0x08000adf   Thumb Code    38  bsp_ds18b20.o(i.DS18B20_Write_Byte)
    DebugMon_Handler                         0x08000b05   Thumb Code     2  stm32f1xx_it.o(i.DebugMon_Handler)
    Error_Handler                            0x08000b07   Thumb Code     4  main.o(i.Error_Handler)
    GXHT3W_Read_TempHum                      0x08000b0d   Thumb Code   216  bsp_ds18b20.o(i.GXHT3W_Read_TempHum)
    HAL_DMA_Abort                            0x08000bfd   Thumb Code    70  stm32f1xx_hal_dma.o(i.HAL_DMA_Abort)
    HAL_DMA_Abort_IT                         0x08000c45   Thumb Code   148  stm32f1xx_hal_dma.o(i.HAL_DMA_Abort_IT)
    HAL_Delay                                0x08000cdd   Thumb Code    32  stm32f1xx_hal.o(i.HAL_Delay)
    HAL_GPIO_Init                            0x08000d01   Thumb Code   464  stm32f1xx_hal_gpio.o(i.HAL_GPIO_Init)
    HAL_GPIO_ReadPin                         0x08000ef1   Thumb Code    14  stm32f1xx_hal_gpio.o(i.HAL_GPIO_ReadPin)
    HAL_GPIO_TogglePin                       0x08000eff   Thumb Code    16  stm32f1xx_hal_gpio.o(i.HAL_GPIO_TogglePin)
    HAL_GPIO_WritePin                        0x08000f0f   Thumb Code    14  stm32f1xx_hal_gpio.o(i.HAL_GPIO_WritePin)
    HAL_GetTick                              0x08000f1d   Thumb Code     6  stm32f1xx_hal.o(i.HAL_GetTick)
    HAL_I2C_Init                             0x08000f29   Thumb Code   392  stm32f1xx_hal_i2c.o(i.HAL_I2C_Init)
    HAL_I2C_Mem_Read                         0x080010c1   Thumb Code   710  stm32f1xx_hal_i2c.o(i.HAL_I2C_Mem_Read)
    HAL_I2C_Mem_Write                        0x08001399   Thumb Code   316  stm32f1xx_hal_i2c.o(i.HAL_I2C_Mem_Write)
    HAL_I2C_MspInit                          0x080014dd   Thumb Code    82  i2c.o(i.HAL_I2C_MspInit)
    HAL_IncTick                              0x0800153d   Thumb Code    12  stm32f1xx_hal.o(i.HAL_IncTick)
    HAL_Init                                 0x0800154d   Thumb Code    32  stm32f1xx_hal.o(i.HAL_Init)
    HAL_InitTick                             0x08001571   Thumb Code    58  stm32f1xx_hal.o(i.HAL_InitTick)
    HAL_MspInit                              0x080015b5   Thumb Code    52  stm32f1xx_hal_msp.o(i.HAL_MspInit)
    HAL_NVIC_EnableIRQ                       0x080015f1   Thumb Code    26  stm32f1xx_hal_cortex.o(i.HAL_NVIC_EnableIRQ)
    HAL_NVIC_SetPriority                     0x0800160d   Thumb Code    60  stm32f1xx_hal_cortex.o(i.HAL_NVIC_SetPriority)
    HAL_NVIC_SetPriorityGrouping             0x0800164d   Thumb Code    26  stm32f1xx_hal_cortex.o(i.HAL_NVIC_SetPriorityGrouping)
    HAL_RCC_ClockConfig                      0x08001671   Thumb Code   318  stm32f1xx_hal_rcc.o(i.HAL_RCC_ClockConfig)
    HAL_RCC_GetHCLKFreq                      0x080017c5   Thumb Code     6  stm32f1xx_hal_rcc.o(i.HAL_RCC_GetHCLKFreq)
    HAL_RCC_GetPCLK1Freq                     0x080017d1   Thumb Code    22  stm32f1xx_hal_rcc.o(i.HAL_RCC_GetPCLK1Freq)
    HAL_RCC_GetPCLK2Freq                     0x080017f1   Thumb Code    22  stm32f1xx_hal_rcc.o(i.HAL_RCC_GetPCLK2Freq)
    HAL_RCC_GetSysClockFreq                  0x08001811   Thumb Code    58  stm32f1xx_hal_rcc.o(i.HAL_RCC_GetSysClockFreq)
    HAL_RCC_OscConfig                        0x0800185d   Thumb Code   882  stm32f1xx_hal_rcc.o(i.HAL_RCC_OscConfig)
    HAL_SYSTICK_Config                       0x08001be1   Thumb Code    40  stm32f1xx_hal_cortex.o(i.HAL_SYSTICK_Config)
    HAL_TIMEx_BreakCallback                  0x08001c09   Thumb Code     2  stm32f1xx_hal_tim_ex.o(i.HAL_TIMEx_BreakCallback)
    HAL_TIMEx_CommutCallback                 0x08001c0b   Thumb Code     2  stm32f1xx_hal_tim_ex.o(i.HAL_TIMEx_CommutCallback)
    HAL_TIMEx_MasterConfigSynchronization    0x08001c0d   Thumb Code    90  stm32f1xx_hal_tim_ex.o(i.HAL_TIMEx_MasterConfigSynchronization)
    HAL_TIM_Base_Init                        0x08001c75   Thumb Code    74  stm32f1xx_hal_tim.o(i.HAL_TIM_Base_Init)
    HAL_TIM_Base_MspInit                     0x08001cc1   Thumb Code    92  tim.o(i.HAL_TIM_Base_MspInit)
    HAL_TIM_Base_Start_IT                    0x08001d25   Thumb Code    86  stm32f1xx_hal_tim.o(i.HAL_TIM_Base_Start_IT)
    HAL_TIM_ConfigClockSource                0x08001d89   Thumb Code   232  stm32f1xx_hal_tim.o(i.HAL_TIM_ConfigClockSource)
    HAL_TIM_IC_CaptureCallback               0x08001e71   Thumb Code     2  stm32f1xx_hal_tim.o(i.HAL_TIM_IC_CaptureCallback)
    HAL_TIM_IRQHandler                       0x08001e73   Thumb Code   366  stm32f1xx_hal_tim.o(i.HAL_TIM_IRQHandler)
    HAL_TIM_OC_DelayElapsedCallback          0x08001fe1   Thumb Code     2  stm32f1xx_hal_tim.o(i.HAL_TIM_OC_DelayElapsedCallback)
    HAL_TIM_PWM_PulseFinishedCallback        0x08001fe3   Thumb Code     2  stm32f1xx_hal_tim.o(i.HAL_TIM_PWM_PulseFinishedCallback)
    HAL_TIM_PeriodElapsedCallback            0x08001fe5   Thumb Code    18  interrupt.o(i.HAL_TIM_PeriodElapsedCallback)
    HAL_TIM_TriggerCallback                  0x08002001   Thumb Code     2  stm32f1xx_hal_tim.o(i.HAL_TIM_TriggerCallback)
    HAL_UARTEx_RxEventCallback               0x08002003   Thumb Code     2  stm32f1xx_hal_uart.o(i.HAL_UARTEx_RxEventCallback)
    HAL_UART_ErrorCallback                   0x08002005   Thumb Code     2  stm32f1xx_hal_uart.o(i.HAL_UART_ErrorCallback)
    HAL_UART_IRQHandler                      0x08002009   Thumb Code   554  stm32f1xx_hal_uart.o(i.HAL_UART_IRQHandler)
    HAL_UART_Init                            0x08002239   Thumb Code   102  stm32f1xx_hal_uart.o(i.HAL_UART_Init)
    HAL_UART_MspInit                         0x080022a1   Thumb Code   186  usart.o(i.HAL_UART_MspInit)
    HAL_UART_Receive_IT                      0x0800236d   Thumb Code    28  stm32f1xx_hal_uart.o(i.HAL_UART_Receive_IT)
    HAL_UART_RxCpltCallback                  0x08002389   Thumb Code    60  interrupt.o(i.HAL_UART_RxCpltCallback)
    HAL_UART_Transmit                        0x080023d5   Thumb Code   164  stm32f1xx_hal_uart.o(i.HAL_UART_Transmit)
    HAL_UART_TxCpltCallback                  0x08002479   Thumb Code     2  stm32f1xx_hal_uart.o(i.HAL_UART_TxCpltCallback)
    HardFault_Handler                        0x0800247b   Thumb Code     2  stm32f1xx_it.o(i.HardFault_Handler)
    LORA_Clear                               0x0800294d   Thumb Code    38  lora.o(i.LORA_Clear)
    LORA_Init                                0x08002981   Thumb Code   376  lora.o(i.LORA_Init)
    LORA_SendCmd                             0x08002c15   Thumb Code   162  lora.o(i.LORA_SendCmd)
    LORA_WaitRecive                          0x08002cc1   Thumb Code    38  lora.o(i.LORA_WaitRecive)
    LoraProtocolFeedByte                     0x08002d25   Thumb Code   124  lora.o(i.LoraProtocolFeedByte)
    LoraSlaveProcess                         0x08002f05   Thumb Code   194  lora.o(i.LoraSlaveProcess)
    LoraSlaveUpdateTemperatureCache          0x08002fd1   Thumb Code    32  lora.o(i.LoraSlaveUpdateTemperatureCache)
    MX_GPIO_Init                             0x08002ff9   Thumb Code   160  gpio.o(i.MX_GPIO_Init)
    MX_I2C2_Init                             0x080030a5   Thumb Code    50  i2c.o(i.MX_I2C2_Init)
    MX_TIM2_Init                             0x080030e5   Thumb Code    98  tim.o(i.MX_TIM2_Init)
    MX_TIM4_Init                             0x0800314d   Thumb Code    96  tim.o(i.MX_TIM4_Init)
    MX_USART1_UART_Init                      0x080031b5   Thumb Code    48  usart.o(i.MX_USART1_UART_Init)
    MX_USART2_UART_Init                      0x080031ed   Thumb Code    48  usart.o(i.MX_USART2_UART_Init)
    MemManage_Handler                        0x08003225   Thumb Code     2  stm32f1xx_it.o(i.MemManage_Handler)
    NMI_Handler                              0x08003227   Thumb Code     2  stm32f1xx_it.o(i.NMI_Handler)
    PendSV_Handler                           0x08003229   Thumb Code     2  stm32f1xx_it.o(i.PendSV_Handler)
    SVC_Handler                              0x08003251   Thumb Code     2  stm32f1xx_it.o(i.SVC_Handler)
    Sensor_Detect                            0x0800330d   Thumb Code   220  interrupt.o(i.Sensor_Detect)
    SysTick_Handler                          0x080034c1   Thumb Code     4  stm32f1xx_it.o(i.SysTick_Handler)
    SystemClock_Config                       0x080034c5   Thumb Code    94  main.o(i.SystemClock_Config)
    SystemInit                               0x08003523   Thumb Code     2  system_stm32f1xx.o(i.SystemInit)
    TIM2_IRQHandler                          0x08003525   Thumb Code     6  stm32f1xx_it.o(i.TIM2_IRQHandler)
    TIM4_IRQHandler                          0x08003531   Thumb Code     6  stm32f1xx_it.o(i.TIM4_IRQHandler)
    TIM_Base_SetConfig                       0x0800353d   Thumb Code    94  stm32f1xx_hal_tim.o(i.TIM_Base_SetConfig)
    TIM_ETR_SetConfig                        0x080035a9   Thumb Code    20  stm32f1xx_hal_tim.o(i.TIM_ETR_SetConfig)
    UART_Start_Receive_IT                    0x0800380d   Thumb Code    56  stm32f1xx_hal_uart.o(i.UART_Start_Receive_IT)
    USART2_IRQHandler                        0x08003919   Thumb Code     6  stm32f1xx_it.o(i.USART2_IRQHandler)
    UsageFault_Handler                       0x08003925   Thumb Code     2  stm32f1xx_it.o(i.UsageFault_Handler)
    Usart_SendString                         0x08003927   Thumb Code    46  usart.o(i.Usart_SendString)
    __0printf$8                              0x08003955   Thumb Code    22  printf8.o(i.__0printf$8)
    __1printf$8                              0x08003955   Thumb Code     0  printf8.o(i.__0printf$8)
    __2printf                                0x08003955   Thumb Code     0  printf8.o(i.__0printf$8)
    __scatterload_copy                       0x08003995   Thumb Code    14  handlers.o(i.__scatterload_copy)
    __scatterload_null                       0x080039a3   Thumb Code     2  handlers.o(i.__scatterload_null)
    __scatterload_zeroinit                   0x080039a5   Thumb Code    14  handlers.o(i.__scatterload_zeroinit)
    fputc                                    0x08003e0d   Thumb Code    20  usart.o(i.fputc)
    main                                     0x08003e49   Thumb Code   354  main.o(i.main)
    AHBPrescTable                            0x0800403e   Data          16  system_stm32f1xx.o(.constdata)
    APBPrescTable                            0x0800404e   Data           8  system_stm32f1xx.o(.constdata)
    Region$$Table$$Base                      0x08004058   Number         0  anon$$obj.o(Region$$Table)
    Region$$Table$$Limit                     0x08004078   Number         0  anon$$obj.o(Region$$Table)
    bme_ok                                   0x20000000   Data           1  main.o(.data)
    sensor_type                              0x20000004   Data           1  main.o(.data)
    DS18B20_ChannelPort                      0x20000008   Data          24  main.o(.data)
    DS18B20_ChannelPin                       0x20000020   Data          12  main.o(.data)
    uwTickFreq                               0x2000002c   Data           1  stm32f1xx_hal.o(.data)
    uwTickPrio                               0x20000030   Data           4  stm32f1xx_hal.o(.data)
    uwTick                                   0x20000034   Data           4  stm32f1xx_hal.o(.data)
    SystemCoreClock                          0x20000038   Data           4  system_stm32f1xx.o(.data)
    rx2_pointer                              0x2000003c   Data           1  interrupt.o(.data)
    rx2_data                                 0x2000003d   Data           1  interrupt.o(.data)
    time_100ms                               0x2000003e   Data           2  interrupt.o(.data)
    DS18B20_SensorNum                        0x20000040   Data           6  bsp_ds18b20.o(.data)
    LORA_cntPre                              0x2000004e   Data           2  lora.o(.data)
    LoraSlavePollRxCount                     0x20000054   Data           4  lora.o(.data)
    LoraSlaveTemperatureTxCount              0x20000058   Data           4  lora.o(.data)
    __stdout                                 0x20000060   Data           4  stdout.o(.data)
    bme280                                   0x20000064   Data          44  main.o(.bss)
    hi2c2                                    0x20000090   Data          84  i2c.o(.bss)
    htim2                                    0x200000e4   Data          72  tim.o(.bss)
    htim4                                    0x2000012c   Data          72  tim.o(.bss)
    huart1                                   0x20000174   Data          72  usart.o(.bss)
    huart2                                   0x200001bc   Data          72  usart.o(.bss)
    Rx2Buffer                                0x20000204   Data         128  interrupt.o(.bss)
    DS18B20_ID                               0x20000284   Data         384  bsp_ds18b20.o(.bss)
    __initial_sp                             0x20000908   Data           0  startup_stm32f103xb.o(STACK)



==============================================================================

Memory Map of the image

  Image Entry point : 0x080000ed

  Load Region LR_IROM1 (Base: 0x08000000, Size: 0x000040dc, Max: 0x00010000, ABSOLUTE)

    Execution Region ER_IROM1 (Exec base: 0x08000000, Load base: 0x08000000, Size: 0x00004078, Max: 0x00010000, ABSOLUTE)

    Exec Addr    Load Addr    Size         Type   Attr      Idx    E Section Name        Object

    0x08000000   0x08000000   0x000000ec   Data   RO            3    RESET               startup_stm32f103xb.o
    0x080000ec   0x080000ec   0x00000000   Code   RO         3963  * .ARM.Collect$$$$00000000  mc_w.l(entry.o)
    0x080000ec   0x080000ec   0x00000004   Code   RO         4255    .ARM.Collect$$$$00000001  mc_w.l(entry2.o)
    0x080000f0   0x080000f0   0x00000004   Code   RO         4258    .ARM.Collect$$$$00000004  mc_w.l(entry5.o)
    0x080000f4   0x080000f4   0x00000000   Code   RO         4260    .ARM.Collect$$$$00000008  mc_w.l(entry7b.o)
    0x080000f4   0x080000f4   0x00000000   Code   RO         4262    .ARM.Collect$$$$0000000A  mc_w.l(entry8b.o)
    0x080000f4   0x080000f4   0x00000008   Code   RO         4263    .ARM.Collect$$$$0000000B  mc_w.l(entry9a.o)
    0x080000fc   0x080000fc   0x00000004   Code   RO         4270    .ARM.Collect$$$$0000000E  mc_w.l(entry12b.o)
    0x08000100   0x08000100   0x00000000   Code   RO         4265    .ARM.Collect$$$$0000000F  mc_w.l(entry10a.o)
    0x08000100   0x08000100   0x00000000   Code   RO         4267    .ARM.Collect$$$$00000011  mc_w.l(entry11a.o)
    0x08000100   0x08000100   0x00000004   Code   RO         4256    .ARM.Collect$$$$00002712  mc_w.l(entry2.o)
    0x08000104   0x08000104   0x00000024   Code   RO            4    .text               startup_stm32f103xb.o
    0x08000128   0x08000128   0x00000020   Code   RO         3968    .text               mc_w.l(llushr.o)
    0x08000148   0x08000148   0x00000024   Code   RO         3970    .text               mc_w.l(memcpya.o)
    0x0800016c   0x0800016c   0x00000024   Code   RO         3972    .text               mc_w.l(memseta.o)
    0x08000190   0x08000190   0x00000024   Code   RO         3974    .text               mc_w.l(strstr.o)
    0x080001b4   0x080001b4   0x0000000e   Code   RO         3976    .text               mc_w.l(strlen.o)
    0x080001c2   0x080001c2   0x000000b0   Code   RO         4241    .text               mf_w.l(fadd.o)
    0x08000272   0x08000272   0x00000064   Code   RO         4243    .text               mf_w.l(fmul.o)
    0x080002d6   0x080002d6   0x0000007c   Code   RO         4245    .text               mf_w.l(fdiv.o)
    0x08000352   0x08000352   0x0000000a   Code   RO         4251    .text               mf_w.l(ffltui.o)
    0x0800035c   0x0800035c   0x00000032   Code   RO         4253    .text               mf_w.l(ffixi.o)
    0x0800038e   0x0800038e   0x00000062   Code   RO         4274    .text               mc_w.l(uldiv.o)
    0x080003f0   0x080003f0   0x00000000   Code   RO         4276    .text               mc_w.l(iusefp.o)
    0x080003f0   0x080003f0   0x0000006e   Code   RO         4277    .text               mf_w.l(fepilogue.o)
    0x0800045e   0x0800045e   0x00000002   PAD
    0x08000460   0x08000460   0x00000024   Code   RO         4289    .text               mc_w.l(init.o)
    0x08000484   0x08000484   0x0000001e   Code   RO         4291    .text               mc_w.l(llshl.o)
    0x080004a2   0x080004a2   0x00000050   Code   RO         3892    i.BME280_Config     bme280.o
    0x080004f2   0x080004f2   0x00000146   Code   RO         3893    i.BME280_Init       bme280.o
    0x08000638   0x08000638   0x0000001c   Code   RO         3896    i.BME280_ReadRegs   bme280.o
    0x08000654   0x08000654   0x00000008   Code   RO         3897    i.BME280_SoftReset  bme280.o
    0x0800065c   0x0800065c   0x00000020   Code   RO         3898    i.BME280_WriteReg   bme280.o
    0x0800067c   0x0800067c   0x00000002   Code   RO          395    i.BusFault_Handler  stm32f1xx_it.o
    0x0800067e   0x0800067e   0x00000002   PAD
    0x08000680   0x08000680   0x00000024   Code   RO         3537    i.CPU_TS_TmrInit    core_delay.o
    0x080006a4   0x080006a4   0x0000000c   Code   RO         3538    i.CPU_TS_TmrRd      core_delay.o
    0x080006b0   0x080006b0   0x00000048   Code   RO         3539    i.CPU_TS_Tmr_Delay_US  core_delay.o
    0x080006f8   0x080006f8   0x0000003c   Code   RO         3851    i.DIP_Switch_Init   dip_switch.o
    0x08000734   0x08000734   0x0000005a   Code   RO         3573    i.DS18B20_Answer_Check  bsp_ds18b20.o
    0x0800078e   0x0800078e   0x00000034   Code   RO         3574    i.DS18B20_Crc       bsp_ds18b20.o
    0x080007c2   0x080007c2   0x00000028   Code   RO         3575    i.DS18B20_GPIO_Config  bsp_ds18b20.o
    0x080007ea   0x080007ea   0x00000022   Code   RO         3576    i.DS18B20_Init      bsp_ds18b20.o
    0x0800080c   0x0800080c   0x00000014   Code   RO         3577    i.DS18B20_Mode_IPU  bsp_ds18b20.o
    0x08000820   0x08000820   0x00000018   Code   RO         3578    i.DS18B20_Mode_Out  bsp_ds18b20.o
    0x08000838   0x08000838   0x00000018   Code   RO         3579    i.DS18B20_Mode_Out_PP  bsp_ds18b20.o
    0x08000850   0x08000850   0x00000062   Code   RO         3580    i.DS18B20_Read_2Bit  bsp_ds18b20.o
    0x080008b2   0x080008b2   0x0000004e   Code   RO         3581    i.DS18B20_Read_Bit  bsp_ds18b20.o
    0x08000900   0x08000900   0x00000028   Code   RO         3582    i.DS18B20_Read_Byte  bsp_ds18b20.o
    0x08000928   0x08000928   0x00000034   Code   RO         3584    i.DS18B20_Rst       bsp_ds18b20.o
    0x0800095c   0x0800095c   0x00000128   Code   RO         3585    i.DS18B20_Search_Rom  bsp_ds18b20.o
    0x08000a84   0x08000a84   0x0000005a   Code   RO         3587    i.DS18B20_Write_Bit  bsp_ds18b20.o
    0x08000ade   0x08000ade   0x00000026   Code   RO         3588    i.DS18B20_Write_Byte  bsp_ds18b20.o
    0x08000b04   0x08000b04   0x00000002   Code   RO          396    i.DebugMon_Handler  stm32f1xx_it.o
    0x08000b06   0x08000b06   0x00000004   Code   RO           13    i.Error_Handler     main.o
    0x08000b0a   0x08000b0a   0x00000002   PAD
    0x08000b0c   0x08000b0c   0x000000f0   Code   RO         3589    i.GXHT3W_Read_TempHum  bsp_ds18b20.o
    0x08000bfc   0x08000bfc   0x00000046   Code   RO         1412    i.HAL_DMA_Abort     stm32f1xx_hal_dma.o
    0x08000c42   0x08000c42   0x00000002   PAD
    0x08000c44   0x08000c44   0x00000098   Code   RO         1413    i.HAL_DMA_Abort_IT  stm32f1xx_hal_dma.o
    0x08000cdc   0x08000cdc   0x00000024   Code   RO         1033    i.HAL_Delay         stm32f1xx_hal.o
    0x08000d00   0x08000d00   0x000001f0   Code   RO         1348    i.HAL_GPIO_Init     stm32f1xx_hal_gpio.o
    0x08000ef0   0x08000ef0   0x0000000e   Code   RO         1350    i.HAL_GPIO_ReadPin  stm32f1xx_hal_gpio.o
    0x08000efe   0x08000efe   0x00000010   Code   RO         1351    i.HAL_GPIO_TogglePin  stm32f1xx_hal_gpio.o
    0x08000f0e   0x08000f0e   0x0000000e   Code   RO         1352    i.HAL_GPIO_WritePin  stm32f1xx_hal_gpio.o
    0x08000f1c   0x08000f1c   0x0000000c   Code   RO         1037    i.HAL_GetTick       stm32f1xx_hal.o
    0x08000f28   0x08000f28   0x00000198   Code   RO          560    i.HAL_I2C_Init      stm32f1xx_hal_i2c.o
    0x080010c0   0x080010c0   0x000002d8   Code   RO          578    i.HAL_I2C_Mem_Read  stm32f1xx_hal_i2c.o
    0x08001398   0x08001398   0x00000144   Code   RO          581    i.HAL_I2C_Mem_Write  stm32f1xx_hal_i2c.o
    0x080014dc   0x080014dc   0x00000060   Code   RO          246    i.HAL_I2C_MspInit   i2c.o
    0x0800153c   0x0800153c   0x00000010   Code   RO         1043    i.HAL_IncTick       stm32f1xx_hal.o
    0x0800154c   0x0800154c   0x00000024   Code   RO         1044    i.HAL_Init          stm32f1xx_hal.o
    0x08001570   0x08001570   0x00000044   Code   RO         1045    i.HAL_InitTick      stm32f1xx_hal.o
    0x080015b4   0x080015b4   0x0000003c   Code   RO          489    i.HAL_MspInit       stm32f1xx_hal_msp.o
    0x080015f0   0x080015f0   0x0000001a   Code   RO         1508    i.HAL_NVIC_EnableIRQ  stm32f1xx_hal_cortex.o
    0x0800160a   0x0800160a   0x00000002   PAD
    0x0800160c   0x0800160c   0x00000040   Code   RO         1514    i.HAL_NVIC_SetPriority  stm32f1xx_hal_cortex.o
    0x0800164c   0x0800164c   0x00000024   Code   RO         1515    i.HAL_NVIC_SetPriorityGrouping  stm32f1xx_hal_cortex.o
    0x08001670   0x08001670   0x00000154   Code   RO         1201    i.HAL_RCC_ClockConfig  stm32f1xx_hal_rcc.o
    0x080017c4   0x080017c4   0x0000000c   Code   RO         1206    i.HAL_RCC_GetHCLKFreq  stm32f1xx_hal_rcc.o
    0x080017d0   0x080017d0   0x00000020   Code   RO         1208    i.HAL_RCC_GetPCLK1Freq  stm32f1xx_hal_rcc.o
    0x080017f0   0x080017f0   0x00000020   Code   RO         1209    i.HAL_RCC_GetPCLK2Freq  stm32f1xx_hal_rcc.o
    0x08001810   0x08001810   0x0000004c   Code   RO         1210    i.HAL_RCC_GetSysClockFreq  stm32f1xx_hal_rcc.o
    0x0800185c   0x0800185c   0x00000384   Code   RO         1213    i.HAL_RCC_OscConfig  stm32f1xx_hal_rcc.o
    0x08001be0   0x08001be0   0x00000028   Code   RO         1519    i.HAL_SYSTICK_Config  stm32f1xx_hal_cortex.o
    0x08001c08   0x08001c08   0x00000002   Code   RO         2746    i.HAL_TIMEx_BreakCallback  stm32f1xx_hal_tim_ex.o
    0x08001c0a   0x08001c0a   0x00000002   Code   RO         2747    i.HAL_TIMEx_CommutCallback  stm32f1xx_hal_tim_ex.o
    0x08001c0c   0x08001c0c   0x00000068   Code   RO         2765    i.HAL_TIMEx_MasterConfigSynchronization  stm32f1xx_hal_tim_ex.o
    0x08001c74   0x08001c74   0x0000004a   Code   RO         2031    i.HAL_TIM_Base_Init  stm32f1xx_hal_tim.o
    0x08001cbe   0x08001cbe   0x00000002   PAD
    0x08001cc0   0x08001cc0   0x00000064   Code   RO          288    i.HAL_TIM_Base_MspInit  tim.o
    0x08001d24   0x08001d24   0x00000064   Code   RO         2036    i.HAL_TIM_Base_Start_IT  stm32f1xx_hal_tim.o
    0x08001d88   0x08001d88   0x000000e8   Code   RO         2040    i.HAL_TIM_ConfigClockSource  stm32f1xx_hal_tim.o
    0x08001e70   0x08001e70   0x00000002   Code   RO         2065    i.HAL_TIM_IC_CaptureCallback  stm32f1xx_hal_tim.o
    0x08001e72   0x08001e72   0x0000016e   Code   RO         2079    i.HAL_TIM_IRQHandler  stm32f1xx_hal_tim.o
    0x08001fe0   0x08001fe0   0x00000002   Code   RO         2082    i.HAL_TIM_OC_DelayElapsedCallback  stm32f1xx_hal_tim.o
    0x08001fe2   0x08001fe2   0x00000002   Code   RO         2109    i.HAL_TIM_PWM_PulseFinishedCallback  stm32f1xx_hal_tim.o
    0x08001fe4   0x08001fe4   0x0000001c   Code   RO         3424    i.HAL_TIM_PeriodElapsedCallback  interrupt.o
    0x08002000   0x08002000   0x00000002   Code   RO         2122    i.HAL_TIM_TriggerCallback  stm32f1xx_hal_tim.o
    0x08002002   0x08002002   0x00000002   Code   RO         3025    i.HAL_UARTEx_RxEventCallback  stm32f1xx_hal_uart.o
    0x08002004   0x08002004   0x00000002   Code   RO         3039    i.HAL_UART_ErrorCallback  stm32f1xx_hal_uart.o
    0x08002006   0x08002006   0x00000002   PAD
    0x08002008   0x08002008   0x00000230   Code   RO         3042    i.HAL_UART_IRQHandler  stm32f1xx_hal_uart.o
    0x08002238   0x08002238   0x00000066   Code   RO         3043    i.HAL_UART_Init     stm32f1xx_hal_uart.o
    0x0800229e   0x0800229e   0x00000002   PAD
    0x080022a0   0x080022a0   0x000000cc   Code   RO          336    i.HAL_UART_MspInit  usart.o
    0x0800236c   0x0800236c   0x0000001c   Code   RO         3048    i.HAL_UART_Receive_IT  stm32f1xx_hal_uart.o
    0x08002388   0x08002388   0x0000004c   Code   RO         3425    i.HAL_UART_RxCpltCallback  interrupt.o
    0x080023d4   0x080023d4   0x000000a4   Code   RO         3051    i.HAL_UART_Transmit  stm32f1xx_hal_uart.o
    0x08002478   0x08002478   0x00000002   Code   RO         3054    i.HAL_UART_TxCpltCallback  stm32f1xx_hal_uart.o
    0x0800247a   0x0800247a   0x00000002   Code   RO          397    i.HardFault_Handler  stm32f1xx_it.o
    0x0800247c   0x0800247c   0x0000002e   Code   RO          604    i.I2C_IsAcknowledgeFailed  stm32f1xx_hal_i2c.o
    0x080024aa   0x080024aa   0x00000002   PAD
    0x080024ac   0x080024ac   0x00000140   Code   RO          615    i.I2C_RequestMemoryRead  stm32f1xx_hal_i2c.o
    0x080025ec   0x080025ec   0x000000c4   Code   RO          616    i.I2C_RequestMemoryWrite  stm32f1xx_hal_i2c.o
    0x080026b0   0x080026b0   0x00000058   Code   RO          624    i.I2C_WaitOnBTFFlagUntilTimeout  stm32f1xx_hal_i2c.o
    0x08002708   0x08002708   0x000000ac   Code   RO          625    i.I2C_WaitOnFlagUntilTimeout  stm32f1xx_hal_i2c.o
    0x080027b4   0x080027b4   0x000000c8   Code   RO          626    i.I2C_WaitOnMasterAddressFlagUntilTimeout  stm32f1xx_hal_i2c.o
    0x0800287c   0x0800287c   0x00000076   Code   RO          627    i.I2C_WaitOnRXNEFlagUntilTimeout  stm32f1xx_hal_i2c.o
    0x080028f2   0x080028f2   0x00000058   Code   RO          630    i.I2C_WaitOnTXEFlagUntilTimeout  stm32f1xx_hal_i2c.o
    0x0800294a   0x0800294a   0x00000002   PAD
    0x0800294c   0x0800294c   0x00000034   Code   RO         3706    i.LORA_Clear        lora.o
    0x08002980   0x08002980   0x00000294   Code   RO         3707    i.LORA_Init         lora.o
    0x08002c14   0x08002c14   0x000000ac   Code   RO         3708    i.LORA_SendCmd      lora.o
    0x08002cc0   0x08002cc0   0x00000030   Code   RO         3710    i.LORA_WaitRecive   lora.o
    0x08002cf0   0x08002cf0   0x00000034   Code   RO         3712    i.LoraProtocolCrc16  lora.o
    0x08002d24   0x08002d24   0x00000084   Code   RO         3713    i.LoraProtocolFeedByte  lora.o
    0x08002da8   0x08002da8   0x0000001c   Code   RO         3714    i.LoraProtocolResetReceiver  lora.o
    0x08002dc4   0x08002dc4   0x00000088   Code   RO         3715    i.LoraProtocolSendFrame  lora.o
    0x08002e4c   0x08002e4c   0x0000008c   Code   RO         3716    i.LoraProtocolTakeFrame  lora.o
    0x08002ed8   0x08002ed8   0x0000002c   Code   RO         3717    i.LoraSlavePrepareTemperatureCache  lora.o
    0x08002f04   0x08002f04   0x000000cc   Code   RO         3718    i.LoraSlaveProcess  lora.o
    0x08002fd0   0x08002fd0   0x00000028   Code   RO         3719    i.LoraSlaveUpdateTemperatureCache  lora.o
    0x08002ff8   0x08002ff8   0x000000ac   Code   RO          221    i.MX_GPIO_Init      gpio.o
    0x080030a4   0x080030a4   0x00000040   Code   RO          247    i.MX_I2C2_Init      i2c.o
    0x080030e4   0x080030e4   0x00000068   Code   RO          289    i.MX_TIM2_Init      tim.o
    0x0800314c   0x0800314c   0x00000068   Code   RO          290    i.MX_TIM4_Init      tim.o
    0x080031b4   0x080031b4   0x00000038   Code   RO          337    i.MX_USART1_UART_Init  usart.o
    0x080031ec   0x080031ec   0x00000038   Code   RO          338    i.MX_USART2_UART_Init  usart.o
    0x08003224   0x08003224   0x00000002   Code   RO          398    i.MemManage_Handler  stm32f1xx_it.o
    0x08003226   0x08003226   0x00000002   Code   RO          399    i.NMI_Handler       stm32f1xx_it.o
    0x08003228   0x08003228   0x00000002   Code   RO          400    i.PendSV_Handler    stm32f1xx_it.o
    0x0800322a   0x0800322a   0x00000002   PAD
    0x0800322c   0x0800322c   0x00000024   Code   RO         1214    i.RCC_Delay         stm32f1xx_hal_rcc.o
    0x08003250   0x08003250   0x00000002   Code   RO          401    i.SVC_Handler       stm32f1xx_it.o
    0x08003252   0x08003252   0x00000002   PAD
    0x08003254   0x08003254   0x00000030   Code   RO           14    i.SensorTemperatureToTenths  main.o
    0x08003284   0x08003284   0x00000088   Code   RO           15    i.Sensor_Convert_All  main.o
    0x0800330c   0x0800330c   0x000000e4   Code   RO         3426    i.Sensor_Detect     interrupt.o
    0x080033f0   0x080033f0   0x000000d0   Code   RO           16    i.Sensor_UpdateTemperatureCache  main.o
    0x080034c0   0x080034c0   0x00000004   Code   RO          402    i.SysTick_Handler   stm32f1xx_it.o
    0x080034c4   0x080034c4   0x0000005e   Code   RO           17    i.SystemClock_Config  main.o
    0x08003522   0x08003522   0x00000002   Code   RO         3387    i.SystemInit        system_stm32f1xx.o
    0x08003524   0x08003524   0x0000000c   Code   RO          403    i.TIM2_IRQHandler   stm32f1xx_it.o
    0x08003530   0x08003530   0x0000000c   Code   RO          404    i.TIM4_IRQHandler   stm32f1xx_it.o
    0x0800353c   0x0800353c   0x0000006c   Code   RO         2124    i.TIM_Base_SetConfig  stm32f1xx_hal_tim.o
    0x080035a8   0x080035a8   0x00000014   Code   RO         2135    i.TIM_ETR_SetConfig  stm32f1xx_hal_tim.o
    0x080035bc   0x080035bc   0x00000010   Code   RO         2136    i.TIM_ITRx_SetConfig  stm32f1xx_hal_tim.o
    0x080035cc   0x080035cc   0x00000022   Code   RO         2142    i.TIM_TI1_ConfigInputStage  stm32f1xx_hal_tim.o
    0x080035ee   0x080035ee   0x00000024   Code   RO         2144    i.TIM_TI2_ConfigInputStage  stm32f1xx_hal_tim.o
    0x08003612   0x08003612   0x00000010   Code   RO         3056    i.UART_DMAAbortOnError  stm32f1xx_hal_uart.o
    0x08003622   0x08003622   0x0000004e   Code   RO         3066    i.UART_EndRxTransfer  stm32f1xx_hal_uart.o
    0x08003670   0x08003670   0x0000001a   Code   RO         3067    i.UART_EndTransmit_IT  stm32f1xx_hal_uart.o
    0x0800368a   0x0800368a   0x000000c8   Code   RO         3069    i.UART_Receive_IT   stm32f1xx_hal_uart.o
    0x08003752   0x08003752   0x00000002   PAD
    0x08003754   0x08003754   0x000000b8   Code   RO         3070    i.UART_SetConfig    stm32f1xx_hal_uart.o
    0x0800380c   0x0800380c   0x00000038   Code   RO         3072    i.UART_Start_Receive_IT  stm32f1xx_hal_uart.o
    0x08003844   0x08003844   0x0000005e   Code   RO         3073    i.UART_Transmit_IT  stm32f1xx_hal_uart.o
    0x080038a2   0x080038a2   0x00000074   Code   RO         3074    i.UART_WaitOnFlagUntilTimeout  stm32f1xx_hal_uart.o
    0x08003916   0x08003916   0x00000002   PAD
    0x08003918   0x08003918   0x0000000c   Code   RO          405    i.USART2_IRQHandler  stm32f1xx_it.o
    0x08003924   0x08003924   0x00000002   Code   RO          406    i.UsageFault_Handler  stm32f1xx_it.o
    0x08003926   0x08003926   0x0000002e   Code   RO          339    i.Usart_SendString  usart.o
    0x08003954   0x08003954   0x00000020   Code   RO         4187    i.__0printf$8       mc_w.l(printf8.o)
    0x08003974   0x08003974   0x00000020   Code   RO         1521    i.__NVIC_SetPriority  stm32f1xx_hal_cortex.o
    0x08003994   0x08003994   0x0000000e   Code   RO         4299    i.__scatterload_copy  mc_w.l(handlers.o)
    0x080039a2   0x080039a2   0x00000002   Code   RO         4300    i.__scatterload_null  mc_w.l(handlers.o)
    0x080039a4   0x080039a4   0x0000000e   Code   RO         4301    i.__scatterload_zeroinit  mc_w.l(handlers.o)
    0x080039b2   0x080039b2   0x00000002   PAD
    0x080039b4   0x080039b4   0x00000404   Code   RO         4194    i._printf_core      mc_w.l(printf8.o)
    0x08003db8   0x08003db8   0x00000024   Code   RO         4195    i._printf_post_padding  mc_w.l(printf8.o)
    0x08003ddc   0x08003ddc   0x0000002e   Code   RO         4196    i._printf_pre_padding  mc_w.l(printf8.o)
    0x08003e0a   0x08003e0a   0x00000002   PAD
    0x08003e0c   0x08003e0c   0x00000018   Code   RO          340    i.fputc             usart.o
    0x08003e24   0x08003e24   0x00000024   Code   RO           18    i.is_ghost_id       main.o
    0x08003e48   0x08003e48   0x000001e4   Code   RO           19    i.main              main.o
    0x0800402c   0x0800402c   0x00000012   Data   RO         1215    .constdata          stm32f1xx_hal_rcc.o
    0x0800403e   0x0800403e   0x00000010   Data   RO         3388    .constdata          system_stm32f1xx.o
    0x0800404e   0x0800404e   0x00000008   Data   RO         3389    .constdata          system_stm32f1xx.o
    0x08004056   0x08004056   0x00000002   PAD
    0x08004058   0x08004058   0x00000020   Data   RO         4297    Region$$Table       anon$$obj.o


    Execution Region RW_IRAM1 (Exec base: 0x20000000, Load base: 0x08004078, Size: 0x00000908, Max: 0x00005000, ABSOLUTE)

    Exec Addr    Load Addr    Size         Type   Attr      Idx    E Section Name        Object

    0x20000000   0x08004078   0x0000002c   Data   RW           22    .data               main.o
    0x2000002c   0x080040a4   0x0000000c   Data   RW         1051    .data               stm32f1xx_hal.o
    0x20000038   0x080040b0   0x00000004   Data   RW         3390    .data               system_stm32f1xx.o
    0x2000003c   0x080040b4   0x00000004   Data   RW         3428    .data               interrupt.o
    0x20000040   0x080040b8   0x00000006   Data   RW         3592    .data               bsp_ds18b20.o
    0x20000046   0x080040be   0x00000002   PAD
    0x20000048   0x080040c0   0x00000018   Data   RW         3721    .data               lora.o
    0x20000060   0x080040d8   0x00000004   Data   RW         4271    .data               mc_w.l(stdout.o)
    0x20000064        -       0x0000002c   Zero   RW           21    .bss                main.o
    0x20000090        -       0x00000054   Zero   RW          248    .bss                i2c.o
    0x200000e4        -       0x00000090   Zero   RW          291    .bss                tim.o
    0x20000174        -       0x00000090   Zero   RW          341    .bss                usart.o
    0x20000204        -       0x00000080   Zero   RW         3427    .bss                interrupt.o
    0x20000284        -       0x00000180   Zero   RW         3591    .bss                bsp_ds18b20.o
    0x20000404        -       0x000000fe   Zero   RW         3720    .bss                lora.o
    0x20000502   0x080040dc   0x00000006   PAD
    0x20000508        -       0x00000400   Zero   RW            1    STACK               startup_stm32f103xb.o


==============================================================================

Image component sizes


      Code (inc. data)   RO Data    RW Data    ZI Data      Debug   Object Name

       474          0          0          0          0       5905   bme280.o
      1216         34          0          6        384      10814   bsp_ds18b20.o
       120         26          0          0          0       1442   core_delay.o
        60          8          0          0          0        926   dip_switch.o
       172         12          0          0          0        919   gpio.o
       160         28          0          0         84       1601   i2c.o
       332         34          0          4        128       4422   interrupt.o
      1708        378          0         24        254      12517   lora.o
      1010        174          0         44         44     444022   main.o
        36          8        236          0       1024        792   startup_stm32f103xb.o
       168         28          0         12          0       5841   stm32f1xx_hal.o
       198         14          0          0          0      29003   stm32f1xx_hal_cortex.o
       222          4          0          0          0       1719   stm32f1xx_hal_dma.o
       540         32          0          0          0       4040   stm32f1xx_hal_gpio.o
      2688         52          0          0          0      12370   stm32f1xx_hal_i2c.o
        60          8          0          0          0        878   stm32f1xx_hal_msp.o
      1428         90         18          0          0       6536   stm32f1xx_hal_rcc.o
       994         28          0          0          0       9363   stm32f1xx_hal_tim.o
       108         14          0          0          0       2421   stm32f1xx_hal_tim_ex.o
      1630         12          0          0          0      11964   stm32f1xx_hal_uart.o
        56         18          0          0          0       5066   stm32f1xx_it.o
         2          0         24          4          0       1095   system_stm32f1xx.o
       308         22          0          0        144       2335   tim.o
       386         38          0          0        144       3566   usart.o

    ----------------------------------------------------------------------
     14102       1062        312         96       2212     579557   Object Totals
         0          0         32          0          0          0   (incl. Generated)
        26          0          2          2          6          0   (incl. Padding)

    ----------------------------------------------------------------------

      Code (inc. data)   RO Data    RW Data    ZI Data      Debug   Library Member Name

         0          0          0          0          0          0   entry.o
         0          0          0          0          0          0   entry10a.o
         0          0          0          0          0          0   entry11a.o
         4          0          0          0          0          0   entry12b.o
         8          4          0          0          0          0   entry2.o
         4          0          0          0          0          0   entry5.o
         0          0          0          0          0          0   entry7b.o
         0          0          0          0          0          0   entry8b.o
         8          4          0          0          0          0   entry9a.o
        30          0          0          0          0          0   handlers.o
        36          8          0          0          0         68   init.o
         0          0          0          0          0          0   iusefp.o
        30          0          0          0          0         68   llshl.o
        32          0          0          0          0         68   llushr.o
        36          0          0          0          0         68   memcpya.o
        36          0          0          0          0        108   memseta.o
      1142         54          0          0          0        352   printf8.o
         0          0          0          4          0          0   stdout.o
        14          0          0          0          0         68   strlen.o
        36          0          0          0          0         80   strstr.o
        98          0          0          0          0         92   uldiv.o
       176          0          0          0          0        140   fadd.o
       124          0          0          0          0         88   fdiv.o
       110          0          0          0          0        168   fepilogue.o
        50          0          0          0          0         68   ffixi.o
        10          0          0          0          0         68   ffltui.o
       100          0          0          0          0         76   fmul.o

    ----------------------------------------------------------------------
      2090         70          0          4          0       1580   Library Totals
         6          0          0          0          0          0   (incl. Padding)

    ----------------------------------------------------------------------

      Code (inc. data)   RO Data    RW Data    ZI Data      Debug   Library Name

      1514         70          0          4          0        972   mc_w.l
       570          0          0          0          0        608   mf_w.l

    ----------------------------------------------------------------------
      2090         70          0          4          0       1580   Library Totals

    ----------------------------------------------------------------------

==============================================================================


      Code (inc. data)   RO Data    RW Data    ZI Data      Debug   

     16192       1132        312        100       2212     573749   Grand Totals
     16192       1132        312        100       2212     573749   ELF Image Totals
     16192       1132        312        100          0          0   ROM Totals

==============================================================================

    Total RO  Size (Code + RO Data)                16504 (  16.12kB)
    Total RW  Size (RW Data + ZI Data)              2312 (   2.26kB)
    Total ROM Size (Code + RO Data + RW Data)      16604 (  16.21kB)

==============================================================================

